

================================================================
== Vivado HLS Report for 'compute_layer_0_0_0_1'
================================================================
* Date:           Tue Dec 19 09:24:12 2017

* Version:        2016.4 (Build 1756540 on Mon Jan 23 19:31:01 MST 2017)
* Project:        myproject_prj
* Solution:       solution1
* Product family: virtex7
* Target device:  xc7vx690tffg1927-2


================================================================
== Performance Estimates
================================================================
+ Timing (ns): 
    * Summary: 
    +--------+-------+----------+------------+
    |  Clock | Target| Estimated| Uncertainty|
    +--------+-------+----------+------------+
    |ap_clk  |   5.00|      4.33|        0.62|
    +--------+-------+----------+------------+

+ Latency (clock cycles): 
    * Summary: 
    +-----+-----+-----+-----+----------+
    |  Latency  |  Interval | Pipeline |
    | min | max | min | max |   Type   |
    +-----+-----+-----+-----+----------+
    |    3|    3|    1|    1| function |
    +-----+-----+-----+-----+----------+

    + Detail: 
        * Instance: 
        N/A

        * Loop: 
        N/A



================================================================
== Utilization Estimates
================================================================
* Summary: 
+-----------------+---------+-------+--------+--------+
|       Name      | BRAM_18K| DSP48E|   FF   |   LUT  |
+-----------------+---------+-------+--------+--------+
|DSP              |        -|      -|       -|       -|
|Expression       |        -|      -|       0|    2386|
|FIFO             |        -|      -|       -|       -|
|Instance         |        -|    140|       0|       0|
|Memory           |        -|      -|       -|       -|
|Multiplexer      |        -|      -|       -|       -|
|Register         |        -|      -|    2893|     130|
+-----------------+---------+-------+--------+--------+
|Total            |        0|    140|    2893|    2516|
+-----------------+---------+-------+--------+--------+
|Available        |     2940|   3600|  866400|  433200|
+-----------------+---------+-------+--------+--------+
|Utilization (%)  |        0|      3|   ~0   |   ~0   |
+-----------------+---------+-------+--------+--------+

+ Detail: 
    * Instance: 
    +---------------------------+----------------------+---------+-------+---+----+
    |          Instance         |        Module        | BRAM_18K| DSP48E| FF| LUT|
    +---------------------------+----------------------+---------+-------+---+----+
    |myproject_mul_18sbkb_U1    |myproject_mul_18sbkb  |        0|      1|  0|   0|
    |myproject_mul_18sbkb_U18   |myproject_mul_18sbkb  |        0|      1|  0|   0|
    |myproject_mul_18sbkb_U33   |myproject_mul_18sbkb  |        0|      1|  0|   0|
    |myproject_mul_18sbkb_U44   |myproject_mul_18sbkb  |        0|      1|  0|   0|
    |myproject_mul_18sbkb_U70   |myproject_mul_18sbkb  |        0|      1|  0|   0|
    |myproject_mul_18sbkb_U93   |myproject_mul_18sbkb  |        0|      1|  0|   0|
    |myproject_mul_18sbkb_U106  |myproject_mul_18sbkb  |        0|      1|  0|   0|
    |myproject_mul_18sbkb_U109  |myproject_mul_18sbkb  |        0|      1|  0|   0|
    |myproject_mul_18sbkb_U118  |myproject_mul_18sbkb  |        0|      1|  0|   0|
    |myproject_mul_18sbkb_U129  |myproject_mul_18sbkb  |        0|      1|  0|   0|
    |myproject_mul_18sbkb_U131  |myproject_mul_18sbkb  |        0|      1|  0|   0|
    |myproject_mul_18sbkb_U132  |myproject_mul_18sbkb  |        0|      1|  0|   0|
    |myproject_mul_18scud_U2    |myproject_mul_18scud  |        0|      1|  0|   0|
    |myproject_mul_18scud_U54   |myproject_mul_18scud  |        0|      1|  0|   0|
    |myproject_mul_18scud_U58   |myproject_mul_18scud  |        0|      1|  0|   0|
    |myproject_mul_18scud_U86   |myproject_mul_18scud  |        0|      1|  0|   0|
    |myproject_mul_18scud_U90   |myproject_mul_18scud  |        0|      1|  0|   0|
    |myproject_mul_18scud_U100  |myproject_mul_18scud  |        0|      1|  0|   0|
    |myproject_mul_18scud_U102  |myproject_mul_18scud  |        0|      1|  0|   0|
    |myproject_mul_18scud_U130  |myproject_mul_18scud  |        0|      1|  0|   0|
    |myproject_mul_18scud_U134  |myproject_mul_18scud  |        0|      1|  0|   0|
    |myproject_mul_18scud_U140  |myproject_mul_18scud  |        0|      1|  0|   0|
    |myproject_mul_18sdEe_U3    |myproject_mul_18sdEe  |        0|      1|  0|   0|
    |myproject_mul_18sdEe_U6    |myproject_mul_18sdEe  |        0|      1|  0|   0|
    |myproject_mul_18sdEe_U17   |myproject_mul_18sdEe  |        0|      1|  0|   0|
    |myproject_mul_18sdEe_U21   |myproject_mul_18sdEe  |        0|      1|  0|   0|
    |myproject_mul_18sdEe_U25   |myproject_mul_18sdEe  |        0|      1|  0|   0|
    |myproject_mul_18sdEe_U40   |myproject_mul_18sdEe  |        0|      1|  0|   0|
    |myproject_mul_18sdEe_U73   |myproject_mul_18sdEe  |        0|      1|  0|   0|
    |myproject_mul_18sdEe_U78   |myproject_mul_18sdEe  |        0|      1|  0|   0|
    |myproject_mul_18sdEe_U88   |myproject_mul_18sdEe  |        0|      1|  0|   0|
    |myproject_mul_18sdEe_U95   |myproject_mul_18sdEe  |        0|      1|  0|   0|
    |myproject_mul_18sdEe_U101  |myproject_mul_18sdEe  |        0|      1|  0|   0|
    |myproject_mul_18sdEe_U111  |myproject_mul_18sdEe  |        0|      1|  0|   0|
    |myproject_mul_18sdEe_U113  |myproject_mul_18sdEe  |        0|      1|  0|   0|
    |myproject_mul_18sdEe_U120  |myproject_mul_18sdEe  |        0|      1|  0|   0|
    |myproject_mul_18sdEe_U124  |myproject_mul_18sdEe  |        0|      1|  0|   0|
    |myproject_mul_18sdEe_U128  |myproject_mul_18sdEe  |        0|      1|  0|   0|
    |myproject_mul_18sdEe_U139  |myproject_mul_18sdEe  |        0|      1|  0|   0|
    |myproject_mul_18seOg_U4    |myproject_mul_18seOg  |        0|      1|  0|   0|
    |myproject_mul_18seOg_U8    |myproject_mul_18seOg  |        0|      1|  0|   0|
    |myproject_mul_18seOg_U9    |myproject_mul_18seOg  |        0|      1|  0|   0|
    |myproject_mul_18seOg_U11   |myproject_mul_18seOg  |        0|      1|  0|   0|
    |myproject_mul_18seOg_U13   |myproject_mul_18seOg  |        0|      1|  0|   0|
    |myproject_mul_18seOg_U14   |myproject_mul_18seOg  |        0|      1|  0|   0|
    |myproject_mul_18seOg_U19   |myproject_mul_18seOg  |        0|      1|  0|   0|
    |myproject_mul_18seOg_U22   |myproject_mul_18seOg  |        0|      1|  0|   0|
    |myproject_mul_18seOg_U23   |myproject_mul_18seOg  |        0|      1|  0|   0|
    |myproject_mul_18seOg_U27   |myproject_mul_18seOg  |        0|      1|  0|   0|
    |myproject_mul_18seOg_U29   |myproject_mul_18seOg  |        0|      1|  0|   0|
    |myproject_mul_18seOg_U30   |myproject_mul_18seOg  |        0|      1|  0|   0|
    |myproject_mul_18seOg_U34   |myproject_mul_18seOg  |        0|      1|  0|   0|
    |myproject_mul_18seOg_U36   |myproject_mul_18seOg  |        0|      1|  0|   0|
    |myproject_mul_18seOg_U45   |myproject_mul_18seOg  |        0|      1|  0|   0|
    |myproject_mul_18seOg_U48   |myproject_mul_18seOg  |        0|      1|  0|   0|
    |myproject_mul_18seOg_U50   |myproject_mul_18seOg  |        0|      1|  0|   0|
    |myproject_mul_18seOg_U52   |myproject_mul_18seOg  |        0|      1|  0|   0|
    |myproject_mul_18seOg_U53   |myproject_mul_18seOg  |        0|      1|  0|   0|
    |myproject_mul_18seOg_U60   |myproject_mul_18seOg  |        0|      1|  0|   0|
    |myproject_mul_18seOg_U69   |myproject_mul_18seOg  |        0|      1|  0|   0|
    |myproject_mul_18seOg_U72   |myproject_mul_18seOg  |        0|      1|  0|   0|
    |myproject_mul_18seOg_U74   |myproject_mul_18seOg  |        0|      1|  0|   0|
    |myproject_mul_18seOg_U75   |myproject_mul_18seOg  |        0|      1|  0|   0|
    |myproject_mul_18seOg_U76   |myproject_mul_18seOg  |        0|      1|  0|   0|
    |myproject_mul_18seOg_U77   |myproject_mul_18seOg  |        0|      1|  0|   0|
    |myproject_mul_18seOg_U79   |myproject_mul_18seOg  |        0|      1|  0|   0|
    |myproject_mul_18seOg_U80   |myproject_mul_18seOg  |        0|      1|  0|   0|
    |myproject_mul_18seOg_U83   |myproject_mul_18seOg  |        0|      1|  0|   0|
    |myproject_mul_18seOg_U84   |myproject_mul_18seOg  |        0|      1|  0|   0|
    |myproject_mul_18seOg_U87   |myproject_mul_18seOg  |        0|      1|  0|   0|
    |myproject_mul_18seOg_U89   |myproject_mul_18seOg  |        0|      1|  0|   0|
    |myproject_mul_18seOg_U92   |myproject_mul_18seOg  |        0|      1|  0|   0|
    |myproject_mul_18seOg_U94   |myproject_mul_18seOg  |        0|      1|  0|   0|
    |myproject_mul_18seOg_U97   |myproject_mul_18seOg  |        0|      1|  0|   0|
    |myproject_mul_18seOg_U104  |myproject_mul_18seOg  |        0|      1|  0|   0|
    |myproject_mul_18seOg_U105  |myproject_mul_18seOg  |        0|      1|  0|   0|
    |myproject_mul_18seOg_U107  |myproject_mul_18seOg  |        0|      1|  0|   0|
    |myproject_mul_18seOg_U108  |myproject_mul_18seOg  |        0|      1|  0|   0|
    |myproject_mul_18seOg_U110  |myproject_mul_18seOg  |        0|      1|  0|   0|
    |myproject_mul_18seOg_U117  |myproject_mul_18seOg  |        0|      1|  0|   0|
    |myproject_mul_18seOg_U123  |myproject_mul_18seOg  |        0|      1|  0|   0|
    |myproject_mul_18seOg_U127  |myproject_mul_18seOg  |        0|      1|  0|   0|
    |myproject_mul_18seOg_U136  |myproject_mul_18seOg  |        0|      1|  0|   0|
    |myproject_mul_18seOg_U138  |myproject_mul_18seOg  |        0|      1|  0|   0|
    |myproject_mul_18sfYi_U5    |myproject_mul_18sfYi  |        0|      1|  0|   0|
    |myproject_mul_18sfYi_U7    |myproject_mul_18sfYi  |        0|      1|  0|   0|
    |myproject_mul_18sfYi_U10   |myproject_mul_18sfYi  |        0|      1|  0|   0|
    |myproject_mul_18sfYi_U24   |myproject_mul_18sfYi  |        0|      1|  0|   0|
    |myproject_mul_18sfYi_U35   |myproject_mul_18sfYi  |        0|      1|  0|   0|
    |myproject_mul_18sfYi_U37   |myproject_mul_18sfYi  |        0|      1|  0|   0|
    |myproject_mul_18sfYi_U38   |myproject_mul_18sfYi  |        0|      1|  0|   0|
    |myproject_mul_18sfYi_U42   |myproject_mul_18sfYi  |        0|      1|  0|   0|
    |myproject_mul_18sfYi_U47   |myproject_mul_18sfYi  |        0|      1|  0|   0|
    |myproject_mul_18sfYi_U49   |myproject_mul_18sfYi  |        0|      1|  0|   0|
    |myproject_mul_18sfYi_U51   |myproject_mul_18sfYi  |        0|      1|  0|   0|
    |myproject_mul_18sfYi_U55   |myproject_mul_18sfYi  |        0|      1|  0|   0|
    |myproject_mul_18sfYi_U56   |myproject_mul_18sfYi  |        0|      1|  0|   0|
    |myproject_mul_18sfYi_U61   |myproject_mul_18sfYi  |        0|      1|  0|   0|
    |myproject_mul_18sfYi_U62   |myproject_mul_18sfYi  |        0|      1|  0|   0|
    |myproject_mul_18sfYi_U64   |myproject_mul_18sfYi  |        0|      1|  0|   0|
    |myproject_mul_18sfYi_U65   |myproject_mul_18sfYi  |        0|      1|  0|   0|
    |myproject_mul_18sfYi_U68   |myproject_mul_18sfYi  |        0|      1|  0|   0|
    |myproject_mul_18sfYi_U71   |myproject_mul_18sfYi  |        0|      1|  0|   0|
    |myproject_mul_18sfYi_U81   |myproject_mul_18sfYi  |        0|      1|  0|   0|
    |myproject_mul_18sfYi_U98   |myproject_mul_18sfYi  |        0|      1|  0|   0|
    |myproject_mul_18sfYi_U103  |myproject_mul_18sfYi  |        0|      1|  0|   0|
    |myproject_mul_18sfYi_U112  |myproject_mul_18sfYi  |        0|      1|  0|   0|
    |myproject_mul_18sfYi_U121  |myproject_mul_18sfYi  |        0|      1|  0|   0|
    |myproject_mul_18sfYi_U133  |myproject_mul_18sfYi  |        0|      1|  0|   0|
    |myproject_mul_18sfYi_U135  |myproject_mul_18sfYi  |        0|      1|  0|   0|
    |myproject_mul_18sg8j_U12   |myproject_mul_18sg8j  |        0|      1|  0|   0|
    |myproject_mul_18sg8j_U20   |myproject_mul_18sg8j  |        0|      1|  0|   0|
    |myproject_mul_18sg8j_U32   |myproject_mul_18sg8j  |        0|      1|  0|   0|
    |myproject_mul_18sg8j_U39   |myproject_mul_18sg8j  |        0|      1|  0|   0|
    |myproject_mul_18sg8j_U43   |myproject_mul_18sg8j  |        0|      1|  0|   0|
    |myproject_mul_18sg8j_U46   |myproject_mul_18sg8j  |        0|      1|  0|   0|
    |myproject_mul_18sg8j_U59   |myproject_mul_18sg8j  |        0|      1|  0|   0|
    |myproject_mul_18sg8j_U63   |myproject_mul_18sg8j  |        0|      1|  0|   0|
    |myproject_mul_18sg8j_U99   |myproject_mul_18sg8j  |        0|      1|  0|   0|
    |myproject_mul_18sg8j_U114  |myproject_mul_18sg8j  |        0|      1|  0|   0|
    |myproject_mul_18sg8j_U116  |myproject_mul_18sg8j  |        0|      1|  0|   0|
    |myproject_mul_18shbi_U15   |myproject_mul_18shbi  |        0|      1|  0|   0|
    |myproject_mul_18shbi_U31   |myproject_mul_18shbi  |        0|      1|  0|   0|
    |myproject_mul_18shbi_U85   |myproject_mul_18shbi  |        0|      1|  0|   0|
    |myproject_mul_18shbi_U96   |myproject_mul_18shbi  |        0|      1|  0|   0|
    |myproject_mul_18shbi_U115  |myproject_mul_18shbi  |        0|      1|  0|   0|
    |myproject_mul_18shbi_U125  |myproject_mul_18shbi  |        0|      1|  0|   0|
    |myproject_mul_18sibs_U16   |myproject_mul_18sibs  |        0|      1|  0|   0|
    |myproject_mul_18sibs_U28   |myproject_mul_18sibs  |        0|      1|  0|   0|
    |myproject_mul_18sibs_U66   |myproject_mul_18sibs  |        0|      1|  0|   0|
    |myproject_mul_18sibs_U82   |myproject_mul_18sibs  |        0|      1|  0|   0|
    |myproject_mul_18sibs_U119  |myproject_mul_18sibs  |        0|      1|  0|   0|
    |myproject_mul_18sibs_U122  |myproject_mul_18sibs  |        0|      1|  0|   0|
    |myproject_mul_18sibs_U126  |myproject_mul_18sibs  |        0|      1|  0|   0|
    |myproject_mul_18sibs_U137  |myproject_mul_18sibs  |        0|      1|  0|   0|
    |myproject_mul_18sjbC_U26   |myproject_mul_18sjbC  |        0|      1|  0|   0|
    |myproject_mul_18sjbC_U57   |myproject_mul_18sjbC  |        0|      1|  0|   0|
    |myproject_mul_18sjbC_U67   |myproject_mul_18sjbC  |        0|      1|  0|   0|
    |myproject_mul_18skbM_U41   |myproject_mul_18skbM  |        0|      1|  0|   0|
    |myproject_mul_18skbM_U91   |myproject_mul_18skbM  |        0|      1|  0|   0|
    +---------------------------+----------------------+---------+-------+---+----+
    |Total                      |                      |        0|    140|  0|   0|
    +---------------------------+----------------------+---------+-------+---+----+

    * DSP48: 
    N/A

    * Memory: 
    N/A

    * FIFO: 
    N/A

    * Expression: 
    +---------------------------------+----------+-------+---+----+------------+------------+
    |          Variable Name          | Operation| DSP48E| FF| LUT| Bitwidth P0| Bitwidth P1|
    +---------------------------------+----------+-------+---+----+------------+------------+
    |p_Val2_0_13_fu_96484_p2          |     +    |      0|  0|  27|          27|          27|
    |p_Val2_0_9_fu_96433_p2           |     +    |      0|  0|  22|          22|          22|
    |p_Val2_3_6_fu_95142_p2           |     +    |      0|  0|  25|          25|          25|
    |res_0_V_write_assig_fu_96711_p2  |     +    |      0|  0|   9|          18|          18|
    |res_10_V_write_assi_fu_96992_p2  |     +    |      0|  0|   9|          18|          18|
    |res_11_V_write_assi_fu_97025_p2  |     +    |      0|  0|   9|          18|          18|
    |res_12_V_write_assi_fu_97055_p2  |     +    |      0|  0|   9|          18|          18|
    |res_13_V_write_assi_fu_97091_p2  |     +    |      0|  0|   9|          18|          18|
    |res_14_V_write_assi_fu_97121_p2  |     +    |      0|  0|   9|          18|          18|
    |res_15_V_write_assi_fu_97142_p2  |     +    |      0|  0|   9|          18|          18|
    |res_16_V_write_assi_fu_97171_p2  |     +    |      0|  0|   9|          18|          18|
    |res_17_V_write_assi_fu_97198_p2  |     +    |      0|  0|   9|          18|          18|
    |res_18_V_write_assi_fu_97215_p2  |     +    |      0|  0|   9|          18|          18|
    |res_19_V_write_assi_fu_97232_p2  |     +    |      0|  0|   9|          18|          18|
    |res_1_V_write_assig_fu_96731_p2  |     +    |      0|  0|   9|          18|          18|
    |res_20_V_write_assi_fu_97266_p2  |     +    |      0|  0|   9|          18|          18|
    |res_21_V_write_assi_fu_97302_p2  |     +    |      0|  0|   9|          18|          18|
    |res_22_V_write_assi_fu_97327_p2  |     +    |      0|  0|   9|          18|          18|
    |res_23_V_write_assi_fu_97358_p2  |     +    |      0|  0|   9|          18|          18|
    |res_24_V_write_assi_fu_97387_p2  |     +    |      0|  0|   9|          18|          18|
    |res_25_V_write_assi_fu_97412_p2  |     +    |      0|  0|   9|          18|          18|
    |res_26_V_write_assi_fu_97428_p2  |     +    |      0|  0|  18|          18|          18|
    |res_27_V_write_assi_fu_97466_p2  |     +    |      0|  0|   9|          18|          18|
    |res_28_V_write_assi_fu_97503_p2  |     +    |      0|  0|   9|          18|          18|
    |res_29_V_write_assi_fu_97538_p2  |     +    |      0|  0|   9|          18|          18|
    |res_2_V_write_assig_fu_96762_p2  |     +    |      0|  0|   9|          18|          18|
    |res_30_V_write_assi_fu_97571_p2  |     +    |      0|  0|   9|          18|          18|
    |res_31_V_write_assi_fu_97599_p2  |     +    |      0|  0|   9|          18|          18|
    |res_3_V_write_assig_fu_96791_p2  |     +    |      0|  0|   9|          18|          18|
    |res_4_V_write_assig_fu_96822_p2  |     +    |      0|  0|   9|          18|          18|
    |res_5_V_write_assig_fu_96837_p2  |     +    |      0|  0|   9|          18|          18|
    |res_6_V_write_assig_fu_96865_p2  |     +    |      0|  0|   9|          18|          18|
    |res_7_V_write_assig_fu_96902_p2  |     +    |      0|  0|   9|          18|          18|
    |res_8_V_write_assig_fu_96938_p2  |     +    |      0|  0|   9|          18|          18|
    |res_9_V_write_assig_fu_96965_p2  |     +    |      0|  0|   9|          18|          18|
    |tmp100_fu_97187_p2               |     +    |      0|  0|  18|          18|           7|
    |tmp101_fu_97192_p2               |     +    |      0|  0|   9|          18|          18|
    |tmp102_fu_97204_p2               |     +    |      0|  0|  18|          18|          18|
    |tmp103_fu_97209_p2               |     +    |      0|  0|   9|          18|           8|
    |tmp104_fu_97221_p2               |     +    |      0|  0|  18|          18|          18|
    |tmp105_fu_97226_p2               |     +    |      0|  0|   9|          18|           7|
    |tmp106_fu_97238_p2               |     +    |      0|  0|   9|          18|          18|
    |tmp107_fu_97244_p2               |     +    |      0|  0|   9|          18|          18|
    |tmp108_fu_97250_p2               |     +    |      0|  0|  18|          18|          18|
    |tmp109_fu_97255_p2               |     +    |      0|  0|  18|          18|           8|
    |tmp110_fu_97260_p2               |     +    |      0|  0|   9|          18|          18|
    |tmp111_fu_96387_p2               |     +    |      0|  0|  17|          17|          17|
    |tmp112_fu_97275_p2               |     +    |      0|  0|  18|          18|          18|
    |tmp113_fu_97281_p2               |     +    |      0|  0|  18|          18|          18|
    |tmp114_fu_97286_p2               |     +    |      0|  0|  15|          15|           8|
    |tmp115_fu_97296_p2               |     +    |      0|  0|   9|          18|          18|
    |tmp116_fu_97308_p2               |     +    |      0|  0|  18|          18|          18|
    |tmp117_fu_97312_p2               |     +    |      0|  0|  12|          12|           8|
    |tmp118_fu_97322_p2               |     +    |      0|  0|   9|          18|          18|
    |tmp119_fu_97333_p2               |     +    |      0|  0|   9|          18|          18|
    |tmp120_fu_97338_p2               |     +    |      0|  0|   9|          18|          18|
    |tmp121_fu_97343_p2               |     +    |      0|  0|  18|          18|          18|
    |tmp122_fu_97347_p2               |     +    |      0|  0|  18|          18|           8|
    |tmp123_fu_97352_p2               |     +    |      0|  0|   9|          18|          18|
    |tmp124_fu_97364_p2               |     +    |      0|  0|   9|          18|          18|
    |tmp125_fu_97369_p2               |     +    |      0|  0|   9|          18|          18|
    |tmp126_fu_97375_p2               |     +    |      0|  0|  18|          18|           8|
    |tmp127_fu_97381_p2               |     +    |      0|  0|   9|          18|          18|
    |tmp128_fu_97393_p2               |     +    |      0|  0|   9|          18|          18|
    |tmp129_fu_97397_p2               |     +    |      0|  0|   9|          18|          18|
    |tmp130_fu_97402_p2               |     +    |      0|  0|  18|          18|           8|
    |tmp131_fu_97407_p2               |     +    |      0|  0|   9|          18|          18|
    |tmp132_fu_97418_p2               |     +    |      0|  0|  17|          17|           8|
    |tmp133_fu_97433_p2               |     +    |      0|  0|  18|          18|          18|
    |tmp134_fu_97438_p2               |     +    |      0|  0|   9|          18|          18|
    |tmp135_fu_97442_p2               |     +    |      0|  0|   9|          18|          18|
    |tmp136_fu_97448_p2               |     +    |      0|  0|  18|          18|          18|
    |tmp137_fu_96393_p2               |     +    |      0|  0|  16|          16|           8|
    |tmp138_fu_97455_p2               |     +    |      0|  0|  18|          18|          18|
    |tmp139_fu_97460_p2               |     +    |      0|  0|   9|          18|          18|
    |tmp140_fu_97472_p2               |     +    |      0|  0|   9|          18|          18|
    |tmp141_fu_96399_p2               |     +    |      0|  0|  17|          17|          17|
    |tmp142_fu_97481_p2               |     +    |      0|  0|   9|          18|          18|
    |tmp143_fu_97487_p2               |     +    |      0|  0|  18|          18|          18|
    |tmp144_fu_97492_p2               |     +    |      0|  0|  18|          18|           8|
    |tmp145_fu_97497_p2               |     +    |      0|  0|   9|          18|          18|
    |tmp146_fu_97509_p2               |     +    |      0|  0|   9|          18|          18|
    |tmp147_fu_97513_p2               |     +    |      0|  0|   9|          18|          18|
    |tmp148_fu_97518_p2               |     +    |      0|  0|  18|          18|          18|
    |tmp149_fu_97522_p2               |     +    |      0|  0|  17|          17|           7|
    |tmp150_fu_97532_p2               |     +    |      0|  0|   9|          18|          18|
    |tmp151_fu_97544_p2               |     +    |      0|  0|   9|          18|          18|
    |tmp152_fu_97549_p2               |     +    |      0|  0|   9|          18|          18|
    |tmp153_fu_97555_p2               |     +    |      0|  0|  12|          12|           8|
    |tmp154_fu_97565_p2               |     +    |      0|  0|   9|          18|          18|
    |tmp155_fu_97577_p2               |     +    |      0|  0|   9|          18|          18|
    |tmp156_fu_97581_p2               |     +    |      0|  0|   9|          18|          18|
    |tmp157_fu_97587_p2               |     +    |      0|  0|  18|          18|           8|
    |tmp158_fu_97593_p2               |     +    |      0|  0|   9|          18|          18|
    |tmp26_fu_96701_p2                |     +    |      0|  0|  18|          18|          18|
    |tmp27_fu_96706_p2                |     +    |      0|  0|   9|          18|           6|
    |tmp28_fu_96717_p2                |     +    |      0|  0|  18|          18|          18|
    |tmp29_fu_96721_p2                |     +    |      0|  0|  18|          18|           8|
    |tmp30_fu_96726_p2                |     +    |      0|  0|   9|          18|          18|
    |tmp31_fu_96737_p2                |     +    |      0|  0|   9|          18|          18|
    |tmp32_fu_96742_p2                |     +    |      0|  0|   9|          18|          18|
    |tmp33_fu_96747_p2                |     +    |      0|  0|  16|          16|           8|
    |tmp34_fu_96757_p2                |     +    |      0|  0|   9|          18|          18|
    |tmp35_fu_96768_p2                |     +    |      0|  0|   9|          18|          18|
    |tmp36_fu_96773_p2                |     +    |      0|  0|   9|          18|          18|
    |tmp37_fu_96779_p2                |     +    |      0|  0|  18|          18|           8|
    |tmp38_fu_96785_p2                |     +    |      0|  0|   9|          18|          18|
    |tmp39_fu_96797_p2                |     +    |      0|  0|   9|          18|          18|
    |tmp40_fu_96802_p2                |     +    |      0|  0|   9|          18|          18|
    |tmp41_fu_96807_p2                |     +    |      0|  0|  18|          18|          18|
    |tmp42_fu_96811_p2                |     +    |      0|  0|  18|          18|           8|
    |tmp43_fu_96816_p2                |     +    |      0|  0|   9|          18|          18|
    |tmp44_fu_96828_p2                |     +    |      0|  0|  18|          18|          18|
    |tmp45_fu_96832_p2                |     +    |      0|  0|   9|          18|           8|
    |tmp46_fu_96843_p2                |     +    |      0|  0|   9|          18|          18|
    |tmp47_fu_96848_p2                |     +    |      0|  0|   9|          18|          18|
    |tmp48_fu_96854_p2                |     +    |      0|  0|  18|          18|           8|
    |tmp49_fu_96860_p2                |     +    |      0|  0|   9|          18|          18|
    |tmp50_fu_96871_p2                |     +    |      0|  0|   9|          18|          18|
    |tmp51_fu_96876_p2                |     +    |      0|  0|   9|          18|          18|
    |tmp52_fu_96881_p2                |     +    |      0|  0|  18|          18|          18|
    |tmp53_fu_96886_p2                |     +    |      0|  0|  16|          16|           8|
    |tmp54_fu_96896_p2                |     +    |      0|  0|   9|          18|          18|
    |tmp55_fu_96908_p2                |     +    |      0|  0|   9|          18|          18|
    |tmp56_fu_96913_p2                |     +    |      0|  0|   9|          18|          18|
    |tmp57_fu_96918_p2                |     +    |      0|  0|  18|          18|          18|
    |tmp58_fu_96922_p2                |     +    |      0|  0|  17|          17|           8|
    |tmp59_fu_96932_p2                |     +    |      0|  0|   9|          18|          18|
    |tmp60_fu_96944_p2                |     +    |      0|  0|   9|          18|          18|
    |tmp61_fu_96948_p2                |     +    |      0|  0|   9|          18|          18|
    |tmp62_fu_96954_p2                |     +    |      0|  0|  18|          18|           8|
    |tmp63_fu_96959_p2                |     +    |      0|  0|   9|          18|          18|
    |tmp64_fu_96971_p2                |     +    |      0|  0|   9|          18|          18|
    |tmp65_fu_96975_p2                |     +    |      0|  0|   9|          18|          18|
    |tmp66_fu_96981_p2                |     +    |      0|  0|  18|          18|           8|
    |tmp67_fu_96987_p2                |     +    |      0|  0|   9|          18|          18|
    |tmp68_fu_96998_p2                |     +    |      0|  0|   9|          18|          18|
    |tmp69_fu_97003_p2                |     +    |      0|  0|   9|          18|          18|
    |tmp70_fu_97008_p2                |     +    |      0|  0|  18|          18|          18|
    |tmp71_fu_97014_p2                |     +    |      0|  0|  18|          18|           8|
    |tmp72_fu_97019_p2                |     +    |      0|  0|   9|          18|          18|
    |tmp73_fu_97031_p2                |     +    |      0|  0|   9|          18|          18|
    |tmp74_fu_97035_p2                |     +    |      0|  0|   9|          18|          18|
    |tmp75_fu_96357_p2                |     +    |      0|  0|  17|          17|          17|
    |tmp76_fu_97044_p2                |     +    |      0|  0|  18|          18|           8|
    |tmp77_fu_97049_p2                |     +    |      0|  0|   9|          18|          18|
    |tmp78_fu_97061_p2                |     +    |      0|  0|   9|          18|          18|
    |tmp79_fu_97066_p2                |     +    |      0|  0|   9|          18|          18|
    |tmp80_fu_96363_p2                |     +    |      0|  0|  17|          17|          17|
    |tmp81_fu_97075_p2                |     +    |      0|  0|  15|          15|           7|
    |tmp82_fu_97085_p2                |     +    |      0|  0|   9|          18|          18|
    |tmp83_fu_97097_p2                |     +    |      0|  0|   9|          18|          18|
    |tmp84_fu_97101_p2                |     +    |      0|  0|   9|          18|          18|
    |tmp85_fu_97106_p2                |     +    |      0|  0|  18|          18|          18|
    |tmp86_fu_97110_p2                |     +    |      0|  0|  18|          18|           8|
    |tmp87_fu_97115_p2                |     +    |      0|  0|   9|          18|          18|
    |tmp88_fu_97127_p2                |     +    |      0|  0|  18|          18|          18|
    |tmp89_fu_97131_p2                |     +    |      0|  0|  18|          18|           8|
    |tmp90_fu_97137_p2                |     +    |      0|  0|   9|          18|          18|
    |tmp91_fu_97148_p2                |     +    |      0|  0|  18|          18|          18|
    |tmp92_fu_97152_p2                |     +    |      0|  0|   9|          18|          18|
    |tmp93_fu_97157_p2                |     +    |      0|  0|   9|          18|          18|
    |tmp94_fu_96369_p2                |     +    |      0|  0|  17|          17|          17|
    |tmp95_fu_96375_p2                |     +    |      0|  0|   9|          18|           8|
    |tmp96_fu_96381_p2                |     +    |      0|  0|   9|          18|          18|
    |tmp97_fu_97166_p2                |     +    |      0|  0|   9|          18|          18|
    |tmp98_fu_97177_p2                |     +    |      0|  0|   9|          18|          18|
    |tmp99_fu_97182_p2                |     +    |      0|  0|   9|          18|          18|
    |p_Val2_0_6_fu_94614_p2           |     -    |      0|  0|   9|          21|          21|
    |p_Val2_1_6_fu_94131_p2           |     -    |      0|  0|  19|           1|          19|
    |p_Val2_2_12_fu_94207_p2          |     -    |      0|  0|  23|          23|          23|
    |p_Val2_3_12_fu_95199_p2          |     -    |      0|  0|  26|          26|          26|
    |p_Val2_3_5_fu_95104_p2           |     -    |      0|  0|   9|          24|          24|
    |p_Val2_3_9_fu_94257_p2           |     -    |      0|  0|  28|          28|          28|
    |p_Val2_416_3_fu_94326_p2         |     -    |      0|  0|  25|          25|          25|
    |p_Val2_518_12_fu_95613_p2        |     -    |      0|  0|   9|          26|          26|
    |p_Val2_518_6_fu_95485_p2         |     -    |      0|  0|  26|          26|          26|
    |p_Val2_518_8_fu_95567_p2         |     -    |      0|  0|  27|          27|          27|
    |p_Val2_619_s_fu_94421_p2         |     -    |      0|  0|   9|          21|          21|
    |p_Val2_7_12_fu_96643_p2          |     -    |      0|  0|  28|          28|          28|
    |p_Val2_7_1_fu_95884_p2           |     -    |      0|  0|  26|           1|          26|
    |p_Val2_7_3_fu_95932_p2           |     -    |      0|  0|  25|          25|          25|
    |p_Val2_9_10_fu_96287_p2          |     -    |      0|  0|  21|           1|          21|
    |p_Val2_9_2_fu_96174_p2           |     -    |      0|  0|   9|          25|          25|
    |p_neg1_fu_94608_p2               |     -    |      0|  0|   9|           1|          21|
    |p_neg2_fu_95098_p2               |     -    |      0|  0|   9|           1|          24|
    |p_neg3_fu_95607_p2               |     -    |      0|  0|   9|           1|          26|
    |p_neg4_fu_94415_p2               |     -    |      0|  0|   9|           1|          21|
    |p_neg_fu_96153_p2                |     -    |      0|  0|   9|           1|          25|
    +---------------------------------+----------+-------+---+----+------------+------------+
    |Total                            |          |      0|  0|2386|        3345|        3221|
    +---------------------------------+----------+-------+---+----+------------+------------+

    * Multiplexer: 
    N/A

    * Register: 
    +-----------------------------------------------------+----+----+-----+-----------+
    |                         Name                        | FF | LUT| Bits| Const Bits|
    +-----------------------------------------------------+----+----+-----+-----------+
    |OP1_V_5_cast_reg_98025                               |  26|   0|   26|          0|
    |ap_pipeline_reg_pp0_iter1_OP1_V_5_cast_reg_98025     |  26|   0|   26|          0|
    |ap_pipeline_reg_pp0_iter1_data_3_V_read11_reg_97820  |  18|   0|   18|          0|
    |ap_pipeline_reg_pp0_iter1_data_5_V_read_2_reg_97812  |  18|   0|   18|          0|
    |ap_pipeline_reg_pp0_iter1_data_9_V_read_2_reg_97797  |  18|   0|   18|          0|
    |ap_pipeline_reg_pp0_iter1_tmp_58_reg_98059           |  11|   0|   11|          0|
    |ap_pipeline_reg_pp0_iter1_tmp_59_reg_98156           |  17|   0|   17|          0|
    |data_0_V_read_2_reg_97829                            |  18|   0|   18|          0|
    |data_3_V_read11_reg_97820                            |  18|   0|   18|          0|
    |data_5_V_read_2_reg_97812                            |  18|   0|   18|          0|
    |data_7_V_read_2_reg_97803                            |  18|   0|   18|          0|
    |data_9_V_read_2_reg_97797                            |  18|   0|   18|          0|
    |mult_0_0_V_reg_98161                                 |  18|   0|   18|          0|
    |mult_0_11_V_reg_98196                                |  18|   0|   18|          0|
    |mult_0_15_V_reg_98211                                |  18|   0|   18|          0|
    |mult_0_16_V_reg_98216                                |  18|   0|   18|          0|
    |mult_0_22_V_reg_98226                                |  18|   0|   18|          0|
    |mult_0_23_V_reg_98231                                |  18|   0|   18|          0|
    |mult_0_25_V_reg_98241                                |  18|   0|   18|          0|
    |mult_0_2_V_reg_98166                                 |  18|   0|   18|          0|
    |mult_0_4_V_reg_98176                                 |  18|   0|   18|          0|
    |mult_0_5_V_reg_98181                                 |  18|   0|   18|          0|
    |mult_0_8_V_reg_98191                                 |  18|   0|   18|          0|
    |mult_1_11_V_reg_98276                                |  18|   0|   18|          0|
    |mult_1_14_V_reg_98281                                |  18|   0|   18|          0|
    |mult_1_16_V_reg_98286                                |  18|   0|   18|          0|
    |mult_1_18_V_reg_98291                                |  18|   0|   18|          0|
    |mult_1_24_V_reg_98301                                |  18|   0|   18|          0|
    |mult_1_26_V_reg_98306                                |  18|   0|   18|          0|
    |mult_1_27_V_reg_98311                                |  18|   0|   18|          0|
    |mult_1_29_V_reg_98316                                |  18|   0|   18|          0|
    |mult_1_4_V_reg_98261                                 |  18|   0|   18|          0|
    |mult_1_8_V_reg_98266                                 |  18|   0|   18|          0|
    |mult_1_9_V_reg_98271                                 |  18|   0|   18|          0|
    |mult_2_12_V_reg_98346                                |  18|   0|   18|          0|
    |mult_2_13_V_reg_98351                                |  18|   0|   18|          0|
    |mult_2_14_V_reg_98356                                |  18|   0|   18|          0|
    |mult_2_16_V_reg_98361                                |  18|   0|   18|          0|
    |mult_2_1_V_reg_98321                                 |  18|   0|   18|          0|
    |mult_2_25_V_reg_98371                                |  18|   0|   18|          0|
    |mult_2_29_V_reg_98381                                |  18|   0|   18|          0|
    |mult_2_5_V_reg_98326                                 |  18|   0|   18|          0|
    |mult_2_6_V_reg_98331                                 |  18|   0|   18|          0|
    |mult_2_7_V_reg_98336                                 |  18|   0|   18|          0|
    |mult_3_15_V_reg_98426                                |  18|   0|   18|          0|
    |mult_3_19_V_reg_97962                                |  18|   0|   18|          0|
    |mult_3_1_V_reg_98391                                 |  18|   0|   18|          0|
    |mult_3_23_V_reg_98431                                |  18|   0|   18|          0|
    |mult_3_25_V_reg_98436                                |  18|   0|   18|          0|
    |mult_3_31_V_reg_98446                                |  18|   0|   18|          0|
    |mult_3_3_V_reg_98401                                 |  18|   0|   18|          0|
    |mult_4_12_V_reg_98471                                |  18|   0|   18|          0|
    |mult_4_14_V_reg_98476                                |  18|   0|   18|          0|
    |mult_4_15_V_reg_98481                                |  18|   0|   18|          0|
    |mult_4_17_V_reg_98492                                |  18|   0|   18|          0|
    |mult_4_1_V_reg_98451                                 |  18|   0|   18|          0|
    |mult_4_22_V_reg_98507                                |  18|   0|   18|          0|
    |mult_4_23_V_reg_98512                                |  18|   0|   18|          0|
    |mult_4_25_V_reg_98517                                |  18|   0|   18|          0|
    |mult_4_2_V_reg_98456                                 |  18|   0|   18|          0|
    |mult_4_30_V_reg_98527                                |  18|   0|   18|          0|
    |mult_4_7_V_reg_98461                                 |  18|   0|   18|          0|
    |mult_4_8_V_reg_98466                                 |  18|   0|   18|          0|
    |mult_5_10_V_reg_98567                                |  18|   0|   18|          0|
    |mult_5_1_V_reg_98537                                 |  18|   0|   18|          0|
    |mult_5_20_V_reg_98582                                |  18|   0|   18|          0|
    |mult_5_27_V_reg_98592                                |  18|   0|   18|          0|
    |mult_5_29_V_reg_98597                                |  18|   0|   18|          0|
    |mult_5_2_V_reg_98542                                 |  18|   0|   18|          0|
    |mult_5_31_V_reg_98602                                |  18|   0|   18|          0|
    |mult_5_4_V_reg_98552                                 |  18|   0|   18|          0|
    |mult_5_9_V_reg_98562                                 |  18|   0|   18|          0|
    |mult_6_14_V_reg_98632                                |  18|   0|   18|          0|
    |mult_6_27_V_reg_98652                                |  18|   0|   18|          0|
    |mult_6_28_V_reg_98657                                |  18|   0|   18|          0|
    |mult_6_29_V_reg_98662                                |  18|   0|   18|          0|
    |mult_6_4_V_reg_98607                                 |  18|   0|   18|          0|
    |mult_6_5_V_reg_98612                                 |  18|   0|   18|          0|
    |mult_6_8_V_reg_98622                                 |  18|   0|   18|          0|
    |mult_7_0_V_reg_98667                                 |  18|   0|   18|          0|
    |mult_7_10_V_reg_98687                                |  18|   0|   18|          0|
    |mult_7_14_V_reg_98697                                |  18|   0|   18|          0|
    |mult_7_17_V_reg_98702                                |  18|   0|   18|          0|
    |mult_7_21_V_reg_98712                                |  18|   0|   18|          0|
    |mult_7_22_V_reg_98717                                |  18|   0|   18|          0|
    |mult_7_23_V_reg_98723                                |  18|   0|   18|          0|
    |mult_7_27_V_reg_98728                                |  18|   0|   18|          0|
    |mult_7_6_V_reg_98672                                 |  18|   0|   18|          0|
    |mult_7_7_V_reg_98677                                 |  18|   0|   18|          0|
    |mult_8_10_V_reg_98748                                |  18|   0|   18|          0|
    |mult_8_12_V_reg_98753                                |  18|   0|   18|          0|
    |mult_8_20_V_reg_98763                                |  18|   0|   18|          0|
    |mult_8_25_V_reg_98773                                |  18|   0|   18|          0|
    |mult_8_27_V_reg_98778                                |  18|   0|   18|          0|
    |mult_9_11_V_reg_98818                                |  18|   0|   18|          0|
    |mult_9_14_V_reg_98823                                |  18|   0|   18|          0|
    |mult_9_17_V_reg_98828                                |  18|   0|   18|          0|
    |mult_9_23_V_reg_98843                                |  18|   0|   18|          0|
    |mult_9_28_V_reg_98848                                |  18|   0|   18|          0|
    |mult_9_4_V_reg_98803                                 |  18|   0|   18|          0|
    |mult_9_9_V_reg_98808                                 |  18|   0|   18|          0|
    |tmp111_reg_98883                                     |  17|   0|   17|          0|
    |tmp137_reg_98888                                     |  16|   0|   16|          0|
    |tmp141_reg_98893                                     |  17|   0|   17|          0|
    |tmp75_reg_98863                                      |  17|   0|   17|          0|
    |tmp80_reg_98868                                      |  17|   0|   17|          0|
    |tmp94_reg_98873                                      |  17|   0|   17|          0|
    |tmp96_reg_98878                                      |  18|   0|   18|          0|
    |tmp_10_reg_98256                                     |  17|   0|   17|          0|
    |tmp_11_reg_97894                                     |  14|   0|   14|          0|
    |tmp_12_reg_97899                                     |   9|   0|    9|          0|
    |tmp_13_reg_98296                                     |  17|   0|   17|          0|
    |tmp_14_reg_98341                                     |  16|   0|   16|          0|
    |tmp_15_reg_97930                                     |  14|   0|   14|          0|
    |tmp_16_reg_98366                                     |  17|   0|   17|          0|
    |tmp_17_reg_98376                                     |  16|   0|   16|          0|
    |tmp_18_reg_97935                                     |  13|   0|   13|          0|
    |tmp_19_reg_98386                                     |  17|   0|   17|          0|
    |tmp_1_reg_98186                                      |  11|   0|   11|          0|
    |tmp_20_reg_98396                                     |  16|   0|   16|          0|
    |tmp_21_reg_98406                                     |  16|   0|   16|          0|
    |tmp_22_reg_98411                                     |  16|   0|   16|          0|
    |tmp_23_reg_98416                                     |  14|   0|   14|          0|
    |tmp_24_reg_98421                                     |  15|   0|   15|          0|
    |tmp_26_reg_98441                                     |  17|   0|   17|          0|
    |tmp_27_reg_97996                                     |  15|   0|   15|          0|
    |tmp_28_reg_98487                                     |  17|   0|   17|          0|
    |tmp_29_reg_98497                                     |  17|   0|   17|          0|
    |tmp_30_reg_98502                                     |  17|   0|   17|          0|
    |tmp_31_reg_98532                                     |  17|   0|   17|          0|
    |tmp_32_reg_98547                                     |  16|   0|   16|          0|
    |tmp_33_reg_98557                                     |  16|   0|   16|          0|
    |tmp_34_reg_98572                                     |  17|   0|   17|          0|
    |tmp_35_reg_98577                                     |  17|   0|   17|          0|
    |tmp_36_reg_98587                                     |  16|   0|   16|          0|
    |tmp_37_reg_98617                                     |  16|   0|   16|          0|
    |tmp_38_reg_98627                                     |  17|   0|   17|          0|
    |tmp_39_reg_98637                                     |  17|   0|   17|          0|
    |tmp_3_reg_98201                                      |  16|   0|   16|          0|
    |tmp_40_reg_98642                                     |  17|   0|   17|          0|
    |tmp_41_reg_98647                                     |  16|   0|   16|          0|
    |tmp_43_reg_98064                                     |  11|   0|   11|          0|
    |tmp_44_reg_98692                                     |  16|   0|   16|          0|
    |tmp_46_reg_98522                                     |  16|   0|   16|          0|
    |tmp_47_reg_98707                                     |  17|   0|   17|          0|
    |tmp_49_reg_98733                                     |  15|   0|   15|          0|
    |tmp_4_reg_98206                                      |  15|   0|   15|          0|
    |tmp_50_reg_98738                                     |  17|   0|   17|          0|
    |tmp_51_reg_98758                                     |  17|   0|   17|          0|
    |tmp_53_reg_98768                                     |  17|   0|   17|          0|
    |tmp_55_reg_98783                                     |  17|   0|   17|          0|
    |tmp_56_reg_98798                                     |  17|   0|   17|          0|
    |tmp_57_reg_98813                                     |  17|   0|   17|          0|
    |tmp_58_reg_98059                                     |  11|   0|   11|          0|
    |tmp_59_reg_98156                                     |  17|   0|   17|          0|
    |tmp_5_reg_98221                                      |  17|   0|   17|          0|
    |tmp_60_reg_98833                                     |  17|   0|   17|          0|
    |tmp_61_reg_98853                                     |  17|   0|   17|          0|
    |tmp_64_reg_98858                                     |  17|   0|   17|          0|
    |tmp_66_reg_98682                                     |  16|   0|   16|          0|
    |tmp_70_reg_98743                                     |  15|   0|   15|          0|
    |tmp_73_reg_98788                                     |  16|   0|   16|          0|
    |tmp_74_reg_98793                                     |  15|   0|   15|          0|
    |tmp_76_reg_98838                                     |  11|   0|   11|          0|
    |tmp_7_reg_98236                                      |  17|   0|   17|          0|
    |tmp_8_reg_98246                                      |  17|   0|   17|          0|
    |tmp_9_reg_98251                                      |  17|   0|   17|          0|
    |tmp_s_reg_98171                                      |  17|   0|   17|          0|
    |data_0_V_read_2_reg_97829                            |   0|  18|   18|          0|
    |data_7_V_read_2_reg_97803                            |   0|  18|   18|          0|
    |mult_3_19_V_reg_97962                                |   0|  18|   18|          0|
    |tmp_11_reg_97894                                     |   0|  14|   14|          0|
    |tmp_12_reg_97899                                     |   0|   9|    9|          0|
    |tmp_15_reg_97930                                     |   0|  14|   14|          0|
    |tmp_18_reg_97935                                     |   0|  13|   13|          0|
    |tmp_27_reg_97996                                     |   0|  15|   15|          0|
    |tmp_43_reg_98064                                     |   0|  11|   11|          0|
    +-----------------------------------------------------+----+----+-----+-----------+
    |Total                                                |2893| 130| 3023|          0|
    +-----------------------------------------------------+----+----+-----+-----------+



================================================================
== Interface
================================================================
* Summary: 
+---------------+-----+-----+------------+------------------------+--------------+
|   RTL Ports   | Dir | Bits|  Protocol  |      Source Object     |    C Type    |
+---------------+-----+-----+------------+------------------------+--------------+
|ap_clk         |  in |    1| ap_ctrl_hs | compute_layer.0.0.0..1 | return value |
|ap_rst         |  in |    1| ap_ctrl_hs | compute_layer.0.0.0..1 | return value |
|ap_return_0    | out |   18| ap_ctrl_hs | compute_layer.0.0.0..1 | return value |
|ap_return_1    | out |   18| ap_ctrl_hs | compute_layer.0.0.0..1 | return value |
|ap_return_2    | out |   18| ap_ctrl_hs | compute_layer.0.0.0..1 | return value |
|ap_return_3    | out |   18| ap_ctrl_hs | compute_layer.0.0.0..1 | return value |
|ap_return_4    | out |   18| ap_ctrl_hs | compute_layer.0.0.0..1 | return value |
|ap_return_5    | out |   18| ap_ctrl_hs | compute_layer.0.0.0..1 | return value |
|ap_return_6    | out |   18| ap_ctrl_hs | compute_layer.0.0.0..1 | return value |
|ap_return_7    | out |   18| ap_ctrl_hs | compute_layer.0.0.0..1 | return value |
|ap_return_8    | out |   18| ap_ctrl_hs | compute_layer.0.0.0..1 | return value |
|ap_return_9    | out |   18| ap_ctrl_hs | compute_layer.0.0.0..1 | return value |
|ap_return_10   | out |   18| ap_ctrl_hs | compute_layer.0.0.0..1 | return value |
|ap_return_11   | out |   18| ap_ctrl_hs | compute_layer.0.0.0..1 | return value |
|ap_return_12   | out |   18| ap_ctrl_hs | compute_layer.0.0.0..1 | return value |
|ap_return_13   | out |   18| ap_ctrl_hs | compute_layer.0.0.0..1 | return value |
|ap_return_14   | out |   18| ap_ctrl_hs | compute_layer.0.0.0..1 | return value |
|ap_return_15   | out |   18| ap_ctrl_hs | compute_layer.0.0.0..1 | return value |
|ap_return_16   | out |   18| ap_ctrl_hs | compute_layer.0.0.0..1 | return value |
|ap_return_17   | out |   18| ap_ctrl_hs | compute_layer.0.0.0..1 | return value |
|ap_return_18   | out |   18| ap_ctrl_hs | compute_layer.0.0.0..1 | return value |
|ap_return_19   | out |   18| ap_ctrl_hs | compute_layer.0.0.0..1 | return value |
|ap_return_20   | out |   18| ap_ctrl_hs | compute_layer.0.0.0..1 | return value |
|ap_return_21   | out |   18| ap_ctrl_hs | compute_layer.0.0.0..1 | return value |
|ap_return_22   | out |   18| ap_ctrl_hs | compute_layer.0.0.0..1 | return value |
|ap_return_23   | out |   18| ap_ctrl_hs | compute_layer.0.0.0..1 | return value |
|ap_return_24   | out |   18| ap_ctrl_hs | compute_layer.0.0.0..1 | return value |
|ap_return_25   | out |   18| ap_ctrl_hs | compute_layer.0.0.0..1 | return value |
|ap_return_26   | out |   18| ap_ctrl_hs | compute_layer.0.0.0..1 | return value |
|ap_return_27   | out |   18| ap_ctrl_hs | compute_layer.0.0.0..1 | return value |
|ap_return_28   | out |   18| ap_ctrl_hs | compute_layer.0.0.0..1 | return value |
|ap_return_29   | out |   18| ap_ctrl_hs | compute_layer.0.0.0..1 | return value |
|ap_return_30   | out |   18| ap_ctrl_hs | compute_layer.0.0.0..1 | return value |
|ap_return_31   | out |   18| ap_ctrl_hs | compute_layer.0.0.0..1 | return value |
|ap_ce          |  in |    1| ap_ctrl_hs | compute_layer.0.0.0..1 | return value |
|data_0_V_read  |  in |   18|   ap_none  |      data_0_V_read     |    scalar    |
|data_1_V_read  |  in |   18|   ap_none  |      data_1_V_read     |    scalar    |
|data_2_V_read  |  in |   18|   ap_none  |      data_2_V_read     |    scalar    |
|data_3_V_read  |  in |   18|   ap_none  |      data_3_V_read     |    scalar    |
|data_4_V_read  |  in |   18|   ap_none  |      data_4_V_read     |    scalar    |
|data_5_V_read  |  in |   18|   ap_none  |      data_5_V_read     |    scalar    |
|data_6_V_read  |  in |   18|   ap_none  |      data_6_V_read     |    scalar    |
|data_7_V_read  |  in |   18|   ap_none  |      data_7_V_read     |    scalar    |
|data_8_V_read  |  in |   18|   ap_none  |      data_8_V_read     |    scalar    |
|data_9_V_read  |  in |   18|   ap_none  |      data_9_V_read     |    scalar    |
+---------------+-----+-----+------------+------------------------+--------------+

