

================================================================
== Vivado HLS Report for 'compute_layer_0_0_0_s'
================================================================
* Date:           Tue Dec 19 09:24:15 2017

* Version:        2016.4 (Build 1756540 on Mon Jan 23 19:31:01 MST 2017)
* Project:        myproject_prj
* Solution:       solution1
* Product family: virtex7
* Target device:  xc7vx690tffg1927-2


================================================================
== Performance Estimates
================================================================
+ Timing (ns): 
    * Summary: 
    +--------+-------+----------+------------+
    |  Clock | Target| Estimated| Uncertainty|
    +--------+-------+----------+------------+
    |ap_clk  |   5.00|      4.33|        0.62|
    +--------+-------+----------+------------+

+ Latency (clock cycles): 
    * Summary: 
    +-----+-----+-----+-----+----------+
    |  Latency  |  Interval | Pipeline |
    | min | max | min | max |   Type   |
    +-----+-----+-----+-----+----------+
    |    4|    4|    1|    1| function |
    +-----+-----+-----+-----+----------+

    + Detail: 
        * Instance: 
        N/A

        * Loop: 
        N/A



================================================================
== Utilization Estimates
================================================================
* Summary: 
+-----------------+---------+-------+--------+--------+
|       Name      | BRAM_18K| DSP48E|   FF   |   LUT  |
+-----------------+---------+-------+--------+--------+
|DSP              |        -|      -|       -|       -|
|Expression       |        -|      -|       0|     571|
|FIFO             |        -|      -|       -|       -|
|Instance         |        -|     23|       0|       0|
|Memory           |        -|      -|       -|       -|
|Multiplexer      |        -|      -|       -|       -|
|Register         |        -|      -|     675|      88|
+-----------------+---------+-------+--------+--------+
|Total            |        0|     23|     675|     659|
+-----------------+---------+-------+--------+--------+
|Available        |     2940|   3600|  866400|  433200|
+-----------------+---------+-------+--------+--------+
|Utilization (%)  |        0|   ~0  |   ~0   |   ~0   |
+-----------------+---------+-------+--------+--------+

+ Detail: 
    * Instance: 
    +-----------------------------+----------------------+---------+-------+---+----+
    |           Instance          |        Module        | BRAM_18K| DSP48E| FF| LUT|
    +-----------------------------+----------------------+---------+-------+---+----+
    |myproject_mul_18sbkb_x_U189  |myproject_mul_18sbkb  |        0|      1|  0|   0|
    |myproject_mul_18sbkb_x_U194  |myproject_mul_18sbkb  |        0|      1|  0|   0|
    |myproject_mul_18sdEe_x_U186  |myproject_mul_18sdEe  |        0|      1|  0|   0|
    |myproject_mul_18sdEe_x_U187  |myproject_mul_18sdEe  |        0|      1|  0|   0|
    |myproject_mul_18sdEe_x_U190  |myproject_mul_18sdEe  |        0|      1|  0|   0|
    |myproject_mul_18sfYi_x_U183  |myproject_mul_18sfYi  |        0|      1|  0|   0|
    |myproject_mul_18sfYi_x_U184  |myproject_mul_18sfYi  |        0|      1|  0|   0|
    |myproject_mul_18sfYi_x_U185  |myproject_mul_18sfYi  |        0|      1|  0|   0|
    |myproject_mul_18sfYi_x_U199  |myproject_mul_18sfYi  |        0|      1|  0|   0|
    |myproject_mul_18sfYi_x_U200  |myproject_mul_18sfYi  |        0|      1|  0|   0|
    |myproject_mul_18sfYi_x_U202  |myproject_mul_18sfYi  |        0|      1|  0|   0|
    |myproject_mul_18sfYi_x_U204  |myproject_mul_18sfYi  |        0|      1|  0|   0|
    |myproject_mul_18sg8j_x_U188  |myproject_mul_18sg8j  |        0|      1|  0|   0|
    |myproject_mul_18sg8j_x_U196  |myproject_mul_18sg8j  |        0|      1|  0|   0|
    |myproject_mul_18sg8j_x_U197  |myproject_mul_18sg8j  |        0|      1|  0|   0|
    |myproject_mul_18sg8j_x_U198  |myproject_mul_18sg8j  |        0|      1|  0|   0|
    |myproject_mul_18sg8j_x_U201  |myproject_mul_18sg8j  |        0|      1|  0|   0|
    |myproject_mul_18sg8j_x_U205  |myproject_mul_18sg8j  |        0|      1|  0|   0|
    |myproject_mul_18shbi_x_U191  |myproject_mul_18shbi  |        0|      1|  0|   0|
    |myproject_mul_18shbi_x_U192  |myproject_mul_18shbi  |        0|      1|  0|   0|
    |myproject_mul_18skbM_x_U193  |myproject_mul_18skbM  |        0|      1|  0|   0|
    |myproject_mul_18slbW_U195    |myproject_mul_18slbW  |        0|      1|  0|   0|
    |myproject_mul_18slbW_U203    |myproject_mul_18slbW  |        0|      1|  0|   0|
    +-----------------------------+----------------------+---------+-------+---+----+
    |Total                        |                      |        0|     23|  0|   0|
    +-----------------------------+----------------------+---------+-------+---+----+

    * DSP48: 
    N/A

    * Memory: 
    N/A

    * FIFO: 
    N/A

    * Expression: 
    +----------------------+----------+-------+---+----+------------+------------+
    |     Variable Name    | Operation| DSP48E| FF| LUT| Bitwidth P0| Bitwidth P1|
    +----------------------+----------+-------+---+----+------------+------------+
    |ap_return             |     +    |      0|  0|   9|          18|          18|
    |p_Val2_10_fu_3711_p2  |     +    |      0|  0|  25|          25|          25|
    |p_Val2_4_fu_3614_p2   |     +    |      0|  0|  25|          25|          25|
    |p_Val2_6_fu_3659_p2   |     +    |      0|  0|  26|          26|          26|
    |tmp15_fu_4431_p2      |     +    |      0|  0|   9|          18|          18|
    |tmp16_fu_4317_p2      |     +    |      0|  0|   9|          18|          18|
    |tmp17_fu_4294_p2      |     +    |      0|  0|   9|          18|          18|
    |tmp18_fu_4283_p2      |     +    |      0|  0|  18|          18|          18|
    |tmp19_fu_4289_p2      |     +    |      0|  0|  18|          18|          18|
    |tmp20_fu_4311_p2      |     +    |      0|  0|   9|          18|          18|
    |tmp21_fu_4300_p2      |     +    |      0|  0|   9|          18|          18|
    |tmp22_fu_4306_p2      |     +    |      0|  0|  18|          18|          18|
    |tmp23_fu_4357_p2      |     +    |      0|  0|   9|          18|          18|
    |tmp24_fu_4334_p2      |     +    |      0|  0|   9|          18|          18|
    |tmp25_fu_4323_p2      |     +    |      0|  0|  18|          18|          18|
    |tmp26_fu_4328_p2      |     +    |      0|  0|  18|          18|          18|
    |tmp27_fu_4351_p2      |     +    |      0|  0|   9|          18|          18|
    |tmp28_fu_4340_p2      |     +    |      0|  0|   9|          18|          18|
    |tmp29_fu_4345_p2      |     +    |      0|  0|  18|          18|          18|
    |tmp30_fu_4439_p2      |     +    |      0|  0|   9|          18|          18|
    |tmp31_fu_4435_p2      |     +    |      0|  0|   9|          18|          18|
    |tmp32_fu_4371_p2      |     +    |      0|  0|   9|          18|          18|
    |tmp33_fu_4363_p2      |     +    |      0|  0|   9|          18|          18|
    |tmp34_fu_4205_p2      |     +    |      0|  0|  16|          16|          16|
    |tmp35_fu_4387_p2      |     +    |      0|  0|   9|          18|          18|
    |tmp36_fu_4377_p2      |     +    |      0|  0|   9|          18|          18|
    |tmp37_fu_4383_p2      |     +    |      0|  0|  18|          18|          18|
    |tmp38_fu_4425_p2      |     +    |      0|  0|   9|          18|          18|
    |tmp39_fu_4404_p2      |     +    |      0|  0|   9|          18|          18|
    |tmp40_fu_4393_p2      |     +    |      0|  0|  18|          18|          18|
    |tmp41_fu_4398_p2      |     +    |      0|  0|  18|          18|          18|
    |tmp42_fu_4419_p2      |     +    |      0|  0|   9|          18|          18|
    |tmp43_fu_4410_p2      |     +    |      0|  0|   9|          18|          18|
    |tmp44_fu_4217_p2      |     +    |      0|  0|   9|          16|          16|
    |tmp45_fu_4211_p2      |     +    |      0|  0|   9|          16|           8|
    |p_Val2_12_fu_3754_p2  |     -    |      0|  0|   9|          21|          21|
    |p_Val2_17_fu_3812_p2  |     -    |      0|  0|  22|           1|          22|
    |p_Val2_1_fu_3955_p2   |     -    |      0|  0|  28|          28|          28|
    |p_Val2_26_fu_3892_p2  |     -    |      0|  0|  26|          26|          26|
    |p_Val2_s_fu_3564_p2   |     -    |      0|  0|  25|          25|          25|
    |p_neg_fu_3748_p2      |     -    |      0|  0|   9|           1|          21|
    +----------------------+----------+-------+---+----+------------+------------+
    |Total                 |          |      0|  0| 571|         748|         781|
    +----------------------+----------+-------+---+----+------------+------------+

    * Multiplexer: 
    N/A

    * Register: 
    +----------------------------------------------------+----+----+-----+-----------+
    |                        Name                        | FF | LUT| Bits| Const Bits|
    +----------------------------------------------------+----+----+-----+-----------+
    |ap_pipeline_reg_pp0_iter1_data_2_V_read_3_reg_4450  |  18|   0|   18|          0|
    |ap_pipeline_reg_pp0_iter1_tmp_159_reg_4546          |  12|   0|   12|          0|
    |ap_pipeline_reg_pp0_iter1_tmp_41_reg_4531           |  15|   0|   15|          0|
    |data_2_V_read_3_reg_4450                            |  18|   0|   18|          0|
    |tmp16_reg_4731                                      |  18|   0|   18|          0|
    |tmp23_reg_4736                                      |  18|   0|   18|          0|
    |tmp32_reg_4741                                      |  18|   0|   18|          0|
    |tmp34_reg_4721                                      |  16|   0|   16|          0|
    |tmp35_reg_4746                                      |  18|   0|   18|          0|
    |tmp38_reg_4751                                      |  18|   0|   18|          0|
    |tmp44_reg_4726                                      |  16|   0|   16|          0|
    |tmp_11_reg_4621                                     |  17|   0|   17|          0|
    |tmp_14_reg_4471                                     |  15|   0|   15|          0|
    |tmp_159_reg_4546                                    |  12|   0|   12|          0|
    |tmp_17_reg_4626                                     |  17|   0|   17|          0|
    |tmp_20_reg_4481                                     |  16|   0|   16|          0|
    |tmp_23_reg_4636                                     |  17|   0|   17|          0|
    |tmp_26_reg_4646                                     |  17|   0|   17|          0|
    |tmp_29_reg_4506                                     |  15|   0|   15|          0|
    |tmp_32_reg_4516                                     |  11|   0|   11|          0|
    |tmp_35_reg_4656                                     |  17|   0|   17|          0|
    |tmp_38_reg_4661                                     |  16|   0|   16|          0|
    |tmp_3_1_reg_4671                                    |  18|   0|   18|          0|
    |tmp_3_2_reg_4616                                    |  18|   0|   18|          0|
    |tmp_3_3_reg_4686                                    |  18|   0|   18|          0|
    |tmp_3_4_reg_4691                                    |  18|   0|   18|          0|
    |tmp_3_5_reg_4696                                    |  18|   0|   18|          0|
    |tmp_3_7_reg_4631                                    |  18|   0|   18|          0|
    |tmp_3_9_reg_4641                                    |  18|   0|   18|          0|
    |tmp_3_s_reg_4651                                    |  18|   0|   18|          0|
    |tmp_41_reg_4531                                     |  15|   0|   15|          0|
    |tmp_43_reg_4666                                     |  14|   0|   14|          0|
    |tmp_52_reg_4676                                     |  16|   0|   16|          0|
    |tmp_55_reg_4681                                     |  17|   0|   17|          0|
    |tmp_58_reg_4701                                     |  16|   0|   16|          0|
    |tmp_5_reg_4456                                      |  15|   0|   15|          0|
    |tmp_61_reg_4706                                     |  17|   0|   17|          0|
    |tmp_64_reg_4591                                     |  16|   0|   16|          0|
    |tmp_65_reg_4711                                     |  16|   0|   16|          0|
    |tmp_67_reg_4716                                     |  17|   0|   17|          0|
    |tmp_8_reg_4611                                      |  17|   0|   17|          0|
    |tmp_14_reg_4471                                     |   0|  15|   15|          0|
    |tmp_20_reg_4481                                     |   0|  16|   16|          0|
    |tmp_29_reg_4506                                     |   0|  15|   15|          0|
    |tmp_32_reg_4516                                     |   0|  11|   11|          0|
    |tmp_5_reg_4456                                      |   0|  15|   15|          0|
    |tmp_64_reg_4591                                     |   0|  16|   16|          0|
    +----------------------------------------------------+----+----+-----+-----------+
    |Total                                               | 675|  88|  763|          0|
    +----------------------------------------------------+----+----+-----+-----------+



================================================================
== Interface
================================================================
* Summary: 
+----------------+-----+-----+------------+----------------------+--------------+
|    RTL Ports   | Dir | Bits|  Protocol  |     Source Object    |    C Type    |
+----------------+-----+-----+------------+----------------------+--------------+
|ap_clk          |  in |    1| ap_ctrl_hs | compute_layer.0.0.0. | return value |
|ap_rst          |  in |    1| ap_ctrl_hs | compute_layer.0.0.0. | return value |
|ap_return       | out |   18| ap_ctrl_hs | compute_layer.0.0.0. | return value |
|ap_ce           |  in |    1| ap_ctrl_hs | compute_layer.0.0.0. | return value |
|data_0_V_read   |  in |   18|   ap_none  |     data_0_V_read    |    scalar    |
|data_1_V_read   |  in |   18|   ap_none  |     data_1_V_read    |    scalar    |
|data_2_V_read   |  in |   18|   ap_none  |     data_2_V_read    |    scalar    |
|data_3_V_read   |  in |   18|   ap_none  |     data_3_V_read    |    scalar    |
|data_4_V_read   |  in |   18|   ap_none  |     data_4_V_read    |    scalar    |
|data_5_V_read   |  in |   18|   ap_none  |     data_5_V_read    |    scalar    |
|data_6_V_read   |  in |   18|   ap_none  |     data_6_V_read    |    scalar    |
|data_7_V_read   |  in |   18|   ap_none  |     data_7_V_read    |    scalar    |
|data_8_V_read   |  in |   18|   ap_none  |     data_8_V_read    |    scalar    |
|data_9_V_read   |  in |   18|   ap_none  |     data_9_V_read    |    scalar    |
|data_10_V_read  |  in |   18|   ap_none  |    data_10_V_read    |    scalar    |
|data_11_V_read  |  in |   18|   ap_none  |    data_11_V_read    |    scalar    |
|data_12_V_read  |  in |   18|   ap_none  |    data_12_V_read    |    scalar    |
|data_13_V_read  |  in |   18|   ap_none  |    data_13_V_read    |    scalar    |
|data_14_V_read  |  in |   18|   ap_none  |    data_14_V_read    |    scalar    |
|data_15_V_read  |  in |   18|   ap_none  |    data_15_V_read    |    scalar    |
|data_16_V_read  |  in |   18|   ap_none  |    data_16_V_read    |    scalar    |
|data_17_V_read  |  in |   18|   ap_none  |    data_17_V_read    |    scalar    |
|data_18_V_read  |  in |   18|   ap_none  |    data_18_V_read    |    scalar    |
|data_19_V_read  |  in |   18|   ap_none  |    data_19_V_read    |    scalar    |
|data_20_V_read  |  in |   18|   ap_none  |    data_20_V_read    |    scalar    |
|data_21_V_read  |  in |   18|   ap_none  |    data_21_V_read    |    scalar    |
|data_22_V_read  |  in |   18|   ap_none  |    data_22_V_read    |    scalar    |
|data_23_V_read  |  in |   18|   ap_none  |    data_23_V_read    |    scalar    |
|data_24_V_read  |  in |   18|   ap_none  |    data_24_V_read    |    scalar    |
|data_25_V_read  |  in |   18|   ap_none  |    data_25_V_read    |    scalar    |
|data_26_V_read  |  in |   18|   ap_none  |    data_26_V_read    |    scalar    |
|data_27_V_read  |  in |   18|   ap_none  |    data_27_V_read    |    scalar    |
|data_28_V_read  |  in |   18|   ap_none  |    data_28_V_read    |    scalar    |
|data_29_V_read  |  in |   18|   ap_none  |    data_29_V_read    |    scalar    |
|data_30_V_read  |  in |   18|   ap_none  |    data_30_V_read    |    scalar    |
|data_31_V_read  |  in |   18|   ap_none  |    data_31_V_read    |    scalar    |
+----------------+-----+-----+------------+----------------------+--------------+

