

================================================================
== Vivado HLS Report for 'relu'
================================================================
* Date:           Tue Dec 19 09:24:14 2017

* Version:        2016.4 (Build 1756540 on Mon Jan 23 19:31:01 MST 2017)
* Project:        myproject_prj
* Solution:       solution1
* Product family: virtex7
* Target device:  xc7vx690tffg1927-2


================================================================
== Performance Estimates
================================================================
+ Timing (ns): 
    * Summary: 
    +--------+-------+----------+------------+
    |  Clock | Target| Estimated| Uncertainty|
    +--------+-------+----------+------------+
    |ap_clk  |   5.00|      2.02|        0.62|
    +--------+-------+----------+------------+

+ Latency (clock cycles): 
    * Summary: 
    +-----+-----+-----+-----+----------+
    |  Latency  |  Interval | Pipeline |
    | min | max | min | max |   Type   |
    +-----+-----+-----+-----+----------+
    |    0|    0|    1|    1| function |
    +-----+-----+-----+-----+----------+

    + Detail: 
        * Instance: 
        N/A

        * Loop: 
        N/A



================================================================
== Utilization Estimates
================================================================
* Summary: 
+-----------------+---------+-------+--------+--------+
|       Name      | BRAM_18K| DSP48E|   FF   |   LUT  |
+-----------------+---------+-------+--------+--------+
|DSP              |        -|      -|       -|       -|
|Expression       |        -|      -|       0|     768|
|FIFO             |        -|      -|       -|       -|
|Instance         |        -|      -|       -|       -|
|Memory           |        -|      -|       -|       -|
|Multiplexer      |        -|      -|       -|       -|
|Register         |        -|      -|       -|       -|
+-----------------+---------+-------+--------+--------+
|Total            |        0|      0|       0|     768|
+-----------------+---------+-------+--------+--------+
|Available        |     2940|   3600|  866400|  433200|
+-----------------+---------+-------+--------+--------+
|Utilization (%)  |        0|      0|       0|   ~0   |
+-----------------+---------+-------+--------+--------+

+ Detail: 
    * Instance: 
    N/A

    * DSP48: 
    N/A

    * Memory: 
    N/A

    * FIFO: 
    N/A

    * Expression: 
    +-------------------------------+----------+-------+---+----+------------+------------+
    |         Variable Name         | Operation| DSP48E| FF| LUT| Bitwidth P0| Bitwidth P1|
    +-------------------------------+----------+-------+---+----+------------+------------+
    |tmp_1_10_fu_522_p2             |   icmp   |      0|  0|   7|          18|           1|
    |tmp_1_11_fu_544_p2             |   icmp   |      0|  0|   7|          18|           1|
    |tmp_1_12_fu_566_p2             |   icmp   |      0|  0|   7|          18|           1|
    |tmp_1_13_fu_588_p2             |   icmp   |      0|  0|   7|          18|           1|
    |tmp_1_14_fu_610_p2             |   icmp   |      0|  0|   7|          18|           1|
    |tmp_1_15_fu_632_p2             |   icmp   |      0|  0|   7|          18|           1|
    |tmp_1_16_fu_654_p2             |   icmp   |      0|  0|   7|          18|           1|
    |tmp_1_17_fu_676_p2             |   icmp   |      0|  0|   7|          18|           1|
    |tmp_1_18_fu_698_p2             |   icmp   |      0|  0|   7|          18|           1|
    |tmp_1_19_fu_720_p2             |   icmp   |      0|  0|   7|          18|           1|
    |tmp_1_1_fu_302_p2              |   icmp   |      0|  0|   7|          18|           1|
    |tmp_1_20_fu_742_p2             |   icmp   |      0|  0|   7|          18|           1|
    |tmp_1_21_fu_764_p2             |   icmp   |      0|  0|   7|          18|           1|
    |tmp_1_22_fu_786_p2             |   icmp   |      0|  0|   7|          18|           1|
    |tmp_1_23_fu_808_p2             |   icmp   |      0|  0|   7|          18|           1|
    |tmp_1_24_fu_830_p2             |   icmp   |      0|  0|   7|          18|           1|
    |tmp_1_25_fu_852_p2             |   icmp   |      0|  0|   7|          18|           1|
    |tmp_1_26_fu_874_p2             |   icmp   |      0|  0|   7|          18|           1|
    |tmp_1_27_fu_896_p2             |   icmp   |      0|  0|   7|          18|           1|
    |tmp_1_28_fu_918_p2             |   icmp   |      0|  0|   7|          18|           1|
    |tmp_1_29_fu_940_p2             |   icmp   |      0|  0|   7|          18|           1|
    |tmp_1_2_fu_324_p2              |   icmp   |      0|  0|   7|          18|           1|
    |tmp_1_30_fu_962_p2             |   icmp   |      0|  0|   7|          18|           1|
    |tmp_1_3_fu_346_p2              |   icmp   |      0|  0|   7|          18|           1|
    |tmp_1_4_fu_368_p2              |   icmp   |      0|  0|   7|          18|           1|
    |tmp_1_5_fu_390_p2              |   icmp   |      0|  0|   7|          18|           1|
    |tmp_1_6_fu_412_p2              |   icmp   |      0|  0|   7|          18|           1|
    |tmp_1_7_fu_434_p2              |   icmp   |      0|  0|   7|          18|           1|
    |tmp_1_8_fu_456_p2              |   icmp   |      0|  0|   7|          18|           1|
    |tmp_1_9_fu_478_p2              |   icmp   |      0|  0|   7|          18|           1|
    |tmp_1_fu_280_p2                |   icmp   |      0|  0|   7|          18|           1|
    |tmp_1_s_fu_500_p2              |   icmp   |      0|  0|   7|          18|           1|
    |res_0_V_write_assig_fu_290_p3  |  select  |      0|  0|  17|           1|          17|
    |res_10_V_write_assi_fu_510_p3  |  select  |      0|  0|  17|           1|          17|
    |res_11_V_write_assi_fu_532_p3  |  select  |      0|  0|  17|           1|          17|
    |res_12_V_write_assi_fu_554_p3  |  select  |      0|  0|  17|           1|          17|
    |res_13_V_write_assi_fu_576_p3  |  select  |      0|  0|  17|           1|          17|
    |res_14_V_write_assi_fu_598_p3  |  select  |      0|  0|  17|           1|          17|
    |res_15_V_write_assi_fu_620_p3  |  select  |      0|  0|  17|           1|          17|
    |res_16_V_write_assi_fu_642_p3  |  select  |      0|  0|  17|           1|          17|
    |res_17_V_write_assi_fu_664_p3  |  select  |      0|  0|  17|           1|          17|
    |res_18_V_write_assi_fu_686_p3  |  select  |      0|  0|  17|           1|          17|
    |res_19_V_write_assi_fu_708_p3  |  select  |      0|  0|  17|           1|          17|
    |res_1_V_write_assig_fu_312_p3  |  select  |      0|  0|  17|           1|          17|
    |res_20_V_write_assi_fu_730_p3  |  select  |      0|  0|  17|           1|          17|
    |res_21_V_write_assi_fu_752_p3  |  select  |      0|  0|  17|           1|          17|
    |res_22_V_write_assi_fu_774_p3  |  select  |      0|  0|  17|           1|          17|
    |res_23_V_write_assi_fu_796_p3  |  select  |      0|  0|  17|           1|          17|
    |res_24_V_write_assi_fu_818_p3  |  select  |      0|  0|  17|           1|          17|
    |res_25_V_write_assi_fu_840_p3  |  select  |      0|  0|  17|           1|          17|
    |res_26_V_write_assi_fu_862_p3  |  select  |      0|  0|  17|           1|          17|
    |res_27_V_write_assi_fu_884_p3  |  select  |      0|  0|  17|           1|          17|
    |res_28_V_write_assi_fu_906_p3  |  select  |      0|  0|  17|           1|          17|
    |res_29_V_write_assi_fu_928_p3  |  select  |      0|  0|  17|           1|          17|
    |res_2_V_write_assig_fu_334_p3  |  select  |      0|  0|  17|           1|          17|
    |res_30_V_write_assi_fu_950_p3  |  select  |      0|  0|  17|           1|          17|
    |res_31_V_write_assi_fu_972_p3  |  select  |      0|  0|  17|           1|          17|
    |res_3_V_write_assig_fu_356_p3  |  select  |      0|  0|  17|           1|          17|
    |res_4_V_write_assig_fu_378_p3  |  select  |      0|  0|  17|           1|          17|
    |res_5_V_write_assig_fu_400_p3  |  select  |      0|  0|  17|           1|          17|
    |res_6_V_write_assig_fu_422_p3  |  select  |      0|  0|  17|           1|          17|
    |res_7_V_write_assig_fu_444_p3  |  select  |      0|  0|  17|           1|          17|
    |res_8_V_write_assig_fu_466_p3  |  select  |      0|  0|  17|           1|          17|
    |res_9_V_write_assig_fu_488_p3  |  select  |      0|  0|  17|           1|          17|
    +-------------------------------+----------+-------+---+----+------------+------------+
    |Total                          |          |      0|  0| 768|         608|         576|
    +-------------------------------+----------+-------+---+----+------------+------------+

    * Multiplexer: 
    N/A

    * Register: 
    N/A



================================================================
== Interface
================================================================
* Summary: 
+----------------+-----+-----+------------+----------------+--------------+
|    RTL Ports   | Dir | Bits|  Protocol  |  Source Object |    C Type    |
+----------------+-----+-----+------------+----------------+--------------+
|data_0_V_read   |  in |   18|   ap_none  |  data_0_V_read |    scalar    |
|data_1_V_read   |  in |   18|   ap_none  |  data_1_V_read |    scalar    |
|data_2_V_read   |  in |   18|   ap_none  |  data_2_V_read |    scalar    |
|data_3_V_read   |  in |   18|   ap_none  |  data_3_V_read |    scalar    |
|data_4_V_read   |  in |   18|   ap_none  |  data_4_V_read |    scalar    |
|data_5_V_read   |  in |   18|   ap_none  |  data_5_V_read |    scalar    |
|data_6_V_read   |  in |   18|   ap_none  |  data_6_V_read |    scalar    |
|data_7_V_read   |  in |   18|   ap_none  |  data_7_V_read |    scalar    |
|data_8_V_read   |  in |   18|   ap_none  |  data_8_V_read |    scalar    |
|data_9_V_read   |  in |   18|   ap_none  |  data_9_V_read |    scalar    |
|data_10_V_read  |  in |   18|   ap_none  | data_10_V_read |    scalar    |
|data_11_V_read  |  in |   18|   ap_none  | data_11_V_read |    scalar    |
|data_12_V_read  |  in |   18|   ap_none  | data_12_V_read |    scalar    |
|data_13_V_read  |  in |   18|   ap_none  | data_13_V_read |    scalar    |
|data_14_V_read  |  in |   18|   ap_none  | data_14_V_read |    scalar    |
|data_15_V_read  |  in |   18|   ap_none  | data_15_V_read |    scalar    |
|data_16_V_read  |  in |   18|   ap_none  | data_16_V_read |    scalar    |
|data_17_V_read  |  in |   18|   ap_none  | data_17_V_read |    scalar    |
|data_18_V_read  |  in |   18|   ap_none  | data_18_V_read |    scalar    |
|data_19_V_read  |  in |   18|   ap_none  | data_19_V_read |    scalar    |
|data_20_V_read  |  in |   18|   ap_none  | data_20_V_read |    scalar    |
|data_21_V_read  |  in |   18|   ap_none  | data_21_V_read |    scalar    |
|data_22_V_read  |  in |   18|   ap_none  | data_22_V_read |    scalar    |
|data_23_V_read  |  in |   18|   ap_none  | data_23_V_read |    scalar    |
|data_24_V_read  |  in |   18|   ap_none  | data_24_V_read |    scalar    |
|data_25_V_read  |  in |   18|   ap_none  | data_25_V_read |    scalar    |
|data_26_V_read  |  in |   18|   ap_none  | data_26_V_read |    scalar    |
|data_27_V_read  |  in |   18|   ap_none  | data_27_V_read |    scalar    |
|data_28_V_read  |  in |   18|   ap_none  | data_28_V_read |    scalar    |
|data_29_V_read  |  in |   18|   ap_none  | data_29_V_read |    scalar    |
|data_30_V_read  |  in |   18|   ap_none  | data_30_V_read |    scalar    |
|data_31_V_read  |  in |   18|   ap_none  | data_31_V_read |    scalar    |
|ap_return_0     | out |   18| ap_ctrl_hs |      relu      | return value |
|ap_return_1     | out |   18| ap_ctrl_hs |      relu      | return value |
|ap_return_2     | out |   18| ap_ctrl_hs |      relu      | return value |
|ap_return_3     | out |   18| ap_ctrl_hs |      relu      | return value |
|ap_return_4     | out |   18| ap_ctrl_hs |      relu      | return value |
|ap_return_5     | out |   18| ap_ctrl_hs |      relu      | return value |
|ap_return_6     | out |   18| ap_ctrl_hs |      relu      | return value |
|ap_return_7     | out |   18| ap_ctrl_hs |      relu      | return value |
|ap_return_8     | out |   18| ap_ctrl_hs |      relu      | return value |
|ap_return_9     | out |   18| ap_ctrl_hs |      relu      | return value |
|ap_return_10    | out |   18| ap_ctrl_hs |      relu      | return value |
|ap_return_11    | out |   18| ap_ctrl_hs |      relu      | return value |
|ap_return_12    | out |   18| ap_ctrl_hs |      relu      | return value |
|ap_return_13    | out |   18| ap_ctrl_hs |      relu      | return value |
|ap_return_14    | out |   18| ap_ctrl_hs |      relu      | return value |
|ap_return_15    | out |   18| ap_ctrl_hs |      relu      | return value |
|ap_return_16    | out |   18| ap_ctrl_hs |      relu      | return value |
|ap_return_17    | out |   18| ap_ctrl_hs |      relu      | return value |
|ap_return_18    | out |   18| ap_ctrl_hs |      relu      | return value |
|ap_return_19    | out |   18| ap_ctrl_hs |      relu      | return value |
|ap_return_20    | out |   18| ap_ctrl_hs |      relu      | return value |
|ap_return_21    | out |   18| ap_ctrl_hs |      relu      | return value |
|ap_return_22    | out |   18| ap_ctrl_hs |      relu      | return value |
|ap_return_23    | out |   18| ap_ctrl_hs |      relu      | return value |
|ap_return_24    | out |   18| ap_ctrl_hs |      relu      | return value |
|ap_return_25    | out |   18| ap_ctrl_hs |      relu      | return value |
|ap_return_26    | out |   18| ap_ctrl_hs |      relu      | return value |
|ap_return_27    | out |   18| ap_ctrl_hs |      relu      | return value |
|ap_return_28    | out |   18| ap_ctrl_hs |      relu      | return value |
|ap_return_29    | out |   18| ap_ctrl_hs |      relu      | return value |
|ap_return_30    | out |   18| ap_ctrl_hs |      relu      | return value |
|ap_return_31    | out |   18| ap_ctrl_hs |      relu      | return value |
+----------------+-----+-----+------------+----------------+--------------+

