

================================================================
== Vivado HLS Report for 'relu'
================================================================
* Date:           Tue Dec 19 09:29:19 2017

* Version:        2016.4 (Build 1756540 on Mon Jan 23 19:31:01 MST 2017)
* Project:        myproject_prj
* Solution:       solution1
* Product family: virtex7
* Target device:  xc7vx690tffg1927-2


================================================================
== Performance Estimates
================================================================
+ Timing (ns): 
    * Summary: 
    +--------+-------+----------+------------+
    |  Clock | Target| Estimated| Uncertainty|
    +--------+-------+----------+------------+
    |ap_clk  |   5.00|      2.02|        0.62|
    +--------+-------+----------+------------+

+ Latency (clock cycles): 
    * Summary: 
    +-----+-----+-----+-----+----------+
    |  Latency  |  Interval | Pipeline |
    | min | max | min | max |   Type   |
    +-----+-----+-----+-----+----------+
    |    0|    0|    1|    1| function |
    +-----+-----+-----+-----+----------+

    + Detail: 
        * Instance: 
        N/A

        * Loop: 
        N/A

============================================================
+ Verbose Summary: Synthesis Manager
============================================================
InlineROM: 1
ExposeGlobal: 0
============================================================
+ Verbose Summary: CDFG Model
============================================================
IsTopModel: 0
ResetActiveHigh: 1
IsCombinational: 0
IsDatapathOnly: 0
HasWiredReturn: 1
HasMFsm: 2
HasVarLatency: 0
IsPipeline: 1
IsRtlPipelined: 0
IsInstanceOverlapped: 0
IsDontTouch: 0
HasImplIP: 0
IsGatedGlobalClock: 0

+ Individual pipeline summary: 
  * Pipeline-0: initiation interval (II) = 1, depth = 1


============================================================
+ Verbose Summary: Schedule
============================================================
* Number of FSM states: 1
* Pipeline: 1
  Pipeline-0: II = 1, D = 1, States = { 1 }
* Dataflow Pipeline: 0

* FSM state transitions: 
1 --> 
* FSM state operations: 

 <State 1>: 2.02ns
ST_1: data_31_V_read_1 (33)  [1/1] 0.00ns
:0  %data_31_V_read_1 = call i18 @_ssdm_op_Read.ap_auto.i18(i18 %data_31_V_read)

ST_1: data_30_V_read_1 (34)  [1/1] 0.00ns
:1  %data_30_V_read_1 = call i18 @_ssdm_op_Read.ap_auto.i18(i18 %data_30_V_read)

ST_1: data_29_V_read_1 (35)  [1/1] 0.00ns
:2  %data_29_V_read_1 = call i18 @_ssdm_op_Read.ap_auto.i18(i18 %data_29_V_read)

ST_1: data_28_V_read_1 (36)  [1/1] 0.00ns
:3  %data_28_V_read_1 = call i18 @_ssdm_op_Read.ap_auto.i18(i18 %data_28_V_read)

ST_1: data_27_V_read_1 (37)  [1/1] 0.00ns
:4  %data_27_V_read_1 = call i18 @_ssdm_op_Read.ap_auto.i18(i18 %data_27_V_read)

ST_1: data_26_V_read_1 (38)  [1/1] 0.00ns
:5  %data_26_V_read_1 = call i18 @_ssdm_op_Read.ap_auto.i18(i18 %data_26_V_read)

ST_1: data_25_V_read_1 (39)  [1/1] 0.00ns
:6  %data_25_V_read_1 = call i18 @_ssdm_op_Read.ap_auto.i18(i18 %data_25_V_read)

ST_1: data_24_V_read_1 (40)  [1/1] 0.00ns
:7  %data_24_V_read_1 = call i18 @_ssdm_op_Read.ap_auto.i18(i18 %data_24_V_read)

ST_1: data_23_V_read_1 (41)  [1/1] 0.00ns
:8  %data_23_V_read_1 = call i18 @_ssdm_op_Read.ap_auto.i18(i18 %data_23_V_read)

ST_1: data_22_V_read_1 (42)  [1/1] 0.00ns
:9  %data_22_V_read_1 = call i18 @_ssdm_op_Read.ap_auto.i18(i18 %data_22_V_read)

ST_1: data_21_V_read_1 (43)  [1/1] 0.00ns
:10  %data_21_V_read_1 = call i18 @_ssdm_op_Read.ap_auto.i18(i18 %data_21_V_read)

ST_1: data_20_V_read_1 (44)  [1/1] 0.00ns
:11  %data_20_V_read_1 = call i18 @_ssdm_op_Read.ap_auto.i18(i18 %data_20_V_read)

ST_1: data_19_V_read_1 (45)  [1/1] 0.00ns
:12  %data_19_V_read_1 = call i18 @_ssdm_op_Read.ap_auto.i18(i18 %data_19_V_read)

ST_1: data_18_V_read_1 (46)  [1/1] 0.00ns
:13  %data_18_V_read_1 = call i18 @_ssdm_op_Read.ap_auto.i18(i18 %data_18_V_read)

ST_1: data_17_V_read_1 (47)  [1/1] 0.00ns
:14  %data_17_V_read_1 = call i18 @_ssdm_op_Read.ap_auto.i18(i18 %data_17_V_read)

ST_1: data_16_V_read_1 (48)  [1/1] 0.00ns
:15  %data_16_V_read_1 = call i18 @_ssdm_op_Read.ap_auto.i18(i18 %data_16_V_read)

ST_1: data_15_V_read_1 (49)  [1/1] 0.00ns
:16  %data_15_V_read_1 = call i18 @_ssdm_op_Read.ap_auto.i18(i18 %data_15_V_read)

ST_1: data_14_V_read_1 (50)  [1/1] 0.00ns
:17  %data_14_V_read_1 = call i18 @_ssdm_op_Read.ap_auto.i18(i18 %data_14_V_read)

ST_1: data_13_V_read_1 (51)  [1/1] 0.00ns
:18  %data_13_V_read_1 = call i18 @_ssdm_op_Read.ap_auto.i18(i18 %data_13_V_read)

ST_1: data_12_V_read_1 (52)  [1/1] 0.00ns
:19  %data_12_V_read_1 = call i18 @_ssdm_op_Read.ap_auto.i18(i18 %data_12_V_read)

ST_1: data_11_V_read_1 (53)  [1/1] 0.00ns
:20  %data_11_V_read_1 = call i18 @_ssdm_op_Read.ap_auto.i18(i18 %data_11_V_read)

ST_1: data_10_V_read_1 (54)  [1/1] 0.00ns
:21  %data_10_V_read_1 = call i18 @_ssdm_op_Read.ap_auto.i18(i18 %data_10_V_read)

ST_1: data_9_V_read_1 (55)  [1/1] 0.00ns
:22  %data_9_V_read_1 = call i18 @_ssdm_op_Read.ap_auto.i18(i18 %data_9_V_read)

ST_1: data_8_V_read_1 (56)  [1/1] 0.00ns
:23  %data_8_V_read_1 = call i18 @_ssdm_op_Read.ap_auto.i18(i18 %data_8_V_read)

ST_1: data_7_V_read_1 (57)  [1/1] 0.00ns
:24  %data_7_V_read_1 = call i18 @_ssdm_op_Read.ap_auto.i18(i18 %data_7_V_read)

ST_1: data_6_V_read_1 (58)  [1/1] 0.00ns
:25  %data_6_V_read_1 = call i18 @_ssdm_op_Read.ap_auto.i18(i18 %data_6_V_read)

ST_1: data_5_V_read_1 (59)  [1/1] 0.00ns
:26  %data_5_V_read_1 = call i18 @_ssdm_op_Read.ap_auto.i18(i18 %data_5_V_read)

ST_1: data_4_V_read_1 (60)  [1/1] 0.00ns
:27  %data_4_V_read_1 = call i18 @_ssdm_op_Read.ap_auto.i18(i18 %data_4_V_read)

ST_1: data_3_V_read_1 (61)  [1/1] 0.00ns
:28  %data_3_V_read_1 = call i18 @_ssdm_op_Read.ap_auto.i18(i18 %data_3_V_read)

ST_1: data_2_V_read_1 (62)  [1/1] 0.00ns
:29  %data_2_V_read_1 = call i18 @_ssdm_op_Read.ap_auto.i18(i18 %data_2_V_read)

ST_1: data_1_V_read_1 (63)  [1/1] 0.00ns
:30  %data_1_V_read_1 = call i18 @_ssdm_op_Read.ap_auto.i18(i18 %data_1_V_read)

ST_1: data_0_V_read_1 (64)  [1/1] 0.00ns
:31  %data_0_V_read_1 = call i18 @_ssdm_op_Read.ap_auto.i18(i18 %data_0_V_read)

ST_1: tmp (65)  [1/1] 0.00ns  loc: /home/ntran/HLS/ML/dev/HLS4ML/nnet_utils/nnet_activation.h:49
:32  %tmp = call i32 (...)* @_ssdm_op_SpecRegionBegin([12 x i8]* @p_str15)

ST_1: StgValue_35 (66)  [1/1] 0.00ns  loc: /home/ntran/HLS/ML/dev/HLS4ML/nnet_utils/nnet_activation.h:50
:33  call void (...)* @_ssdm_op_SpecPipeline(i32 -1, i32 1, i32 1, i32 0, [1 x i8]* @p_str5) nounwind

ST_1: empty (67)  [1/1] 0.00ns  loc: /home/ntran/HLS/ML/dev/HLS4ML/nnet_utils/nnet_activation.h:51
:34  %empty = call i32 (...)* @_ssdm_op_SpecRegionEnd([12 x i8]* @p_str15, i32 %tmp)

ST_1: tmp_1 (68)  [1/1] 1.31ns  loc: /home/ntran/HLS/ML/dev/HLS4ML/nnet_utils/nnet_activation.h:57
:35  %tmp_1 = icmp sgt i18 %data_0_V_read_1, 0

ST_1: tmp_9 (69)  [1/1] 0.00ns  loc: /home/ntran/HLS/ML/dev/HLS4ML/nnet_utils/nnet_activation.h:57
:36  %tmp_9 = trunc i18 %data_0_V_read_1 to i17

ST_1: res_0_V_write_assig (70)  [1/1] 0.71ns  loc: /home/ntran/HLS/ML/dev/HLS4ML/nnet_utils/nnet_activation.h:57
:37  %res_0_V_write_assig = select i1 %tmp_1, i17 %tmp_9, i17 0

ST_1: res_0_V_write_assig_1 (71)  [1/1] 0.00ns  loc: /home/ntran/HLS/ML/dev/HLS4ML/nnet_utils/nnet_activation.h:57
:38  %res_0_V_write_assig_1 = zext i17 %res_0_V_write_assig to i18

ST_1: tmp_1_1 (72)  [1/1] 1.31ns  loc: /home/ntran/HLS/ML/dev/HLS4ML/nnet_utils/nnet_activation.h:57
:39  %tmp_1_1 = icmp sgt i18 %data_1_V_read_1, 0

ST_1: tmp_10 (73)  [1/1] 0.00ns  loc: /home/ntran/HLS/ML/dev/HLS4ML/nnet_utils/nnet_activation.h:57
:40  %tmp_10 = trunc i18 %data_1_V_read_1 to i17

ST_1: res_1_V_write_assig (74)  [1/1] 0.71ns  loc: /home/ntran/HLS/ML/dev/HLS4ML/nnet_utils/nnet_activation.h:57
:41  %res_1_V_write_assig = select i1 %tmp_1_1, i17 %tmp_10, i17 0

ST_1: res_1_V_write_assig_1 (75)  [1/1] 0.00ns  loc: /home/ntran/HLS/ML/dev/HLS4ML/nnet_utils/nnet_activation.h:57
:42  %res_1_V_write_assig_1 = zext i17 %res_1_V_write_assig to i18

ST_1: tmp_1_2 (76)  [1/1] 1.31ns  loc: /home/ntran/HLS/ML/dev/HLS4ML/nnet_utils/nnet_activation.h:57
:43  %tmp_1_2 = icmp sgt i18 %data_2_V_read_1, 0

ST_1: tmp_11 (77)  [1/1] 0.00ns  loc: /home/ntran/HLS/ML/dev/HLS4ML/nnet_utils/nnet_activation.h:57
:44  %tmp_11 = trunc i18 %data_2_V_read_1 to i17

ST_1: res_2_V_write_assig (78)  [1/1] 0.71ns  loc: /home/ntran/HLS/ML/dev/HLS4ML/nnet_utils/nnet_activation.h:57
:45  %res_2_V_write_assig = select i1 %tmp_1_2, i17 %tmp_11, i17 0

ST_1: res_2_V_write_assig_1 (79)  [1/1] 0.00ns  loc: /home/ntran/HLS/ML/dev/HLS4ML/nnet_utils/nnet_activation.h:57
:46  %res_2_V_write_assig_1 = zext i17 %res_2_V_write_assig to i18

ST_1: tmp_1_3 (80)  [1/1] 1.31ns  loc: /home/ntran/HLS/ML/dev/HLS4ML/nnet_utils/nnet_activation.h:57
:47  %tmp_1_3 = icmp sgt i18 %data_3_V_read_1, 0

ST_1: tmp_12 (81)  [1/1] 0.00ns  loc: /home/ntran/HLS/ML/dev/HLS4ML/nnet_utils/nnet_activation.h:57
:48  %tmp_12 = trunc i18 %data_3_V_read_1 to i17

ST_1: res_3_V_write_assig (82)  [1/1] 0.71ns  loc: /home/ntran/HLS/ML/dev/HLS4ML/nnet_utils/nnet_activation.h:57
:49  %res_3_V_write_assig = select i1 %tmp_1_3, i17 %tmp_12, i17 0

ST_1: res_3_V_write_assig_1 (83)  [1/1] 0.00ns  loc: /home/ntran/HLS/ML/dev/HLS4ML/nnet_utils/nnet_activation.h:57
:50  %res_3_V_write_assig_1 = zext i17 %res_3_V_write_assig to i18

ST_1: tmp_1_4 (84)  [1/1] 1.31ns  loc: /home/ntran/HLS/ML/dev/HLS4ML/nnet_utils/nnet_activation.h:57
:51  %tmp_1_4 = icmp sgt i18 %data_4_V_read_1, 0

ST_1: tmp_13 (85)  [1/1] 0.00ns  loc: /home/ntran/HLS/ML/dev/HLS4ML/nnet_utils/nnet_activation.h:57
:52  %tmp_13 = trunc i18 %data_4_V_read_1 to i17

ST_1: res_4_V_write_assig (86)  [1/1] 0.71ns  loc: /home/ntran/HLS/ML/dev/HLS4ML/nnet_utils/nnet_activation.h:57
:53  %res_4_V_write_assig = select i1 %tmp_1_4, i17 %tmp_13, i17 0

ST_1: res_4_V_write_assig_1 (87)  [1/1] 0.00ns  loc: /home/ntran/HLS/ML/dev/HLS4ML/nnet_utils/nnet_activation.h:57
:54  %res_4_V_write_assig_1 = zext i17 %res_4_V_write_assig to i18

ST_1: tmp_1_5 (88)  [1/1] 1.31ns  loc: /home/ntran/HLS/ML/dev/HLS4ML/nnet_utils/nnet_activation.h:57
:55  %tmp_1_5 = icmp sgt i18 %data_5_V_read_1, 0

ST_1: tmp_14 (89)  [1/1] 0.00ns  loc: /home/ntran/HLS/ML/dev/HLS4ML/nnet_utils/nnet_activation.h:57
:56  %tmp_14 = trunc i18 %data_5_V_read_1 to i17

ST_1: res_5_V_write_assig (90)  [1/1] 0.71ns  loc: /home/ntran/HLS/ML/dev/HLS4ML/nnet_utils/nnet_activation.h:57
:57  %res_5_V_write_assig = select i1 %tmp_1_5, i17 %tmp_14, i17 0

ST_1: res_5_V_write_assig_1 (91)  [1/1] 0.00ns  loc: /home/ntran/HLS/ML/dev/HLS4ML/nnet_utils/nnet_activation.h:57
:58  %res_5_V_write_assig_1 = zext i17 %res_5_V_write_assig to i18

ST_1: tmp_1_6 (92)  [1/1] 1.31ns  loc: /home/ntran/HLS/ML/dev/HLS4ML/nnet_utils/nnet_activation.h:57
:59  %tmp_1_6 = icmp sgt i18 %data_6_V_read_1, 0

ST_1: tmp_15 (93)  [1/1] 0.00ns  loc: /home/ntran/HLS/ML/dev/HLS4ML/nnet_utils/nnet_activation.h:57
:60  %tmp_15 = trunc i18 %data_6_V_read_1 to i17

ST_1: res_6_V_write_assig (94)  [1/1] 0.71ns  loc: /home/ntran/HLS/ML/dev/HLS4ML/nnet_utils/nnet_activation.h:57
:61  %res_6_V_write_assig = select i1 %tmp_1_6, i17 %tmp_15, i17 0

ST_1: res_6_V_write_assig_1 (95)  [1/1] 0.00ns  loc: /home/ntran/HLS/ML/dev/HLS4ML/nnet_utils/nnet_activation.h:57
:62  %res_6_V_write_assig_1 = zext i17 %res_6_V_write_assig to i18

ST_1: tmp_1_7 (96)  [1/1] 1.31ns  loc: /home/ntran/HLS/ML/dev/HLS4ML/nnet_utils/nnet_activation.h:57
:63  %tmp_1_7 = icmp sgt i18 %data_7_V_read_1, 0

ST_1: tmp_16 (97)  [1/1] 0.00ns  loc: /home/ntran/HLS/ML/dev/HLS4ML/nnet_utils/nnet_activation.h:57
:64  %tmp_16 = trunc i18 %data_7_V_read_1 to i17

ST_1: res_7_V_write_assig (98)  [1/1] 0.71ns  loc: /home/ntran/HLS/ML/dev/HLS4ML/nnet_utils/nnet_activation.h:57
:65  %res_7_V_write_assig = select i1 %tmp_1_7, i17 %tmp_16, i17 0

ST_1: res_7_V_write_assig_1 (99)  [1/1] 0.00ns  loc: /home/ntran/HLS/ML/dev/HLS4ML/nnet_utils/nnet_activation.h:57
:66  %res_7_V_write_assig_1 = zext i17 %res_7_V_write_assig to i18

ST_1: tmp_1_8 (100)  [1/1] 1.31ns  loc: /home/ntran/HLS/ML/dev/HLS4ML/nnet_utils/nnet_activation.h:57
:67  %tmp_1_8 = icmp sgt i18 %data_8_V_read_1, 0

ST_1: tmp_17 (101)  [1/1] 0.00ns  loc: /home/ntran/HLS/ML/dev/HLS4ML/nnet_utils/nnet_activation.h:57
:68  %tmp_17 = trunc i18 %data_8_V_read_1 to i17

ST_1: res_8_V_write_assig (102)  [1/1] 0.71ns  loc: /home/ntran/HLS/ML/dev/HLS4ML/nnet_utils/nnet_activation.h:57
:69  %res_8_V_write_assig = select i1 %tmp_1_8, i17 %tmp_17, i17 0

ST_1: res_8_V_write_assig_1 (103)  [1/1] 0.00ns  loc: /home/ntran/HLS/ML/dev/HLS4ML/nnet_utils/nnet_activation.h:57
:70  %res_8_V_write_assig_1 = zext i17 %res_8_V_write_assig to i18

ST_1: tmp_1_9 (104)  [1/1] 1.31ns  loc: /home/ntran/HLS/ML/dev/HLS4ML/nnet_utils/nnet_activation.h:57
:71  %tmp_1_9 = icmp sgt i18 %data_9_V_read_1, 0

ST_1: tmp_18 (105)  [1/1] 0.00ns  loc: /home/ntran/HLS/ML/dev/HLS4ML/nnet_utils/nnet_activation.h:57
:72  %tmp_18 = trunc i18 %data_9_V_read_1 to i17

ST_1: res_9_V_write_assig (106)  [1/1] 0.71ns  loc: /home/ntran/HLS/ML/dev/HLS4ML/nnet_utils/nnet_activation.h:57
:73  %res_9_V_write_assig = select i1 %tmp_1_9, i17 %tmp_18, i17 0

ST_1: res_9_V_write_assig_1 (107)  [1/1] 0.00ns  loc: /home/ntran/HLS/ML/dev/HLS4ML/nnet_utils/nnet_activation.h:57
:74  %res_9_V_write_assig_1 = zext i17 %res_9_V_write_assig to i18

ST_1: tmp_1_s (108)  [1/1] 1.31ns  loc: /home/ntran/HLS/ML/dev/HLS4ML/nnet_utils/nnet_activation.h:57
:75  %tmp_1_s = icmp sgt i18 %data_10_V_read_1, 0

ST_1: tmp_19 (109)  [1/1] 0.00ns  loc: /home/ntran/HLS/ML/dev/HLS4ML/nnet_utils/nnet_activation.h:57
:76  %tmp_19 = trunc i18 %data_10_V_read_1 to i17

ST_1: res_10_V_write_assi (110)  [1/1] 0.71ns  loc: /home/ntran/HLS/ML/dev/HLS4ML/nnet_utils/nnet_activation.h:57
:77  %res_10_V_write_assi = select i1 %tmp_1_s, i17 %tmp_19, i17 0

ST_1: res_10_V_write_assi_1 (111)  [1/1] 0.00ns  loc: /home/ntran/HLS/ML/dev/HLS4ML/nnet_utils/nnet_activation.h:57
:78  %res_10_V_write_assi_1 = zext i17 %res_10_V_write_assi to i18

ST_1: tmp_1_10 (112)  [1/1] 1.31ns  loc: /home/ntran/HLS/ML/dev/HLS4ML/nnet_utils/nnet_activation.h:57
:79  %tmp_1_10 = icmp sgt i18 %data_11_V_read_1, 0

ST_1: tmp_20 (113)  [1/1] 0.00ns  loc: /home/ntran/HLS/ML/dev/HLS4ML/nnet_utils/nnet_activation.h:57
:80  %tmp_20 = trunc i18 %data_11_V_read_1 to i17

ST_1: res_11_V_write_assi (114)  [1/1] 0.71ns  loc: /home/ntran/HLS/ML/dev/HLS4ML/nnet_utils/nnet_activation.h:57
:81  %res_11_V_write_assi = select i1 %tmp_1_10, i17 %tmp_20, i17 0

ST_1: res_11_V_write_assi_1 (115)  [1/1] 0.00ns  loc: /home/ntran/HLS/ML/dev/HLS4ML/nnet_utils/nnet_activation.h:57
:82  %res_11_V_write_assi_1 = zext i17 %res_11_V_write_assi to i18

ST_1: tmp_1_11 (116)  [1/1] 1.31ns  loc: /home/ntran/HLS/ML/dev/HLS4ML/nnet_utils/nnet_activation.h:57
:83  %tmp_1_11 = icmp sgt i18 %data_12_V_read_1, 0

ST_1: tmp_21 (117)  [1/1] 0.00ns  loc: /home/ntran/HLS/ML/dev/HLS4ML/nnet_utils/nnet_activation.h:57
:84  %tmp_21 = trunc i18 %data_12_V_read_1 to i17

ST_1: res_12_V_write_assi (118)  [1/1] 0.71ns  loc: /home/ntran/HLS/ML/dev/HLS4ML/nnet_utils/nnet_activation.h:57
:85  %res_12_V_write_assi = select i1 %tmp_1_11, i17 %tmp_21, i17 0

ST_1: res_12_V_write_assi_1 (119)  [1/1] 0.00ns  loc: /home/ntran/HLS/ML/dev/HLS4ML/nnet_utils/nnet_activation.h:57
:86  %res_12_V_write_assi_1 = zext i17 %res_12_V_write_assi to i18

ST_1: tmp_1_12 (120)  [1/1] 1.31ns  loc: /home/ntran/HLS/ML/dev/HLS4ML/nnet_utils/nnet_activation.h:57
:87  %tmp_1_12 = icmp sgt i18 %data_13_V_read_1, 0

ST_1: tmp_22 (121)  [1/1] 0.00ns  loc: /home/ntran/HLS/ML/dev/HLS4ML/nnet_utils/nnet_activation.h:57
:88  %tmp_22 = trunc i18 %data_13_V_read_1 to i17

ST_1: res_13_V_write_assi (122)  [1/1] 0.71ns  loc: /home/ntran/HLS/ML/dev/HLS4ML/nnet_utils/nnet_activation.h:57
:89  %res_13_V_write_assi = select i1 %tmp_1_12, i17 %tmp_22, i17 0

ST_1: res_13_V_write_assi_1 (123)  [1/1] 0.00ns  loc: /home/ntran/HLS/ML/dev/HLS4ML/nnet_utils/nnet_activation.h:57
:90  %res_13_V_write_assi_1 = zext i17 %res_13_V_write_assi to i18

ST_1: tmp_1_13 (124)  [1/1] 1.31ns  loc: /home/ntran/HLS/ML/dev/HLS4ML/nnet_utils/nnet_activation.h:57
:91  %tmp_1_13 = icmp sgt i18 %data_14_V_read_1, 0

ST_1: tmp_23 (125)  [1/1] 0.00ns  loc: /home/ntran/HLS/ML/dev/HLS4ML/nnet_utils/nnet_activation.h:57
:92  %tmp_23 = trunc i18 %data_14_V_read_1 to i17

ST_1: res_14_V_write_assi (126)  [1/1] 0.71ns  loc: /home/ntran/HLS/ML/dev/HLS4ML/nnet_utils/nnet_activation.h:57
:93  %res_14_V_write_assi = select i1 %tmp_1_13, i17 %tmp_23, i17 0

ST_1: res_14_V_write_assi_1 (127)  [1/1] 0.00ns  loc: /home/ntran/HLS/ML/dev/HLS4ML/nnet_utils/nnet_activation.h:57
:94  %res_14_V_write_assi_1 = zext i17 %res_14_V_write_assi to i18

ST_1: tmp_1_14 (128)  [1/1] 1.31ns  loc: /home/ntran/HLS/ML/dev/HLS4ML/nnet_utils/nnet_activation.h:57
:95  %tmp_1_14 = icmp sgt i18 %data_15_V_read_1, 0

ST_1: tmp_24 (129)  [1/1] 0.00ns  loc: /home/ntran/HLS/ML/dev/HLS4ML/nnet_utils/nnet_activation.h:57
:96  %tmp_24 = trunc i18 %data_15_V_read_1 to i17

ST_1: res_15_V_write_assi (130)  [1/1] 0.71ns  loc: /home/ntran/HLS/ML/dev/HLS4ML/nnet_utils/nnet_activation.h:57
:97  %res_15_V_write_assi = select i1 %tmp_1_14, i17 %tmp_24, i17 0

ST_1: res_15_V_write_assi_1 (131)  [1/1] 0.00ns  loc: /home/ntran/HLS/ML/dev/HLS4ML/nnet_utils/nnet_activation.h:57
:98  %res_15_V_write_assi_1 = zext i17 %res_15_V_write_assi to i18

ST_1: tmp_1_15 (132)  [1/1] 1.31ns  loc: /home/ntran/HLS/ML/dev/HLS4ML/nnet_utils/nnet_activation.h:57
:99  %tmp_1_15 = icmp sgt i18 %data_16_V_read_1, 0

ST_1: tmp_25 (133)  [1/1] 0.00ns  loc: /home/ntran/HLS/ML/dev/HLS4ML/nnet_utils/nnet_activation.h:57
:100  %tmp_25 = trunc i18 %data_16_V_read_1 to i17

ST_1: res_16_V_write_assi (134)  [1/1] 0.71ns  loc: /home/ntran/HLS/ML/dev/HLS4ML/nnet_utils/nnet_activation.h:57
:101  %res_16_V_write_assi = select i1 %tmp_1_15, i17 %tmp_25, i17 0

ST_1: res_16_V_write_assi_1 (135)  [1/1] 0.00ns  loc: /home/ntran/HLS/ML/dev/HLS4ML/nnet_utils/nnet_activation.h:57
:102  %res_16_V_write_assi_1 = zext i17 %res_16_V_write_assi to i18

ST_1: tmp_1_16 (136)  [1/1] 1.31ns  loc: /home/ntran/HLS/ML/dev/HLS4ML/nnet_utils/nnet_activation.h:57
:103  %tmp_1_16 = icmp sgt i18 %data_17_V_read_1, 0

ST_1: tmp_26 (137)  [1/1] 0.00ns  loc: /home/ntran/HLS/ML/dev/HLS4ML/nnet_utils/nnet_activation.h:57
:104  %tmp_26 = trunc i18 %data_17_V_read_1 to i17

ST_1: res_17_V_write_assi (138)  [1/1] 0.71ns  loc: /home/ntran/HLS/ML/dev/HLS4ML/nnet_utils/nnet_activation.h:57
:105  %res_17_V_write_assi = select i1 %tmp_1_16, i17 %tmp_26, i17 0

ST_1: res_17_V_write_assi_1 (139)  [1/1] 0.00ns  loc: /home/ntran/HLS/ML/dev/HLS4ML/nnet_utils/nnet_activation.h:57
:106  %res_17_V_write_assi_1 = zext i17 %res_17_V_write_assi to i18

ST_1: tmp_1_17 (140)  [1/1] 1.31ns  loc: /home/ntran/HLS/ML/dev/HLS4ML/nnet_utils/nnet_activation.h:57
:107  %tmp_1_17 = icmp sgt i18 %data_18_V_read_1, 0

ST_1: tmp_27 (141)  [1/1] 0.00ns  loc: /home/ntran/HLS/ML/dev/HLS4ML/nnet_utils/nnet_activation.h:57
:108  %tmp_27 = trunc i18 %data_18_V_read_1 to i17

ST_1: res_18_V_write_assi (142)  [1/1] 0.71ns  loc: /home/ntran/HLS/ML/dev/HLS4ML/nnet_utils/nnet_activation.h:57
:109  %res_18_V_write_assi = select i1 %tmp_1_17, i17 %tmp_27, i17 0

ST_1: res_18_V_write_assi_1 (143)  [1/1] 0.00ns  loc: /home/ntran/HLS/ML/dev/HLS4ML/nnet_utils/nnet_activation.h:57
:110  %res_18_V_write_assi_1 = zext i17 %res_18_V_write_assi to i18

ST_1: tmp_1_18 (144)  [1/1] 1.31ns  loc: /home/ntran/HLS/ML/dev/HLS4ML/nnet_utils/nnet_activation.h:57
:111  %tmp_1_18 = icmp sgt i18 %data_19_V_read_1, 0

ST_1: tmp_28 (145)  [1/1] 0.00ns  loc: /home/ntran/HLS/ML/dev/HLS4ML/nnet_utils/nnet_activation.h:57
:112  %tmp_28 = trunc i18 %data_19_V_read_1 to i17

ST_1: res_19_V_write_assi (146)  [1/1] 0.71ns  loc: /home/ntran/HLS/ML/dev/HLS4ML/nnet_utils/nnet_activation.h:57
:113  %res_19_V_write_assi = select i1 %tmp_1_18, i17 %tmp_28, i17 0

ST_1: res_19_V_write_assi_1 (147)  [1/1] 0.00ns  loc: /home/ntran/HLS/ML/dev/HLS4ML/nnet_utils/nnet_activation.h:57
:114  %res_19_V_write_assi_1 = zext i17 %res_19_V_write_assi to i18

ST_1: tmp_1_19 (148)  [1/1] 1.31ns  loc: /home/ntran/HLS/ML/dev/HLS4ML/nnet_utils/nnet_activation.h:57
:115  %tmp_1_19 = icmp sgt i18 %data_20_V_read_1, 0

ST_1: tmp_29 (149)  [1/1] 0.00ns  loc: /home/ntran/HLS/ML/dev/HLS4ML/nnet_utils/nnet_activation.h:57
:116  %tmp_29 = trunc i18 %data_20_V_read_1 to i17

ST_1: res_20_V_write_assi (150)  [1/1] 0.71ns  loc: /home/ntran/HLS/ML/dev/HLS4ML/nnet_utils/nnet_activation.h:57
:117  %res_20_V_write_assi = select i1 %tmp_1_19, i17 %tmp_29, i17 0

ST_1: res_20_V_write_assi_1 (151)  [1/1] 0.00ns  loc: /home/ntran/HLS/ML/dev/HLS4ML/nnet_utils/nnet_activation.h:57
:118  %res_20_V_write_assi_1 = zext i17 %res_20_V_write_assi to i18

ST_1: tmp_1_20 (152)  [1/1] 1.31ns  loc: /home/ntran/HLS/ML/dev/HLS4ML/nnet_utils/nnet_activation.h:57
:119  %tmp_1_20 = icmp sgt i18 %data_21_V_read_1, 0

ST_1: tmp_30 (153)  [1/1] 0.00ns  loc: /home/ntran/HLS/ML/dev/HLS4ML/nnet_utils/nnet_activation.h:57
:120  %tmp_30 = trunc i18 %data_21_V_read_1 to i17

ST_1: res_21_V_write_assi (154)  [1/1] 0.71ns  loc: /home/ntran/HLS/ML/dev/HLS4ML/nnet_utils/nnet_activation.h:57
:121  %res_21_V_write_assi = select i1 %tmp_1_20, i17 %tmp_30, i17 0

ST_1: res_21_V_write_assi_1 (155)  [1/1] 0.00ns  loc: /home/ntran/HLS/ML/dev/HLS4ML/nnet_utils/nnet_activation.h:57
:122  %res_21_V_write_assi_1 = zext i17 %res_21_V_write_assi to i18

ST_1: tmp_1_21 (156)  [1/1] 1.31ns  loc: /home/ntran/HLS/ML/dev/HLS4ML/nnet_utils/nnet_activation.h:57
:123  %tmp_1_21 = icmp sgt i18 %data_22_V_read_1, 0

ST_1: tmp_31 (157)  [1/1] 0.00ns  loc: /home/ntran/HLS/ML/dev/HLS4ML/nnet_utils/nnet_activation.h:57
:124  %tmp_31 = trunc i18 %data_22_V_read_1 to i17

ST_1: res_22_V_write_assi (158)  [1/1] 0.71ns  loc: /home/ntran/HLS/ML/dev/HLS4ML/nnet_utils/nnet_activation.h:57
:125  %res_22_V_write_assi = select i1 %tmp_1_21, i17 %tmp_31, i17 0

ST_1: res_22_V_write_assi_1 (159)  [1/1] 0.00ns  loc: /home/ntran/HLS/ML/dev/HLS4ML/nnet_utils/nnet_activation.h:57
:126  %res_22_V_write_assi_1 = zext i17 %res_22_V_write_assi to i18

ST_1: tmp_1_22 (160)  [1/1] 1.31ns  loc: /home/ntran/HLS/ML/dev/HLS4ML/nnet_utils/nnet_activation.h:57
:127  %tmp_1_22 = icmp sgt i18 %data_23_V_read_1, 0

ST_1: tmp_32 (161)  [1/1] 0.00ns  loc: /home/ntran/HLS/ML/dev/HLS4ML/nnet_utils/nnet_activation.h:57
:128  %tmp_32 = trunc i18 %data_23_V_read_1 to i17

ST_1: res_23_V_write_assi (162)  [1/1] 0.71ns  loc: /home/ntran/HLS/ML/dev/HLS4ML/nnet_utils/nnet_activation.h:57
:129  %res_23_V_write_assi = select i1 %tmp_1_22, i17 %tmp_32, i17 0

ST_1: res_23_V_write_assi_1 (163)  [1/1] 0.00ns  loc: /home/ntran/HLS/ML/dev/HLS4ML/nnet_utils/nnet_activation.h:57
:130  %res_23_V_write_assi_1 = zext i17 %res_23_V_write_assi to i18

ST_1: tmp_1_23 (164)  [1/1] 1.31ns  loc: /home/ntran/HLS/ML/dev/HLS4ML/nnet_utils/nnet_activation.h:57
:131  %tmp_1_23 = icmp sgt i18 %data_24_V_read_1, 0

ST_1: tmp_33 (165)  [1/1] 0.00ns  loc: /home/ntran/HLS/ML/dev/HLS4ML/nnet_utils/nnet_activation.h:57
:132  %tmp_33 = trunc i18 %data_24_V_read_1 to i17

ST_1: res_24_V_write_assi (166)  [1/1] 0.71ns  loc: /home/ntran/HLS/ML/dev/HLS4ML/nnet_utils/nnet_activation.h:57
:133  %res_24_V_write_assi = select i1 %tmp_1_23, i17 %tmp_33, i17 0

ST_1: res_24_V_write_assi_1 (167)  [1/1] 0.00ns  loc: /home/ntran/HLS/ML/dev/HLS4ML/nnet_utils/nnet_activation.h:57
:134  %res_24_V_write_assi_1 = zext i17 %res_24_V_write_assi to i18

ST_1: tmp_1_24 (168)  [1/1] 1.31ns  loc: /home/ntran/HLS/ML/dev/HLS4ML/nnet_utils/nnet_activation.h:57
:135  %tmp_1_24 = icmp sgt i18 %data_25_V_read_1, 0

ST_1: tmp_34 (169)  [1/1] 0.00ns  loc: /home/ntran/HLS/ML/dev/HLS4ML/nnet_utils/nnet_activation.h:57
:136  %tmp_34 = trunc i18 %data_25_V_read_1 to i17

ST_1: res_25_V_write_assi (170)  [1/1] 0.71ns  loc: /home/ntran/HLS/ML/dev/HLS4ML/nnet_utils/nnet_activation.h:57
:137  %res_25_V_write_assi = select i1 %tmp_1_24, i17 %tmp_34, i17 0

ST_1: res_25_V_write_assi_1 (171)  [1/1] 0.00ns  loc: /home/ntran/HLS/ML/dev/HLS4ML/nnet_utils/nnet_activation.h:57
:138  %res_25_V_write_assi_1 = zext i17 %res_25_V_write_assi to i18

ST_1: tmp_1_25 (172)  [1/1] 1.31ns  loc: /home/ntran/HLS/ML/dev/HLS4ML/nnet_utils/nnet_activation.h:57
:139  %tmp_1_25 = icmp sgt i18 %data_26_V_read_1, 0

ST_1: tmp_35 (173)  [1/1] 0.00ns  loc: /home/ntran/HLS/ML/dev/HLS4ML/nnet_utils/nnet_activation.h:57
:140  %tmp_35 = trunc i18 %data_26_V_read_1 to i17

ST_1: res_26_V_write_assi (174)  [1/1] 0.71ns  loc: /home/ntran/HLS/ML/dev/HLS4ML/nnet_utils/nnet_activation.h:57
:141  %res_26_V_write_assi = select i1 %tmp_1_25, i17 %tmp_35, i17 0

ST_1: res_26_V_write_assi_1 (175)  [1/1] 0.00ns  loc: /home/ntran/HLS/ML/dev/HLS4ML/nnet_utils/nnet_activation.h:57
:142  %res_26_V_write_assi_1 = zext i17 %res_26_V_write_assi to i18

ST_1: tmp_1_26 (176)  [1/1] 1.31ns  loc: /home/ntran/HLS/ML/dev/HLS4ML/nnet_utils/nnet_activation.h:57
:143  %tmp_1_26 = icmp sgt i18 %data_27_V_read_1, 0

ST_1: tmp_36 (177)  [1/1] 0.00ns  loc: /home/ntran/HLS/ML/dev/HLS4ML/nnet_utils/nnet_activation.h:57
:144  %tmp_36 = trunc i18 %data_27_V_read_1 to i17

ST_1: res_27_V_write_assi (178)  [1/1] 0.71ns  loc: /home/ntran/HLS/ML/dev/HLS4ML/nnet_utils/nnet_activation.h:57
:145  %res_27_V_write_assi = select i1 %tmp_1_26, i17 %tmp_36, i17 0

ST_1: res_27_V_write_assi_1 (179)  [1/1] 0.00ns  loc: /home/ntran/HLS/ML/dev/HLS4ML/nnet_utils/nnet_activation.h:57
:146  %res_27_V_write_assi_1 = zext i17 %res_27_V_write_assi to i18

ST_1: tmp_1_27 (180)  [1/1] 1.31ns  loc: /home/ntran/HLS/ML/dev/HLS4ML/nnet_utils/nnet_activation.h:57
:147  %tmp_1_27 = icmp sgt i18 %data_28_V_read_1, 0

ST_1: tmp_37 (181)  [1/1] 0.00ns  loc: /home/ntran/HLS/ML/dev/HLS4ML/nnet_utils/nnet_activation.h:57
:148  %tmp_37 = trunc i18 %data_28_V_read_1 to i17

ST_1: res_28_V_write_assi (182)  [1/1] 0.71ns  loc: /home/ntran/HLS/ML/dev/HLS4ML/nnet_utils/nnet_activation.h:57
:149  %res_28_V_write_assi = select i1 %tmp_1_27, i17 %tmp_37, i17 0

ST_1: res_28_V_write_assi_1 (183)  [1/1] 0.00ns  loc: /home/ntran/HLS/ML/dev/HLS4ML/nnet_utils/nnet_activation.h:57
:150  %res_28_V_write_assi_1 = zext i17 %res_28_V_write_assi to i18

ST_1: tmp_1_28 (184)  [1/1] 1.31ns  loc: /home/ntran/HLS/ML/dev/HLS4ML/nnet_utils/nnet_activation.h:57
:151  %tmp_1_28 = icmp sgt i18 %data_29_V_read_1, 0

ST_1: tmp_38 (185)  [1/1] 0.00ns  loc: /home/ntran/HLS/ML/dev/HLS4ML/nnet_utils/nnet_activation.h:57
:152  %tmp_38 = trunc i18 %data_29_V_read_1 to i17

ST_1: res_29_V_write_assi (186)  [1/1] 0.71ns  loc: /home/ntran/HLS/ML/dev/HLS4ML/nnet_utils/nnet_activation.h:57
:153  %res_29_V_write_assi = select i1 %tmp_1_28, i17 %tmp_38, i17 0

ST_1: res_29_V_write_assi_1 (187)  [1/1] 0.00ns  loc: /home/ntran/HLS/ML/dev/HLS4ML/nnet_utils/nnet_activation.h:57
:154  %res_29_V_write_assi_1 = zext i17 %res_29_V_write_assi to i18

ST_1: tmp_1_29 (188)  [1/1] 1.31ns  loc: /home/ntran/HLS/ML/dev/HLS4ML/nnet_utils/nnet_activation.h:57
:155  %tmp_1_29 = icmp sgt i18 %data_30_V_read_1, 0

ST_1: tmp_39 (189)  [1/1] 0.00ns  loc: /home/ntran/HLS/ML/dev/HLS4ML/nnet_utils/nnet_activation.h:57
:156  %tmp_39 = trunc i18 %data_30_V_read_1 to i17

ST_1: res_30_V_write_assi (190)  [1/1] 0.71ns  loc: /home/ntran/HLS/ML/dev/HLS4ML/nnet_utils/nnet_activation.h:57
:157  %res_30_V_write_assi = select i1 %tmp_1_29, i17 %tmp_39, i17 0

ST_1: res_30_V_write_assi_1 (191)  [1/1] 0.00ns  loc: /home/ntran/HLS/ML/dev/HLS4ML/nnet_utils/nnet_activation.h:57
:158  %res_30_V_write_assi_1 = zext i17 %res_30_V_write_assi to i18

ST_1: tmp_1_30 (192)  [1/1] 1.31ns  loc: /home/ntran/HLS/ML/dev/HLS4ML/nnet_utils/nnet_activation.h:57
:159  %tmp_1_30 = icmp sgt i18 %data_31_V_read_1, 0

ST_1: tmp_40 (193)  [1/1] 0.00ns  loc: /home/ntran/HLS/ML/dev/HLS4ML/nnet_utils/nnet_activation.h:57
:160  %tmp_40 = trunc i18 %data_31_V_read_1 to i17

ST_1: res_31_V_write_assi (194)  [1/1] 0.71ns  loc: /home/ntran/HLS/ML/dev/HLS4ML/nnet_utils/nnet_activation.h:57
:161  %res_31_V_write_assi = select i1 %tmp_1_30, i17 %tmp_40, i17 0

ST_1: res_31_V_write_assi_1 (195)  [1/1] 0.00ns  loc: /home/ntran/HLS/ML/dev/HLS4ML/nnet_utils/nnet_activation.h:57
:162  %res_31_V_write_assi_1 = zext i17 %res_31_V_write_assi to i18

ST_1: mrv (196)  [1/1] 0.00ns  loc: /home/ntran/HLS/ML/dev/HLS4ML/nnet_utils/nnet_activation.h:60
:163  %mrv = insertvalue { i18, i18, i18, i18, i18, i18, i18, i18, i18, i18, i18, i18, i18, i18, i18, i18, i18, i18, i18, i18, i18, i18, i18, i18, i18, i18, i18, i18, i18, i18, i18, i18 } undef, i18 %res_0_V_write_assig_1, 0

ST_1: mrv_1 (197)  [1/1] 0.00ns  loc: /home/ntran/HLS/ML/dev/HLS4ML/nnet_utils/nnet_activation.h:60
:164  %mrv_1 = insertvalue { i18, i18, i18, i18, i18, i18, i18, i18, i18, i18, i18, i18, i18, i18, i18, i18, i18, i18, i18, i18, i18, i18, i18, i18, i18, i18, i18, i18, i18, i18, i18, i18 } %mrv, i18 %res_1_V_write_assig_1, 1

ST_1: mrv_2 (198)  [1/1] 0.00ns  loc: /home/ntran/HLS/ML/dev/HLS4ML/nnet_utils/nnet_activation.h:60
:165  %mrv_2 = insertvalue { i18, i18, i18, i18, i18, i18, i18, i18, i18, i18, i18, i18, i18, i18, i18, i18, i18, i18, i18, i18, i18, i18, i18, i18, i18, i18, i18, i18, i18, i18, i18, i18 } %mrv_1, i18 %res_2_V_write_assig_1, 2

ST_1: mrv_3 (199)  [1/1] 0.00ns  loc: /home/ntran/HLS/ML/dev/HLS4ML/nnet_utils/nnet_activation.h:60
:166  %mrv_3 = insertvalue { i18, i18, i18, i18, i18, i18, i18, i18, i18, i18, i18, i18, i18, i18, i18, i18, i18, i18, i18, i18, i18, i18, i18, i18, i18, i18, i18, i18, i18, i18, i18, i18 } %mrv_2, i18 %res_3_V_write_assig_1, 3

ST_1: mrv_4 (200)  [1/1] 0.00ns  loc: /home/ntran/HLS/ML/dev/HLS4ML/nnet_utils/nnet_activation.h:60
:167  %mrv_4 = insertvalue { i18, i18, i18, i18, i18, i18, i18, i18, i18, i18, i18, i18, i18, i18, i18, i18, i18, i18, i18, i18, i18, i18, i18, i18, i18, i18, i18, i18, i18, i18, i18, i18 } %mrv_3, i18 %res_4_V_write_assig_1, 4

ST_1: mrv_5 (201)  [1/1] 0.00ns  loc: /home/ntran/HLS/ML/dev/HLS4ML/nnet_utils/nnet_activation.h:60
:168  %mrv_5 = insertvalue { i18, i18, i18, i18, i18, i18, i18, i18, i18, i18, i18, i18, i18, i18, i18, i18, i18, i18, i18, i18, i18, i18, i18, i18, i18, i18, i18, i18, i18, i18, i18, i18 } %mrv_4, i18 %res_5_V_write_assig_1, 5

ST_1: mrv_6 (202)  [1/1] 0.00ns  loc: /home/ntran/HLS/ML/dev/HLS4ML/nnet_utils/nnet_activation.h:60
:169  %mrv_6 = insertvalue { i18, i18, i18, i18, i18, i18, i18, i18, i18, i18, i18, i18, i18, i18, i18, i18, i18, i18, i18, i18, i18, i18, i18, i18, i18, i18, i18, i18, i18, i18, i18, i18 } %mrv_5, i18 %res_6_V_write_assig_1, 6

ST_1: mrv_7 (203)  [1/1] 0.00ns  loc: /home/ntran/HLS/ML/dev/HLS4ML/nnet_utils/nnet_activation.h:60
:170  %mrv_7 = insertvalue { i18, i18, i18, i18, i18, i18, i18, i18, i18, i18, i18, i18, i18, i18, i18, i18, i18, i18, i18, i18, i18, i18, i18, i18, i18, i18, i18, i18, i18, i18, i18, i18 } %mrv_6, i18 %res_7_V_write_assig_1, 7

ST_1: mrv_8 (204)  [1/1] 0.00ns  loc: /home/ntran/HLS/ML/dev/HLS4ML/nnet_utils/nnet_activation.h:60
:171  %mrv_8 = insertvalue { i18, i18, i18, i18, i18, i18, i18, i18, i18, i18, i18, i18, i18, i18, i18, i18, i18, i18, i18, i18, i18, i18, i18, i18, i18, i18, i18, i18, i18, i18, i18, i18 } %mrv_7, i18 %res_8_V_write_assig_1, 8

ST_1: mrv_9 (205)  [1/1] 0.00ns  loc: /home/ntran/HLS/ML/dev/HLS4ML/nnet_utils/nnet_activation.h:60
:172  %mrv_9 = insertvalue { i18, i18, i18, i18, i18, i18, i18, i18, i18, i18, i18, i18, i18, i18, i18, i18, i18, i18, i18, i18, i18, i18, i18, i18, i18, i18, i18, i18, i18, i18, i18, i18 } %mrv_8, i18 %res_9_V_write_assig_1, 9

ST_1: mrv_s (206)  [1/1] 0.00ns  loc: /home/ntran/HLS/ML/dev/HLS4ML/nnet_utils/nnet_activation.h:60
:173  %mrv_s = insertvalue { i18, i18, i18, i18, i18, i18, i18, i18, i18, i18, i18, i18, i18, i18, i18, i18, i18, i18, i18, i18, i18, i18, i18, i18, i18, i18, i18, i18, i18, i18, i18, i18 } %mrv_9, i18 %res_10_V_write_assi_1, 10

ST_1: mrv_10 (207)  [1/1] 0.00ns  loc: /home/ntran/HLS/ML/dev/HLS4ML/nnet_utils/nnet_activation.h:60
:174  %mrv_10 = insertvalue { i18, i18, i18, i18, i18, i18, i18, i18, i18, i18, i18, i18, i18, i18, i18, i18, i18, i18, i18, i18, i18, i18, i18, i18, i18, i18, i18, i18, i18, i18, i18, i18 } %mrv_s, i18 %res_11_V_write_assi_1, 11

ST_1: mrv_11 (208)  [1/1] 0.00ns  loc: /home/ntran/HLS/ML/dev/HLS4ML/nnet_utils/nnet_activation.h:60
:175  %mrv_11 = insertvalue { i18, i18, i18, i18, i18, i18, i18, i18, i18, i18, i18, i18, i18, i18, i18, i18, i18, i18, i18, i18, i18, i18, i18, i18, i18, i18, i18, i18, i18, i18, i18, i18 } %mrv_10, i18 %res_12_V_write_assi_1, 12

ST_1: mrv_12 (209)  [1/1] 0.00ns  loc: /home/ntran/HLS/ML/dev/HLS4ML/nnet_utils/nnet_activation.h:60
:176  %mrv_12 = insertvalue { i18, i18, i18, i18, i18, i18, i18, i18, i18, i18, i18, i18, i18, i18, i18, i18, i18, i18, i18, i18, i18, i18, i18, i18, i18, i18, i18, i18, i18, i18, i18, i18 } %mrv_11, i18 %res_13_V_write_assi_1, 13

ST_1: mrv_13 (210)  [1/1] 0.00ns  loc: /home/ntran/HLS/ML/dev/HLS4ML/nnet_utils/nnet_activation.h:60
:177  %mrv_13 = insertvalue { i18, i18, i18, i18, i18, i18, i18, i18, i18, i18, i18, i18, i18, i18, i18, i18, i18, i18, i18, i18, i18, i18, i18, i18, i18, i18, i18, i18, i18, i18, i18, i18 } %mrv_12, i18 %res_14_V_write_assi_1, 14

ST_1: mrv_14 (211)  [1/1] 0.00ns  loc: /home/ntran/HLS/ML/dev/HLS4ML/nnet_utils/nnet_activation.h:60
:178  %mrv_14 = insertvalue { i18, i18, i18, i18, i18, i18, i18, i18, i18, i18, i18, i18, i18, i18, i18, i18, i18, i18, i18, i18, i18, i18, i18, i18, i18, i18, i18, i18, i18, i18, i18, i18 } %mrv_13, i18 %res_15_V_write_assi_1, 15

ST_1: mrv_15 (212)  [1/1] 0.00ns  loc: /home/ntran/HLS/ML/dev/HLS4ML/nnet_utils/nnet_activation.h:60
:179  %mrv_15 = insertvalue { i18, i18, i18, i18, i18, i18, i18, i18, i18, i18, i18, i18, i18, i18, i18, i18, i18, i18, i18, i18, i18, i18, i18, i18, i18, i18, i18, i18, i18, i18, i18, i18 } %mrv_14, i18 %res_16_V_write_assi_1, 16

ST_1: mrv_16 (213)  [1/1] 0.00ns  loc: /home/ntran/HLS/ML/dev/HLS4ML/nnet_utils/nnet_activation.h:60
:180  %mrv_16 = insertvalue { i18, i18, i18, i18, i18, i18, i18, i18, i18, i18, i18, i18, i18, i18, i18, i18, i18, i18, i18, i18, i18, i18, i18, i18, i18, i18, i18, i18, i18, i18, i18, i18 } %mrv_15, i18 %res_17_V_write_assi_1, 17

ST_1: mrv_17 (214)  [1/1] 0.00ns  loc: /home/ntran/HLS/ML/dev/HLS4ML/nnet_utils/nnet_activation.h:60
:181  %mrv_17 = insertvalue { i18, i18, i18, i18, i18, i18, i18, i18, i18, i18, i18, i18, i18, i18, i18, i18, i18, i18, i18, i18, i18, i18, i18, i18, i18, i18, i18, i18, i18, i18, i18, i18 } %mrv_16, i18 %res_18_V_write_assi_1, 18

ST_1: mrv_18 (215)  [1/1] 0.00ns  loc: /home/ntran/HLS/ML/dev/HLS4ML/nnet_utils/nnet_activation.h:60
:182  %mrv_18 = insertvalue { i18, i18, i18, i18, i18, i18, i18, i18, i18, i18, i18, i18, i18, i18, i18, i18, i18, i18, i18, i18, i18, i18, i18, i18, i18, i18, i18, i18, i18, i18, i18, i18 } %mrv_17, i18 %res_19_V_write_assi_1, 19

ST_1: mrv_19 (216)  [1/1] 0.00ns  loc: /home/ntran/HLS/ML/dev/HLS4ML/nnet_utils/nnet_activation.h:60
:183  %mrv_19 = insertvalue { i18, i18, i18, i18, i18, i18, i18, i18, i18, i18, i18, i18, i18, i18, i18, i18, i18, i18, i18, i18, i18, i18, i18, i18, i18, i18, i18, i18, i18, i18, i18, i18 } %mrv_18, i18 %res_20_V_write_assi_1, 20

ST_1: mrv_20 (217)  [1/1] 0.00ns  loc: /home/ntran/HLS/ML/dev/HLS4ML/nnet_utils/nnet_activation.h:60
:184  %mrv_20 = insertvalue { i18, i18, i18, i18, i18, i18, i18, i18, i18, i18, i18, i18, i18, i18, i18, i18, i18, i18, i18, i18, i18, i18, i18, i18, i18, i18, i18, i18, i18, i18, i18, i18 } %mrv_19, i18 %res_21_V_write_assi_1, 21

ST_1: mrv_21 (218)  [1/1] 0.00ns  loc: /home/ntran/HLS/ML/dev/HLS4ML/nnet_utils/nnet_activation.h:60
:185  %mrv_21 = insertvalue { i18, i18, i18, i18, i18, i18, i18, i18, i18, i18, i18, i18, i18, i18, i18, i18, i18, i18, i18, i18, i18, i18, i18, i18, i18, i18, i18, i18, i18, i18, i18, i18 } %mrv_20, i18 %res_22_V_write_assi_1, 22

ST_1: mrv_22 (219)  [1/1] 0.00ns  loc: /home/ntran/HLS/ML/dev/HLS4ML/nnet_utils/nnet_activation.h:60
:186  %mrv_22 = insertvalue { i18, i18, i18, i18, i18, i18, i18, i18, i18, i18, i18, i18, i18, i18, i18, i18, i18, i18, i18, i18, i18, i18, i18, i18, i18, i18, i18, i18, i18, i18, i18, i18 } %mrv_21, i18 %res_23_V_write_assi_1, 23

ST_1: mrv_23 (220)  [1/1] 0.00ns  loc: /home/ntran/HLS/ML/dev/HLS4ML/nnet_utils/nnet_activation.h:60
:187  %mrv_23 = insertvalue { i18, i18, i18, i18, i18, i18, i18, i18, i18, i18, i18, i18, i18, i18, i18, i18, i18, i18, i18, i18, i18, i18, i18, i18, i18, i18, i18, i18, i18, i18, i18, i18 } %mrv_22, i18 %res_24_V_write_assi_1, 24

ST_1: mrv_24 (221)  [1/1] 0.00ns  loc: /home/ntran/HLS/ML/dev/HLS4ML/nnet_utils/nnet_activation.h:60
:188  %mrv_24 = insertvalue { i18, i18, i18, i18, i18, i18, i18, i18, i18, i18, i18, i18, i18, i18, i18, i18, i18, i18, i18, i18, i18, i18, i18, i18, i18, i18, i18, i18, i18, i18, i18, i18 } %mrv_23, i18 %res_25_V_write_assi_1, 25

ST_1: mrv_25 (222)  [1/1] 0.00ns  loc: /home/ntran/HLS/ML/dev/HLS4ML/nnet_utils/nnet_activation.h:60
:189  %mrv_25 = insertvalue { i18, i18, i18, i18, i18, i18, i18, i18, i18, i18, i18, i18, i18, i18, i18, i18, i18, i18, i18, i18, i18, i18, i18, i18, i18, i18, i18, i18, i18, i18, i18, i18 } %mrv_24, i18 %res_26_V_write_assi_1, 26

ST_1: mrv_26 (223)  [1/1] 0.00ns  loc: /home/ntran/HLS/ML/dev/HLS4ML/nnet_utils/nnet_activation.h:60
:190  %mrv_26 = insertvalue { i18, i18, i18, i18, i18, i18, i18, i18, i18, i18, i18, i18, i18, i18, i18, i18, i18, i18, i18, i18, i18, i18, i18, i18, i18, i18, i18, i18, i18, i18, i18, i18 } %mrv_25, i18 %res_27_V_write_assi_1, 27

ST_1: mrv_27 (224)  [1/1] 0.00ns  loc: /home/ntran/HLS/ML/dev/HLS4ML/nnet_utils/nnet_activation.h:60
:191  %mrv_27 = insertvalue { i18, i18, i18, i18, i18, i18, i18, i18, i18, i18, i18, i18, i18, i18, i18, i18, i18, i18, i18, i18, i18, i18, i18, i18, i18, i18, i18, i18, i18, i18, i18, i18 } %mrv_26, i18 %res_28_V_write_assi_1, 28

ST_1: mrv_28 (225)  [1/1] 0.00ns  loc: /home/ntran/HLS/ML/dev/HLS4ML/nnet_utils/nnet_activation.h:60
:192  %mrv_28 = insertvalue { i18, i18, i18, i18, i18, i18, i18, i18, i18, i18, i18, i18, i18, i18, i18, i18, i18, i18, i18, i18, i18, i18, i18, i18, i18, i18, i18, i18, i18, i18, i18, i18 } %mrv_27, i18 %res_29_V_write_assi_1, 29

ST_1: mrv_29 (226)  [1/1] 0.00ns  loc: /home/ntran/HLS/ML/dev/HLS4ML/nnet_utils/nnet_activation.h:60
:193  %mrv_29 = insertvalue { i18, i18, i18, i18, i18, i18, i18, i18, i18, i18, i18, i18, i18, i18, i18, i18, i18, i18, i18, i18, i18, i18, i18, i18, i18, i18, i18, i18, i18, i18, i18, i18 } %mrv_28, i18 %res_30_V_write_assi_1, 30

ST_1: mrv_30 (227)  [1/1] 0.00ns  loc: /home/ntran/HLS/ML/dev/HLS4ML/nnet_utils/nnet_activation.h:60
:194  %mrv_30 = insertvalue { i18, i18, i18, i18, i18, i18, i18, i18, i18, i18, i18, i18, i18, i18, i18, i18, i18, i18, i18, i18, i18, i18, i18, i18, i18, i18, i18, i18, i18, i18, i18, i18 } %mrv_29, i18 %res_31_V_write_assi_1, 31

ST_1: StgValue_197 (228)  [1/1] 0.00ns  loc: /home/ntran/HLS/ML/dev/HLS4ML/nnet_utils/nnet_activation.h:60
:195  ret { i18, i18, i18, i18, i18, i18, i18, i18, i18, i18, i18, i18, i18, i18, i18, i18, i18, i18, i18, i18, i18, i18, i18, i18, i18, i18, i18, i18, i18, i18, i18, i18 } %mrv_30



============================================================
+ Verbose Summary: Timing violations
============================================================
Target clock period: 5ns, clock uncertainty: 0.625ns.

 <State 1>: 2.02ns
The critical path consists of the following:
	wire read on port 'data_31_V_read' [33]  (0 ns)
	'icmp' operation ('tmp_1_30', /home/ntran/HLS/ML/dev/HLS4ML/nnet_utils/nnet_activation.h:57) [192]  (1.31 ns)
	'select' operation ('res[31].V', /home/ntran/HLS/ML/dev/HLS4ML/nnet_utils/nnet_activation.h:57) [194]  (0.71 ns)


============================================================
+ Verbose Summary: Binding
============================================================
N/A
* FSMD analyzer results:
  - Output states:
 - Input state : 
  - Chain level:
	State 1


============================================================
+ Verbose Summary: Datapath Resource usage 
============================================================
N/A
