

================================================================
== Vivado HLS Report for 'conv_1d_0_0_0_0'
================================================================
* Date:           Sun Mar 31 23:52:42 2019

* Version:        2018.2 (Build 2258646 on Thu Jun 14 20:25:20 MDT 2018)
* Project:        myproject_prj
* Solution:       solution1
* Product family: kintexu
* Target device:  xcku115-flva1517-2-e


================================================================
== Performance Estimates
================================================================
+ Timing (ns): 
    * Summary: 
    +--------+-------+----------+------------+
    |  Clock | Target| Estimated| Uncertainty|
    +--------+-------+----------+------------+
    |ap_clk  |   5.00|     3.806|        0.62|
    +--------+-------+----------+------------+

+ Latency (clock cycles): 
    * Summary: 
    +-----+-----+-----+-----+----------+
    |  Latency  |  Interval | Pipeline |
    | min | max | min | max |   Type   |
    +-----+-----+-----+-----+----------+
    |    3|    3|    1|    1| function |
    +-----+-----+-----+-----+----------+

    + Detail: 
        * Instance: 
        N/A

        * Loop: 
        N/A



================================================================
== Utilization Estimates
================================================================
* Summary: 
+---------------------+---------+-------+---------+--------+
|         Name        | BRAM_18K| DSP48E|    FF   |   LUT  |
+---------------------+---------+-------+---------+--------+
|DSP                  |        -|      -|        -|       -|
|Expression           |        -|      -|        0|    2769|
|FIFO                 |        -|      -|        -|       -|
|Instance             |        -|    504|    20790|    6174|
|Memory               |        -|      -|        -|       -|
|Multiplexer          |        -|      -|        -|     108|
|Register             |        -|      -|     5889|       -|
+---------------------+---------+-------+---------+--------+
|Total                |        0|    504|    26679|    9051|
+---------------------+---------+-------+---------+--------+
|Available SLR        |     2160|   2760|   663360|  331680|
+---------------------+---------+-------+---------+--------+
|Utilization SLR (%)  |        0|     18|        4|       2|
+---------------------+---------+-------+---------+--------+
|Available            |     4320|   5520|  1326720|  663360|
+---------------------+---------+-------+---------+--------+
|Utilization (%)      |        0|      9|        2|       1|
+---------------------+---------+-------+---------+--------+

+ Detail: 
    * Instance: 
    +---------------------------+----------------------+---------+-------+-----+----+
    |          Instance         |        Module        | BRAM_18K| DSP48E|  FF | LUT|
    +---------------------------+----------------------+---------+-------+-----+----+
    |myproject_galapagbkb_U1    |myproject_galapagbkb  |        0|      4|  165|  49|
    |myproject_galapagbkb_U4    |myproject_galapagbkb  |        0|      4|  165|  49|
    |myproject_galapagbkb_U11   |myproject_galapagbkb  |        0|      4|  165|  49|
    |myproject_galapagbkb_U24   |myproject_galapagbkb  |        0|      4|  165|  49|
    |myproject_galapagbkb_U38   |myproject_galapagbkb  |        0|      4|  165|  49|
    |myproject_galapagbkb_U50   |myproject_galapagbkb  |        0|      4|  165|  49|
    |myproject_galapagbkb_U52   |myproject_galapagbkb  |        0|      4|  165|  49|
    |myproject_galapagbkb_U62   |myproject_galapagbkb  |        0|      4|  165|  49|
    |myproject_galapagbkb_U70   |myproject_galapagbkb  |        0|      4|  165|  49|
    |myproject_galapagbkb_U73   |myproject_galapagbkb  |        0|      4|  165|  49|
    |myproject_galapagbkb_U75   |myproject_galapagbkb  |        0|      4|  165|  49|
    |myproject_galapagbkb_U76   |myproject_galapagbkb  |        0|      4|  165|  49|
    |myproject_galapagbkb_U81   |myproject_galapagbkb  |        0|      4|  165|  49|
    |myproject_galapagbkb_U84   |myproject_galapagbkb  |        0|      4|  165|  49|
    |myproject_galapagbkb_U90   |myproject_galapagbkb  |        0|      4|  165|  49|
    |myproject_galapagbkb_U93   |myproject_galapagbkb  |        0|      4|  165|  49|
    |myproject_galapagbkb_U94   |myproject_galapagbkb  |        0|      4|  165|  49|
    |myproject_galapagbkb_U98   |myproject_galapagbkb  |        0|      4|  165|  49|
    |myproject_galapagbkb_U101  |myproject_galapagbkb  |        0|      4|  165|  49|
    |myproject_galapagbkb_U105  |myproject_galapagbkb  |        0|      4|  165|  49|
    |myproject_galapagbkb_U112  |myproject_galapagbkb  |        0|      4|  165|  49|
    |myproject_galapagbkb_U121  |myproject_galapagbkb  |        0|      4|  165|  49|
    |myproject_galapagbkb_U124  |myproject_galapagbkb  |        0|      4|  165|  49|
    |myproject_galapagcud_U2    |myproject_galapagcud  |        0|      4|  165|  49|
    |myproject_galapagcud_U13   |myproject_galapagcud  |        0|      4|  165|  49|
    |myproject_galapagcud_U14   |myproject_galapagcud  |        0|      4|  165|  49|
    |myproject_galapagcud_U16   |myproject_galapagcud  |        0|      4|  165|  49|
    |myproject_galapagcud_U22   |myproject_galapagcud  |        0|      4|  165|  49|
    |myproject_galapagcud_U30   |myproject_galapagcud  |        0|      4|  165|  49|
    |myproject_galapagcud_U33   |myproject_galapagcud  |        0|      4|  165|  49|
    |myproject_galapagcud_U48   |myproject_galapagcud  |        0|      4|  165|  49|
    |myproject_galapagcud_U49   |myproject_galapagcud  |        0|      4|  165|  49|
    |myproject_galapagcud_U51   |myproject_galapagcud  |        0|      4|  165|  49|
    |myproject_galapagcud_U56   |myproject_galapagcud  |        0|      4|  165|  49|
    |myproject_galapagcud_U80   |myproject_galapagcud  |        0|      4|  165|  49|
    |myproject_galapagcud_U85   |myproject_galapagcud  |        0|      4|  165|  49|
    |myproject_galapagcud_U86   |myproject_galapagcud  |        0|      4|  165|  49|
    |myproject_galapagcud_U91   |myproject_galapagcud  |        0|      4|  165|  49|
    |myproject_galapagcud_U103  |myproject_galapagcud  |        0|      4|  165|  49|
    |myproject_galapagcud_U114  |myproject_galapagcud  |        0|      4|  165|  49|
    |myproject_galapagcud_U120  |myproject_galapagcud  |        0|      4|  165|  49|
    |myproject_galapagdEe_U3    |myproject_galapagdEe  |        0|      4|  165|  49|
    |myproject_galapagdEe_U5    |myproject_galapagdEe  |        0|      4|  165|  49|
    |myproject_galapagdEe_U7    |myproject_galapagdEe  |        0|      4|  165|  49|
    |myproject_galapagdEe_U17   |myproject_galapagdEe  |        0|      4|  165|  49|
    |myproject_galapagdEe_U25   |myproject_galapagdEe  |        0|      4|  165|  49|
    |myproject_galapagdEe_U45   |myproject_galapagdEe  |        0|      4|  165|  49|
    |myproject_galapagdEe_U47   |myproject_galapagdEe  |        0|      4|  165|  49|
    |myproject_galapagdEe_U58   |myproject_galapagdEe  |        0|      4|  165|  49|
    |myproject_galapagdEe_U61   |myproject_galapagdEe  |        0|      4|  165|  49|
    |myproject_galapagdEe_U87   |myproject_galapagdEe  |        0|      4|  165|  49|
    |myproject_galapagdEe_U96   |myproject_galapagdEe  |        0|      4|  165|  49|
    |myproject_galapagdEe_U100  |myproject_galapagdEe  |        0|      4|  165|  49|
    |myproject_galapagdEe_U107  |myproject_galapagdEe  |        0|      4|  165|  49|
    |myproject_galapageOg_U6    |myproject_galapageOg  |        0|      4|  165|  49|
    |myproject_galapageOg_U36   |myproject_galapageOg  |        0|      4|  165|  49|
    |myproject_galapageOg_U37   |myproject_galapageOg  |        0|      4|  165|  49|
    |myproject_galapageOg_U55   |myproject_galapageOg  |        0|      4|  165|  49|
    |myproject_galapageOg_U104  |myproject_galapageOg  |        0|      4|  165|  49|
    |myproject_galapageOg_U113  |myproject_galapageOg  |        0|      4|  165|  49|
    |myproject_galapageOg_U115  |myproject_galapageOg  |        0|      4|  165|  49|
    |myproject_galapagfYi_U8    |myproject_galapagfYi  |        0|      4|  165|  49|
    |myproject_galapagfYi_U18   |myproject_galapagfYi  |        0|      4|  165|  49|
    |myproject_galapagfYi_U19   |myproject_galapagfYi  |        0|      4|  165|  49|
    |myproject_galapagfYi_U21   |myproject_galapagfYi  |        0|      4|  165|  49|
    |myproject_galapagfYi_U32   |myproject_galapagfYi  |        0|      4|  165|  49|
    |myproject_galapagfYi_U40   |myproject_galapagfYi  |        0|      4|  165|  49|
    |myproject_galapagfYi_U69   |myproject_galapagfYi  |        0|      4|  165|  49|
    |myproject_galapagfYi_U82   |myproject_galapagfYi  |        0|      4|  165|  49|
    |myproject_galapagfYi_U92   |myproject_galapagfYi  |        0|      4|  165|  49|
    |myproject_galapagg8j_U9    |myproject_galapagg8j  |        0|      4|  165|  49|
    |myproject_galapagg8j_U83   |myproject_galapagg8j  |        0|      4|  165|  49|
    |myproject_galapagg8j_U126  |myproject_galapagg8j  |        0|      4|  165|  49|
    |myproject_galapaghbi_U10   |myproject_galapaghbi  |        0|      4|  165|  49|
    |myproject_galapaghbi_U15   |myproject_galapaghbi  |        0|      4|  165|  49|
    |myproject_galapaghbi_U23   |myproject_galapaghbi  |        0|      4|  165|  49|
    |myproject_galapaghbi_U39   |myproject_galapaghbi  |        0|      4|  165|  49|
    |myproject_galapaghbi_U42   |myproject_galapaghbi  |        0|      4|  165|  49|
    |myproject_galapaghbi_U43   |myproject_galapaghbi  |        0|      4|  165|  49|
    |myproject_galapaghbi_U67   |myproject_galapaghbi  |        0|      4|  165|  49|
    |myproject_galapaghbi_U74   |myproject_galapaghbi  |        0|      4|  165|  49|
    |myproject_galapaghbi_U77   |myproject_galapaghbi  |        0|      4|  165|  49|
    |myproject_galapaghbi_U97   |myproject_galapaghbi  |        0|      4|  165|  49|
    |myproject_galapaghbi_U106  |myproject_galapaghbi  |        0|      4|  165|  49|
    |myproject_galapaghbi_U109  |myproject_galapaghbi  |        0|      4|  165|  49|
    |myproject_galapaghbi_U116  |myproject_galapaghbi  |        0|      4|  165|  49|
    |myproject_galapaghbi_U118  |myproject_galapaghbi  |        0|      4|  165|  49|
    |myproject_galapagibs_U12   |myproject_galapagibs  |        0|      4|  165|  49|
    |myproject_galapagibs_U20   |myproject_galapagibs  |        0|      4|  165|  49|
    |myproject_galapagibs_U26   |myproject_galapagibs  |        0|      4|  165|  49|
    |myproject_galapagibs_U28   |myproject_galapagibs  |        0|      4|  165|  49|
    |myproject_galapagibs_U29   |myproject_galapagibs  |        0|      4|  165|  49|
    |myproject_galapagibs_U41   |myproject_galapagibs  |        0|      4|  165|  49|
    |myproject_galapagibs_U54   |myproject_galapagibs  |        0|      4|  165|  49|
    |myproject_galapagibs_U60   |myproject_galapagibs  |        0|      4|  165|  49|
    |myproject_galapagibs_U63   |myproject_galapagibs  |        0|      4|  165|  49|
    |myproject_galapagibs_U64   |myproject_galapagibs  |        0|      4|  165|  49|
    |myproject_galapagibs_U68   |myproject_galapagibs  |        0|      4|  165|  49|
    |myproject_galapagibs_U71   |myproject_galapagibs  |        0|      4|  165|  49|
    |myproject_galapagibs_U78   |myproject_galapagibs  |        0|      4|  165|  49|
    |myproject_galapagibs_U119  |myproject_galapagibs  |        0|      4|  165|  49|
    |myproject_galapagibs_U125  |myproject_galapagibs  |        0|      4|  165|  49|
    |myproject_galapagjbC_U27   |myproject_galapagjbC  |        0|      4|  165|  49|
    |myproject_galapagjbC_U31   |myproject_galapagjbC  |        0|      4|  165|  49|
    |myproject_galapagjbC_U44   |myproject_galapagjbC  |        0|      4|  165|  49|
    |myproject_galapagjbC_U65   |myproject_galapagjbC  |        0|      4|  165|  49|
    |myproject_galapagjbC_U110  |myproject_galapagjbC  |        0|      4|  165|  49|
    |myproject_galapagjbC_U123  |myproject_galapagjbC  |        0|      4|  165|  49|
    |myproject_galapagkbM_U34   |myproject_galapagkbM  |        0|      4|  165|  49|
    |myproject_galapagkbM_U59   |myproject_galapagkbM  |        0|      4|  165|  49|
    |myproject_galapagkbM_U99   |myproject_galapagkbM  |        0|      4|  165|  49|
    |myproject_galapaglbW_U35   |myproject_galapaglbW  |        0|      4|  165|  49|
    |myproject_galapaglbW_U46   |myproject_galapaglbW  |        0|      4|  165|  49|
    |myproject_galapaglbW_U53   |myproject_galapaglbW  |        0|      4|  165|  49|
    |myproject_galapaglbW_U57   |myproject_galapaglbW  |        0|      4|  165|  49|
    |myproject_galapaglbW_U66   |myproject_galapaglbW  |        0|      4|  165|  49|
    |myproject_galapaglbW_U72   |myproject_galapaglbW  |        0|      4|  165|  49|
    |myproject_galapaglbW_U79   |myproject_galapaglbW  |        0|      4|  165|  49|
    |myproject_galapaglbW_U88   |myproject_galapaglbW  |        0|      4|  165|  49|
    |myproject_galapaglbW_U89   |myproject_galapaglbW  |        0|      4|  165|  49|
    |myproject_galapaglbW_U95   |myproject_galapaglbW  |        0|      4|  165|  49|
    |myproject_galapaglbW_U102  |myproject_galapaglbW  |        0|      4|  165|  49|
    |myproject_galapaglbW_U108  |myproject_galapaglbW  |        0|      4|  165|  49|
    |myproject_galapaglbW_U111  |myproject_galapaglbW  |        0|      4|  165|  49|
    |myproject_galapaglbW_U117  |myproject_galapaglbW  |        0|      4|  165|  49|
    |myproject_galapaglbW_U122  |myproject_galapaglbW  |        0|      4|  165|  49|
    +---------------------------+----------------------+---------+-------+-----+----+
    |Total                      |                      |        0|    504|20790|6174|
    +---------------------------+----------------------+---------+-------+-----+----+

    * DSP48: 
    N/A

    * Memory: 
    N/A

    * FIFO: 
    N/A

    * Expression: 
    +--------------------------------+----------+-------+---+----+------------+------------+
    |          Variable Name         | Operation| DSP48E| FF| LUT| Bitwidth P0| Bitwidth P1|
    +--------------------------------+----------+-------+---+----+------------+------------+
    |res_0_0_V_write_as_fu_51178_p2  |     +    |      0|  0|  18|          32|          32|
    |res_0_1_V_write_as_fu_51209_p2  |     +    |      0|  0|  18|          32|          32|
    |res_0_2_V_write_as_fu_51239_p2  |     +    |      0|  0|  18|          32|          32|
    |res_1_0_V_write_as_fu_51269_p2  |     +    |      0|  0|  18|          32|          32|
    |res_1_1_V_write_as_fu_51300_p2  |     +    |      0|  0|  18|          32|          32|
    |res_1_2_V_write_as_fu_51330_p2  |     +    |      0|  0|  18|          32|          32|
    |res_2_0_V_write_as_fu_51360_p2  |     +    |      0|  0|  18|          32|          32|
    |res_2_1_V_write_as_fu_51391_p2  |     +    |      0|  0|  18|          32|          32|
    |res_2_2_V_write_as_fu_51421_p2  |     +    |      0|  0|  18|          32|          32|
    |res_3_0_V_write_as_fu_51436_p2  |     +    |      0|  0|  18|          32|          32|
    |res_3_1_V_write_as_fu_51450_p2  |     +    |      0|  0|  18|          32|          32|
    |res_3_2_V_write_as_fu_51464_p2  |     +    |      0|  0|  18|          32|          32|
    |tmp100_fu_51431_p2              |     +    |      0|  0|  18|          32|          32|
    |tmp101_fu_51426_p2              |     +    |      0|  0|  39|          32|          32|
    |tmp102_fu_51077_p2              |     +    |      0|  0|  18|          32|          32|
    |tmp103_fu_51066_p2              |     +    |      0|  0|  18|          32|          32|
    |tmp104_fu_51071_p2              |     +    |      0|  0|  39|          22|          32|
    |tmp105_fu_51445_p2              |     +    |      0|  0|  18|          32|          32|
    |tmp106_fu_51441_p2              |     +    |      0|  0|  39|          32|          32|
    |tmp107_fu_51093_p2              |     +    |      0|  0|  18|          32|          32|
    |tmp108_fu_51083_p2              |     +    |      0|  0|  18|          32|          32|
    |tmp109_fu_51088_p2              |     +    |      0|  0|  39|          22|          32|
    |tmp10_fu_50773_p2               |     +    |      0|  0|  18|          32|          32|
    |tmp110_fu_51459_p2              |     +    |      0|  0|  18|          32|          32|
    |tmp111_fu_51455_p2              |     +    |      0|  0|  39|          32|          32|
    |tmp112_fu_51108_p2              |     +    |      0|  0|  18|          32|          32|
    |tmp113_fu_51099_p2              |     +    |      0|  0|  18|          32|          32|
    |tmp114_fu_51103_p2              |     +    |      0|  0|  39|          22|          32|
    |tmp11_fu_50779_p2               |     +    |      0|  0|  39|          22|          32|
    |tmp12_fu_51203_p2               |     +    |      0|  0|  18|          32|          32|
    |tmp13_fu_51187_p2               |     +    |      0|  0|  18|          32|          32|
    |tmp14_fu_51183_p2               |     +    |      0|  0|  18|          32|          32|
    |tmp15_fu_51197_p2               |     +    |      0|  0|  18|          32|          32|
    |tmp16_fu_51192_p2               |     +    |      0|  0|  18|          32|          32|
    |tmp17_fu_50827_p2               |     +    |      0|  0|  18|          32|          32|
    |tmp18_fu_50800_p2               |     +    |      0|  0|  18|          32|          32|
    |tmp19_fu_50796_p2               |     +    |      0|  0|  39|          32|          32|
    |tmp1_fu_51172_p2                |     +    |      0|  0|  18|          32|          32|
    |tmp20_fu_50821_p2               |     +    |      0|  0|  18|          32|          32|
    |tmp21_fu_50806_p2               |     +    |      0|  0|  18|          32|          32|
    |tmp22_fu_50811_p2               |     +    |      0|  0|  38|          22|          31|
    |tmp23_fu_51233_p2               |     +    |      0|  0|  18|          32|          32|
    |tmp24_fu_51218_p2               |     +    |      0|  0|  18|          32|          32|
    |tmp25_fu_51214_p2               |     +    |      0|  0|  18|          32|          32|
    |tmp26_fu_51228_p2               |     +    |      0|  0|  18|          32|          32|
    |tmp27_fu_51223_p2               |     +    |      0|  0|  18|          32|          32|
    |tmp28_fu_50858_p2               |     +    |      0|  0|  18|          32|          32|
    |tmp29_fu_50838_p2               |     +    |      0|  0|  18|          32|          32|
    |tmp2_fu_51158_p2                |     +    |      0|  0|  18|          32|          32|
    |tmp30_fu_50833_p2               |     +    |      0|  0|  39|          32|          32|
    |tmp31_fu_50852_p2               |     +    |      0|  0|  18|          32|          32|
    |tmp32_fu_50843_p2               |     +    |      0|  0|  18|          32|          32|
    |tmp33_fu_50847_p2               |     +    |      0|  0|  39|          22|          32|
    |tmp34_fu_51263_p2               |     +    |      0|  0|  18|          32|          32|
    |tmp35_fu_51249_p2               |     +    |      0|  0|  18|          32|          32|
    |tmp36_fu_51244_p2               |     +    |      0|  0|  18|          32|          32|
    |tmp37_fu_51258_p2               |     +    |      0|  0|  18|          32|          32|
    |tmp38_fu_51254_p2               |     +    |      0|  0|  18|          32|          32|
    |tmp39_fu_50891_p2               |     +    |      0|  0|  18|          32|          32|
    |tmp3_fu_51153_p2                |     +    |      0|  0|  18|          32|          32|
    |tmp40_fu_50869_p2               |     +    |      0|  0|  18|          32|          32|
    |tmp41_fu_50864_p2               |     +    |      0|  0|  39|          32|          32|
    |tmp42_fu_50885_p2               |     +    |      0|  0|  18|          32|          32|
    |tmp43_fu_50874_p2               |     +    |      0|  0|  18|          32|          32|
    |tmp44_fu_50880_p2               |     +    |      0|  0|  39|          22|          32|
    |tmp45_fu_51294_p2               |     +    |      0|  0|  18|          32|          32|
    |tmp46_fu_51278_p2               |     +    |      0|  0|  18|          32|          32|
    |tmp47_fu_51274_p2               |     +    |      0|  0|  18|          32|          32|
    |tmp48_fu_51288_p2               |     +    |      0|  0|  18|          32|          32|
    |tmp49_fu_51283_p2               |     +    |      0|  0|  18|          32|          32|
    |tmp4_fu_51167_p2                |     +    |      0|  0|  18|          32|          32|
    |tmp50_fu_50928_p2               |     +    |      0|  0|  18|          32|          32|
    |tmp51_fu_50901_p2               |     +    |      0|  0|  18|          32|          32|
    |tmp52_fu_50897_p2               |     +    |      0|  0|  39|          32|          32|
    |tmp53_fu_50922_p2               |     +    |      0|  0|  18|          32|          32|
    |tmp54_fu_50907_p2               |     +    |      0|  0|  18|          32|          32|
    |tmp55_fu_50912_p2               |     +    |      0|  0|  38|          22|          31|
    |tmp56_fu_51324_p2               |     +    |      0|  0|  18|          32|          32|
    |tmp57_fu_51309_p2               |     +    |      0|  0|  18|          32|          32|
    |tmp58_fu_51305_p2               |     +    |      0|  0|  18|          32|          32|
    |tmp59_fu_51319_p2               |     +    |      0|  0|  18|          32|          32|
    |tmp5_fu_51163_p2                |     +    |      0|  0|  18|          32|          32|
    |tmp60_fu_51314_p2               |     +    |      0|  0|  18|          32|          32|
    |tmp61_fu_50959_p2               |     +    |      0|  0|  18|          32|          32|
    |tmp62_fu_50939_p2               |     +    |      0|  0|  18|          32|          32|
    |tmp63_fu_50934_p2               |     +    |      0|  0|  39|          32|          32|
    |tmp64_fu_50953_p2               |     +    |      0|  0|  18|          32|          32|
    |tmp65_fu_50944_p2               |     +    |      0|  0|  18|          32|          32|
    |tmp66_fu_50948_p2               |     +    |      0|  0|  39|          22|          32|
    |tmp67_fu_51354_p2               |     +    |      0|  0|  18|          32|          32|
    |tmp68_fu_51340_p2               |     +    |      0|  0|  18|          32|          32|
    |tmp69_fu_51335_p2               |     +    |      0|  0|  18|          32|          32|
    |tmp6_fu_50790_p2                |     +    |      0|  0|  18|          32|          32|
    |tmp70_fu_51349_p2               |     +    |      0|  0|  18|          32|          32|
    |tmp71_fu_51345_p2               |     +    |      0|  0|  18|          32|          32|
    |tmp72_fu_50992_p2               |     +    |      0|  0|  18|          32|          32|
    |tmp73_fu_50970_p2               |     +    |      0|  0|  18|          32|          32|
    |tmp74_fu_50965_p2               |     +    |      0|  0|  39|          32|          32|
    |tmp75_fu_50986_p2               |     +    |      0|  0|  18|          32|          32|
    |tmp76_fu_50975_p2               |     +    |      0|  0|  18|          32|          32|
    |tmp77_fu_50981_p2               |     +    |      0|  0|  39|          22|          32|
    |tmp78_fu_51385_p2               |     +    |      0|  0|  18|          32|          32|
    |tmp79_fu_51369_p2               |     +    |      0|  0|  18|          32|          32|
    |tmp7_fu_50768_p2                |     +    |      0|  0|  18|          32|          32|
    |tmp80_fu_51365_p2               |     +    |      0|  0|  18|          32|          32|
    |tmp81_fu_51379_p2               |     +    |      0|  0|  18|          32|          32|
    |tmp82_fu_51374_p2               |     +    |      0|  0|  18|          32|          32|
    |tmp83_fu_51029_p2               |     +    |      0|  0|  18|          32|          32|
    |tmp84_fu_51002_p2               |     +    |      0|  0|  18|          32|          32|
    |tmp85_fu_50998_p2               |     +    |      0|  0|  39|          32|          32|
    |tmp86_fu_51023_p2               |     +    |      0|  0|  18|          32|          32|
    |tmp87_fu_51008_p2               |     +    |      0|  0|  18|          32|          32|
    |tmp88_fu_51013_p2               |     +    |      0|  0|  38|          22|          31|
    |tmp89_fu_51415_p2               |     +    |      0|  0|  18|          32|          32|
    |tmp8_fu_50763_p2                |     +    |      0|  0|  39|          32|          32|
    |tmp90_fu_51400_p2               |     +    |      0|  0|  18|          32|          32|
    |tmp91_fu_51396_p2               |     +    |      0|  0|  18|          32|          32|
    |tmp92_fu_51410_p2               |     +    |      0|  0|  18|          32|          32|
    |tmp93_fu_51405_p2               |     +    |      0|  0|  18|          32|          32|
    |tmp94_fu_51060_p2               |     +    |      0|  0|  18|          32|          32|
    |tmp95_fu_51040_p2               |     +    |      0|  0|  18|          32|          32|
    |tmp96_fu_51035_p2               |     +    |      0|  0|  39|          32|          32|
    |tmp97_fu_51054_p2               |     +    |      0|  0|  18|          32|          32|
    |tmp98_fu_51045_p2               |     +    |      0|  0|  18|          32|          32|
    |tmp99_fu_51049_p2               |     +    |      0|  0|  39|          22|          32|
    |tmp9_fu_50784_p2                |     +    |      0|  0|  18|          32|          32|
    +--------------------------------+----------+-------+---+----+------------+------------+
    |Total                           |          |      0|  0|2769|        3912|        4029|
    +--------------------------------+----------+-------+---+----+------------+------------+

    * Multiplexer: 
    +--------------+----+-----------+-----+-----------+
    |     Name     | LUT| Input Size| Bits| Total Bits|
    +--------------+----+-----------+-----+-----------+
    |ap_return_0   |   9|          2|   32|         64|
    |ap_return_1   |   9|          2|   32|         64|
    |ap_return_10  |   9|          2|   32|         64|
    |ap_return_11  |   9|          2|   32|         64|
    |ap_return_2   |   9|          2|   32|         64|
    |ap_return_3   |   9|          2|   32|         64|
    |ap_return_4   |   9|          2|   32|         64|
    |ap_return_5   |   9|          2|   32|         64|
    |ap_return_6   |   9|          2|   32|         64|
    |ap_return_7   |   9|          2|   32|         64|
    |ap_return_8   |   9|          2|   32|         64|
    |ap_return_9   |   9|          2|   32|         64|
    +--------------+----+-----------+-----+-----------+
    |Total         | 108|         24|  384|        768|
    +--------------+----+-----------+-----+-----------+

    * Register: 
    +--------------------------+-----+----+-----+-----------+
    |           Name           |  FF | LUT| Bits| Const Bits|
    +--------------------------+-----+----+-----+-----------+
    |ap_ce_reg                 |    1|   0|    1|          0|
    |ap_return_0_int_reg       |   32|   0|   32|          0|
    |ap_return_10_int_reg      |   32|   0|   32|          0|
    |ap_return_11_int_reg      |   32|   0|   32|          0|
    |ap_return_1_int_reg       |   32|   0|   32|          0|
    |ap_return_2_int_reg       |   32|   0|   32|          0|
    |ap_return_3_int_reg       |   32|   0|   32|          0|
    |ap_return_4_int_reg       |   32|   0|   32|          0|
    |ap_return_5_int_reg       |   32|   0|   32|          0|
    |ap_return_6_int_reg       |   32|   0|   32|          0|
    |ap_return_7_int_reg       |   32|   0|   32|          0|
    |ap_return_8_int_reg       |   32|   0|   32|          0|
    |ap_return_9_int_reg       |   32|   0|   32|          0|
    |data_V_read_int_reg       |  768|   0|  768|          0|
    |tmp102_reg_52644          |   32|   0|   32|          0|
    |tmp107_reg_52649          |   32|   0|   32|          0|
    |tmp112_reg_52654          |   32|   0|   32|          0|
    |tmp17_reg_52604           |   32|   0|   32|          0|
    |tmp28_reg_52609           |   32|   0|   32|          0|
    |tmp39_reg_52614           |   32|   0|   32|          0|
    |tmp50_reg_52619           |   32|   0|   32|          0|
    |tmp61_reg_52624           |   32|   0|   32|          0|
    |tmp6_reg_52599            |   32|   0|   32|          0|
    |tmp72_reg_52629           |   32|   0|   32|          0|
    |tmp83_reg_52634           |   32|   0|   32|          0|
    |tmp94_reg_52639           |   32|   0|   32|          0|
    |tmp_100_reg_51900         |   30|   0|   30|          0|
    |tmp_102_reg_51905         |   31|   0|   31|          0|
    |tmp_104_reg_52329         |   31|   0|   31|          0|
    |tmp_106_reg_52339         |   31|   0|   31|          0|
    |tmp_108_reg_51915         |   31|   0|   31|          0|
    |tmp_110_reg_51930         |   29|   0|   29|          0|
    |tmp_112_reg_52369         |   27|   0|   27|          0|
    |tmp_114_reg_51950         |   30|   0|   30|          0|
    |tmp_116_reg_52384         |   31|   0|   31|          0|
    |tmp_118_reg_52027         |   31|   0|   31|          0|
    |tmp_120_reg_52032         |   30|   0|   30|          0|
    |tmp_122_reg_52037         |   31|   0|   31|          0|
    |tmp_124_reg_52419         |   31|   0|   31|          0|
    |tmp_126_reg_52429         |   31|   0|   31|          0|
    |tmp_128_reg_52047         |   31|   0|   31|          0|
    |tmp_130_reg_52062         |   29|   0|   29|          0|
    |tmp_132_reg_52459         |   27|   0|   27|          0|
    |tmp_134_reg_52082         |   30|   0|   30|          0|
    |tmp_136_reg_52474         |   31|   0|   31|          0|
    |tmp_138_reg_52159         |   31|   0|   31|          0|
    |tmp_140_reg_52164         |   30|   0|   30|          0|
    |tmp_142_reg_52169         |   31|   0|   31|          0|
    |tmp_144_reg_52509         |   31|   0|   31|          0|
    |tmp_146_reg_52519         |   31|   0|   31|          0|
    |tmp_148_reg_52179         |   31|   0|   31|          0|
    |tmp_150_reg_52194         |   29|   0|   29|          0|
    |tmp_152_reg_52549         |   27|   0|   27|          0|
    |tmp_154_reg_52214         |   30|   0|   30|          0|
    |tmp_156_reg_52559         |   31|   0|   31|          0|
    |tmp_158_reg_52244         |   31|   0|   31|          0|
    |tmp_160_reg_52249         |   31|   0|   31|          0|
    |tmp_162_reg_52254         |   31|   0|   31|          0|
    |tmp_341_reg_51940         |   30|   0|   30|          0|
    |tmp_342_reg_52072         |   30|   0|   30|          0|
    |tmp_343_reg_52204         |   30|   0|   30|          0|
    |tmp_65_0_0_0_1_reg_52289  |   32|   0|   32|          0|
    |tmp_65_0_0_1_1_reg_52299  |   32|   0|   32|          0|
    |tmp_65_0_0_2_1_reg_52309  |   32|   0|   32|          0|
    |tmp_65_0_0_2_reg_52304    |   32|   0|   32|          0|
    |tmp_65_0_0_3_1_reg_51890  |   32|   0|   32|          0|
    |tmp_65_0_0_3_reg_51885    |   32|   0|   32|          0|
    |tmp_65_0_0_5_1_reg_51910  |   32|   0|   32|          0|
    |tmp_65_0_1_0_1_reg_52319  |   32|   0|   32|          0|
    |tmp_65_0_1_1_reg_52324    |   32|   0|   32|          0|
    |tmp_65_0_1_2_reg_52334    |   32|   0|   32|          0|
    |tmp_65_0_1_3_1_reg_51920  |   32|   0|   32|          0|
    |tmp_65_0_1_4_reg_51925    |   32|   0|   32|          0|
    |tmp_65_0_1_5_reg_51935    |   32|   0|   32|          0|
    |tmp_65_0_1_reg_52314      |   32|   0|   32|          0|
    |tmp_65_0_2_0_1_reg_52349  |   32|   0|   32|          0|
    |tmp_65_0_2_1_1_reg_52359  |   32|   0|   32|          0|
    |tmp_65_0_2_1_reg_52354    |   32|   0|   32|          0|
    |tmp_65_0_2_2_reg_52364    |   32|   0|   32|          0|
    |tmp_65_0_2_3_reg_51945    |   32|   0|   32|          0|
    |tmp_65_0_2_4_1_reg_51960  |   32|   0|   32|          0|
    |tmp_65_0_2_4_reg_51955    |   32|   0|   32|          0|
    |tmp_65_0_2_5_1_reg_51970  |   32|   0|   32|          0|
    |tmp_65_0_2_5_reg_51965    |   32|   0|   32|          0|
    |tmp_65_0_2_reg_52344      |   32|   0|   32|          0|
    |tmp_65_1_0_0_1_reg_52379  |   32|   0|   32|          0|
    |tmp_65_1_0_1_1_reg_52389  |   32|   0|   32|          0|
    |tmp_65_1_0_2_1_reg_52399  |   32|   0|   32|          0|
    |tmp_65_1_0_2_reg_52394    |   32|   0|   32|          0|
    |tmp_65_1_0_3_1_reg_52022  |   32|   0|   32|          0|
    |tmp_65_1_0_3_reg_52017    |   32|   0|   32|          0|
    |tmp_65_1_0_5_1_reg_52042  |   32|   0|   32|          0|
    |tmp_65_1_1_0_1_reg_52409  |   32|   0|   32|          0|
    |tmp_65_1_1_1_reg_52414    |   32|   0|   32|          0|
    |tmp_65_1_1_2_reg_52424    |   32|   0|   32|          0|
    |tmp_65_1_1_3_1_reg_52052  |   32|   0|   32|          0|
    |tmp_65_1_1_4_reg_52057    |   32|   0|   32|          0|
    |tmp_65_1_1_5_reg_52067    |   32|   0|   32|          0|
    |tmp_65_1_1_reg_52404      |   32|   0|   32|          0|
    |tmp_65_1_2_0_1_reg_52439  |   32|   0|   32|          0|
    |tmp_65_1_2_1_1_reg_52449  |   32|   0|   32|          0|
    |tmp_65_1_2_1_reg_52444    |   32|   0|   32|          0|
    |tmp_65_1_2_2_reg_52454    |   32|   0|   32|          0|
    |tmp_65_1_2_3_reg_52077    |   32|   0|   32|          0|
    |tmp_65_1_2_4_1_reg_52092  |   32|   0|   32|          0|
    |tmp_65_1_2_4_reg_52087    |   32|   0|   32|          0|
    |tmp_65_1_2_5_1_reg_52102  |   32|   0|   32|          0|
    |tmp_65_1_2_5_reg_52097    |   32|   0|   32|          0|
    |tmp_65_1_2_reg_52434      |   32|   0|   32|          0|
    |tmp_65_1_reg_52374        |   32|   0|   32|          0|
    |tmp_65_2_0_0_1_reg_52469  |   32|   0|   32|          0|
    |tmp_65_2_0_1_1_reg_52479  |   32|   0|   32|          0|
    |tmp_65_2_0_2_1_reg_52489  |   32|   0|   32|          0|
    |tmp_65_2_0_2_reg_52484    |   32|   0|   32|          0|
    |tmp_65_2_0_3_1_reg_52154  |   32|   0|   32|          0|
    |tmp_65_2_0_3_reg_52149    |   32|   0|   32|          0|
    |tmp_65_2_0_5_1_reg_52174  |   32|   0|   32|          0|
    |tmp_65_2_1_0_1_reg_52499  |   32|   0|   32|          0|
    |tmp_65_2_1_1_reg_52504    |   32|   0|   32|          0|
    |tmp_65_2_1_2_reg_52514    |   32|   0|   32|          0|
    |tmp_65_2_1_3_1_reg_52184  |   32|   0|   32|          0|
    |tmp_65_2_1_4_reg_52189    |   32|   0|   32|          0|
    |tmp_65_2_1_5_reg_52199    |   32|   0|   32|          0|
    |tmp_65_2_1_reg_52494      |   32|   0|   32|          0|
    |tmp_65_2_2_0_1_reg_52529  |   32|   0|   32|          0|
    |tmp_65_2_2_1_1_reg_52539  |   32|   0|   32|          0|
    |tmp_65_2_2_1_reg_52534    |   32|   0|   32|          0|
    |tmp_65_2_2_2_reg_52544    |   32|   0|   32|          0|
    |tmp_65_2_2_3_reg_52209    |   32|   0|   32|          0|
    |tmp_65_2_2_4_1_reg_52224  |   32|   0|   32|          0|
    |tmp_65_2_2_4_reg_52219    |   32|   0|   32|          0|
    |tmp_65_2_2_5_1_reg_52234  |   32|   0|   32|          0|
    |tmp_65_2_2_5_reg_52229    |   32|   0|   32|          0|
    |tmp_65_2_2_reg_52524      |   32|   0|   32|          0|
    |tmp_65_2_reg_52464        |   32|   0|   32|          0|
    |tmp_65_3_0_2_reg_52564    |   32|   0|   32|          0|
    |tmp_65_3_0_3_reg_52239    |   32|   0|   32|          0|
    |tmp_65_3_1_1_reg_52574    |   32|   0|   32|          0|
    |tmp_65_3_1_2_reg_52579    |   32|   0|   32|          0|
    |tmp_65_3_1_4_reg_52259    |   32|   0|   32|          0|
    |tmp_65_3_1_5_reg_52264    |   32|   0|   32|          0|
    |tmp_65_3_1_reg_52569      |   32|   0|   32|          0|
    |tmp_65_3_2_1_reg_52589    |   32|   0|   32|          0|
    |tmp_65_3_2_2_reg_52594    |   32|   0|   32|          0|
    |tmp_65_3_2_3_reg_52269    |   32|   0|   32|          0|
    |tmp_65_3_2_4_reg_52274    |   32|   0|   32|          0|
    |tmp_65_3_2_5_reg_52279    |   32|   0|   32|          0|
    |tmp_65_3_2_reg_52584      |   32|   0|   32|          0|
    |tmp_65_3_reg_52554        |   32|   0|   32|          0|
    |tmp_65_reg_52284          |   32|   0|   32|          0|
    |tmp_74_reg_51546          |   32|   0|   32|          0|
    |tmp_75_reg_51551          |   32|   0|   32|          0|
    |tmp_76_reg_51557          |   32|   0|   32|          0|
    |tmp_77_reg_51563          |   32|   0|   32|          0|
    |tmp_78_reg_51568          |   32|   0|   32|          0|
    |tmp_84_reg_51666          |   32|   0|   32|          0|
    |tmp_85_reg_51671          |   32|   0|   32|          0|
    |tmp_86_reg_51677          |   32|   0|   32|          0|
    |tmp_90_reg_51742          |   32|   0|   32|          0|
    |tmp_91_reg_51747          |   32|   0|   32|          0|
    |tmp_92_reg_51753          |   32|   0|   32|          0|
    |tmp_96_reg_52294          |   31|   0|   31|          0|
    |tmp_98_reg_51895          |   31|   0|   31|          0|
    |tmp_reg_51541             |   32|   0|   32|          0|
    +--------------------------+-----+----+-----+-----------+
    |Total                     | 5889|   0| 5889|          0|
    +--------------------------+-----+----+-----+-----------+



================================================================
== Interface
================================================================
* Summary: 
+--------------+-----+-----+------------+-----------------+--------------+
|   RTL Ports  | Dir | Bits|  Protocol  |  Source Object  |    C Type    |
+--------------+-----+-----+------------+-----------------+--------------+
|ap_clk        |  in |    1| ap_ctrl_hs | conv_1d.0.0.0.0 | return value |
|ap_rst        |  in |    1| ap_ctrl_hs | conv_1d.0.0.0.0 | return value |
|ap_return_0   | out |   32| ap_ctrl_hs | conv_1d.0.0.0.0 | return value |
|ap_return_1   | out |   32| ap_ctrl_hs | conv_1d.0.0.0.0 | return value |
|ap_return_2   | out |   32| ap_ctrl_hs | conv_1d.0.0.0.0 | return value |
|ap_return_3   | out |   32| ap_ctrl_hs | conv_1d.0.0.0.0 | return value |
|ap_return_4   | out |   32| ap_ctrl_hs | conv_1d.0.0.0.0 | return value |
|ap_return_5   | out |   32| ap_ctrl_hs | conv_1d.0.0.0.0 | return value |
|ap_return_6   | out |   32| ap_ctrl_hs | conv_1d.0.0.0.0 | return value |
|ap_return_7   | out |   32| ap_ctrl_hs | conv_1d.0.0.0.0 | return value |
|ap_return_8   | out |   32| ap_ctrl_hs | conv_1d.0.0.0.0 | return value |
|ap_return_9   | out |   32| ap_ctrl_hs | conv_1d.0.0.0.0 | return value |
|ap_return_10  | out |   32| ap_ctrl_hs | conv_1d.0.0.0.0 | return value |
|ap_return_11  | out |   32| ap_ctrl_hs | conv_1d.0.0.0.0 | return value |
|ap_ce         |  in |    1| ap_ctrl_hs | conv_1d.0.0.0.0 | return value |
|data_V_read   |  in |  768|   ap_none  |   data_V_read   |    scalar    |
+--------------+-----+-----+------------+-----------------+--------------+

