

================================================================
== Vivado HLS Report for 'myproject_galapagos'
================================================================
* Date:           Sun Mar 31 23:52:50 2019

* Version:        2018.2 (Build 2258646 on Thu Jun 14 20:25:20 MDT 2018)
* Project:        myproject_prj
* Solution:       solution1
* Product family: kintexu
* Target device:  xcku115-flva1517-2-e


================================================================
== Performance Estimates
================================================================
+ Timing (ns): 
    * Summary: 
    +--------+-------+----------+------------+
    |  Clock | Target| Estimated| Uncertainty|
    +--------+-------+----------+------------+
    |ap_clk  |   5.00|     4.312|        0.62|
    +--------+-------+----------+------------+

+ Latency (clock cycles): 
    * Summary: 
    +-----+-----+-----+-----+---------+
    |  Latency  |  Interval | Pipeline|
    | min | max | min | max |   Type  |
    +-----+-----+-----+-----+---------+
    |  115|  115|  115|  115|   none  |
    +-----+-----+-----+-----+---------+

    + Detail: 
        * Instance: 
        +----------------------+-----------+-----+-----+-----+-----+----------+
        |                      |           |  Latency  |  Interval | Pipeline |
        |       Instance       |   Module  | min | max | min | max |   Type   |
        +----------------------+-----------+-----+-----+-----+-----+----------+
        |grp_myproject_fu_216  |myproject  |   14|   14|    1|    1| function |
        +----------------------+-----------+-----+-----+-----+-----+----------+

        * Loop: 
        +-------------+-----+-----+----------+-----------+-----------+------+----------+
        |             |  Latency  | Iteration|  Initiation Interval  | Trip |          |
        |  Loop Name  | min | max |  Latency |  achieved |   target  | Count| Pipelined|
        +-------------+-----+-----+----------+-----------+-----------+------+----------+
        |- Loop 1     |   80|   80|        20|          -|          -|     4|    no    |
        | + Loop 1.1  |   18|   18|         3|          -|          -|     6|    no    |
        |- Loop 2     |   18|   18|         3|          -|          -|     6|    no    |
        +-------------+-----+-----+----------+-----------+-----------+------+----------+



================================================================
== Utilization Estimates
================================================================
* Summary: 
+---------------------+---------+-------+---------+--------+
|         Name        | BRAM_18K| DSP48E|    FF   |   LUT  |
+---------------------+---------+-------+---------+--------+
|DSP                  |        -|      -|        -|       -|
|Expression           |        -|      -|        0|   21241|
|FIFO                 |        -|      -|        -|       -|
|Instance             |       18|    792|    43219|   21809|
|Memory               |        -|      -|        -|       -|
|Multiplexer          |        -|      -|        -|     293|
|Register             |        -|      -|     1422|       -|
+---------------------+---------+-------+---------+--------+
|Total                |       18|    792|    44641|   43343|
+---------------------+---------+-------+---------+--------+
|Available SLR        |     2160|   2760|   663360|  331680|
+---------------------+---------+-------+---------+--------+
|Utilization SLR (%)  |    ~0   |     28|        6|      13|
+---------------------+---------+-------+---------+--------+
|Available            |     4320|   5520|  1326720|  663360|
+---------------------+---------+-------+---------+--------+
|Utilization (%)      |    ~0   |     14|        3|       6|
+---------------------+---------+-------+---------+--------+

+ Detail: 
    * Instance: 
    +----------------------+-----------+---------+-------+-------+-------+
    |       Instance       |   Module  | BRAM_18K| DSP48E|   FF  |  LUT  |
    +----------------------+-----------+---------+-------+-------+-------+
    |grp_myproject_fu_216  |myproject  |       18|    792|  43219|  21809|
    +----------------------+-----------+---------+-------+-------+-------+
    |Total                 |           |       18|    792|  43219|  21809|
    +----------------------+-----------+---------+-------+-------+-------+

    * DSP48: 
    N/A

    * Memory: 
    N/A

    * FIFO: 
    N/A

    * Expression: 
    +------------------------+----------+-------+---+------+------------+------------+
    |      Variable Name     | Operation| DSP48E| FF|  LUT | Bitwidth P0| Bitwidth P1|
    +------------------------+----------+-------+---+------+------------+------------+
    |i_1_fu_240_p2           |     +    |      0|  0|    11|           3|           1|
    |i_2_fu_660_p2           |     +    |      0|  0|    11|           3|           1|
    |j_1_fu_270_p2           |     +    |      0|  0|    11|           3|           1|
    |ret_V_1_fu_800_p2       |     +    |      0|  0|    15|           1|           8|
    |grp_fu_229_p2           |     -    |      0|  0|    17|          10|          10|
    |tmp_271_fu_695_p2       |     -    |      0|  0|    15|           8|           8|
    |tmp_272_fu_701_p2       |     -    |      0|  0|    15|           8|           8|
    |tmp_273_fu_707_p2       |     -    |      0|  0|    15|           8|           8|
    |tmp_277_fu_736_p2       |     -    |      0|  0|    15|           8|           8|
    |tmp_288_fu_293_p2       |     -    |      0|  0|    17|          10|          10|
    |tmp_290_fu_299_p2       |     -    |      0|  0|    17|          10|          10|
    |tmp_294_fu_313_p2       |     -    |      0|  0|    17|          10|          10|
    |tmp_328_fu_563_p2       |     -    |      0|  0|    17|          10|          10|
    |in_V_id_V0_status       |    and   |      0|  0|     2|           1|           1|
    |out_V_id_V1_status      |    and   |      0|  0|     2|           1|           1|
    |p_demorgan1_fu_616_p2   |    and   |      0|  0|   768|         768|         768|
    |p_demorgan_fu_499_p2    |    and   |      0|  0|   128|         128|         128|
    |tmp_282_fu_767_p2       |    and   |      0|  0|   192|         192|         192|
    |tmp_299_fu_391_p2       |    and   |      0|  0|   768|         768|         768|
    |tmp_319_fu_511_p2       |    and   |      0|  0|   128|         128|         128|
    |tmp_320_fu_517_p2       |    and   |      0|  0|   128|         128|         128|
    |tmp_338_fu_628_p2       |    and   |      0|  0|   768|         768|         768|
    |tmp_339_fu_633_p2       |    and   |      0|  0|   768|         768|         768|
    |exitcond1_fu_234_p2     |   icmp   |      0|  0|     9|           3|           4|
    |exitcond2_fu_264_p2     |   icmp   |      0|  0|     9|           3|           3|
    |exitcond_fu_654_p2      |   icmp   |      0|  0|     9|           3|           3|
    |gp_last_V_fu_752_p2     |   icmp   |      0|  0|     9|           3|           3|
    |grp_fu_225_p2           |   icmp   |      0|  0|    13|          10|          10|
    |tmp_269_fu_680_p2       |   icmp   |      0|  0|    11|           8|           8|
    |tmp_301_fu_401_p2       |   icmp   |      0|  0|    11|           7|           7|
    |tmp_5_fu_794_p2         |   icmp   |      0|  0|    20|          24|           1|
    |tmp_280_fu_746_p2       |   lshr   |      0|  0|   694|         192|         192|
    |tmp_281_fu_761_p2       |   lshr   |      0|  0|   694|           2|         192|
    |tmp_297_fu_379_p2       |   lshr   |      0|  0|  2171|         768|         768|
    |tmp_298_fu_385_p2       |   lshr   |      0|  0|  2171|           2|         768|
    |tmp_317_fu_493_p2       |   lshr   |      0|  0|   423|           2|         128|
    |tmp_336_fu_610_p2       |   lshr   |      0|  0|  2171|           2|         768|
    |data_str_V_1_fu_639_p2  |    or    |      0|  0|   768|         768|         768|
    |tmp_321_fu_523_p2       |    or    |      0|  0|   128|         128|         128|
    |tmp_79_fu_258_p2        |    or    |      0|  0|     7|           7|           5|
    |tmp_81_fu_674_p2        |    or    |      0|  0|     8|           8|           5|
    |tmp_83_fu_286_p2        |    or    |      0|  0|    10|          10|           7|
    |p_6_fu_814_p3           |  select  |      0|  0|     8|           1|           8|
    |p_s_fu_806_p3           |  select  |      0|  0|     8|           1|           8|
    |tmp_274_fu_713_p3       |  select  |      0|  0|     8|           1|           8|
    |tmp_275_fu_721_p3       |  select  |      0|  0|   191|           1|         192|
    |tmp_276_fu_728_p3       |  select  |      0|  0|     8|           1|           8|
    |tmp_291_fu_305_p3       |  select  |      0|  0|    10|           1|          10|
    |tmp_292_fu_360_p3       |  select  |      0|  0|   768|           1|         768|
    |tmp_293_fu_367_p3       |  select  |      0|  0|    10|           1|          10|
    |tmp_306_fu_421_p3       |  select  |      0|  0|     8|           1|           8|
    |tmp_307_fu_429_p3       |  select  |      0|  0|     8|           1|           8|
    |tmp_308_fu_437_p3       |  select  |      0|  0|     8|           1|           8|
    |tmp_315_fu_479_p3       |  select  |      0|  0|   127|           1|         128|
    |tmp_325_fu_547_p3       |  select  |      0|  0|    10|           1|          10|
    |tmp_326_fu_552_p3       |  select  |      0|  0|    10|           1|          10|
    |tmp_327_fu_557_p3       |  select  |      0|  0|    10|           1|          10|
    |tmp_334_fu_597_p3       |  select  |      0|  0|   768|           1|         768|
    |tmp_313_fu_463_p2       |    shl   |      0|  0|   423|         128|         128|
    |tmp_316_fu_487_p2       |    shl   |      0|  0|   423|           2|         128|
    |tmp_332_fu_581_p2       |    shl   |      0|  0|  2171|         768|         768|
    |tmp_335_fu_604_p2       |    shl   |      0|  0|  2171|           2|         768|
    |tmp_305_fu_415_p2       |    xor   |      0|  0|     8|           8|           7|
    |tmp_309_fu_445_p2       |    xor   |      0|  0|     8|           8|           7|
    |tmp_318_fu_505_p2       |    xor   |      0|  0|   128|         128|           2|
    |tmp_337_fu_622_p2       |    xor   |      0|  0|   768|         768|           2|
    +------------------------+----------+-------+---+------+------------+------------+
    |Total                   |          |      0|  0| 21241|        7520|       11283|
    +------------------------+----------+-------+---+------+------------+------------+

    * Multiplexer: 
    +--------------------+-----+-----------+-----+-----------+
    |        Name        | LUT | Input Size| Bits| Total Bits|
    +--------------------+-----+-----------+-----+-----------+
    |ap_NS_fsm           |  113|         24|    1|         24|
    |grp_fu_225_p0       |   15|          3|   10|         30|
    |grp_fu_225_p1       |   15|          3|   10|         30|
    |grp_fu_229_p1       |   15|          3|   10|         30|
    |i5_reg_205          |    9|          2|    3|          6|
    |i_reg_183           |    9|          2|    3|          6|
    |in_V_data_V_blk_n   |    9|          2|    1|          2|
    |in_V_dest_V_blk_n   |    9|          2|    1|          2|
    |in_V_id_V_blk_n     |    9|          2|    1|          2|
    |in_V_keep_V_blk_n   |    9|          2|    1|          2|
    |in_V_last_V_blk_n   |    9|          2|    1|          2|
    |in_V_user_V_blk_n   |    9|          2|    1|          2|
    |j_reg_194           |    9|          2|    3|          6|
    |out_V_data_V_blk_n  |    9|          2|    1|          2|
    |out_V_dest_V_blk_n  |    9|          2|    1|          2|
    |out_V_id_V_blk_n    |    9|          2|    1|          2|
    |out_V_keep_V_blk_n  |    9|          2|    1|          2|
    |out_V_last_V_blk_n  |    9|          2|    1|          2|
    |out_V_user_V_blk_n  |    9|          2|    1|          2|
    +--------------------+-----+-----------+-----+-----------+
    |Total               |  293|         63|   52|        156|
    +--------------------+-----+-----------+-----+-----------+

    * Register: 
    +-----------------------------------+-----+----+-----+-----------+
    |                Name               |  FF | LUT| Bits| Const Bits|
    +-----------------------------------+-----+----+-----+-----------+
    |ap_CS_fsm                          |   23|   0|   23|          0|
    |data_str_V_fu_140                  |  768|   0|  768|          0|
    |gp_last_V_reg_966                  |    1|   0|    1|          0|
    |grp_myproject_fu_216_ap_start_reg  |    1|   0|    1|          0|
    |i5_reg_205                         |    3|   0|    3|          0|
    |i_1_reg_866                        |    3|   0|    3|          0|
    |i_2_reg_951                        |    3|   0|    3|          0|
    |i_reg_183                          |    3|   0|    3|          0|
    |j_1_reg_886                        |    3|   0|    3|          0|
    |j_reg_194                          |    3|   0|    3|          0|
    |p_6_reg_971                        |    8|   0|    8|          0|
    |res_str_ext_reg_942                |  189|   0|  192|          3|
    |tmp_277_reg_956                    |    7|   0|    8|          1|
    |tmp_280_reg_961                    |  192|   0|  192|          0|
    |tmp_286_reg_908                    |    1|   0|    1|          0|
    |tmp_289_reg_914                    |   10|   0|   10|          0|
    |tmp_294_reg_919                    |    9|   0|   10|          1|
    |tmp_321_reg_929                    |  128|   0|  128|          0|
    |tmp_322_reg_934                    |    1|   0|    1|          0|
    |tmp_79_reg_877                     |    2|   0|    7|          5|
    |tmp_82_reg_891                     |    3|   0|   10|          7|
    |tmp_83_reg_901                     |    3|   0|   10|          7|
    |tmp_id_V_fu_128                    |    8|   0|    8|          0|
    |tmp_keep_V_fu_136                  |    8|   0|    8|          0|
    |tmp_s_reg_871                      |    2|   0|    7|          5|
    |tmp_user_V_fu_132                  |   40|   0|   40|          0|
    +-----------------------------------+-----+----+-----+-----------+
    |Total                              | 1422|   0| 1451|         29|
    +-----------------------------------+-----+----+-----+-----------+



================================================================
== Interface
================================================================
* Summary: 
+---------------------+-----+-----+------------+---------------------+--------------+
|      RTL Ports      | Dir | Bits|  Protocol  |    Source Object    |    C Type    |
+---------------------+-----+-----+------------+---------------------+--------------+
|ap_clk               |  in |    1| ap_ctrl_hs | myproject_galapagos | return value |
|ap_rst               |  in |    1| ap_ctrl_hs | myproject_galapagos | return value |
|ap_start             |  in |    1| ap_ctrl_hs | myproject_galapagos | return value |
|ap_done              | out |    1| ap_ctrl_hs | myproject_galapagos | return value |
|ap_idle              | out |    1| ap_ctrl_hs | myproject_galapagos | return value |
|ap_ready             | out |    1| ap_ctrl_hs | myproject_galapagos | return value |
|in_V_data_V_dout     |  in |   64|   ap_fifo  |     in_V_data_V     |    pointer   |
|in_V_data_V_empty_n  |  in |    1|   ap_fifo  |     in_V_data_V     |    pointer   |
|in_V_data_V_read     | out |    1|   ap_fifo  |     in_V_data_V     |    pointer   |
|in_V_dest_V_dout     |  in |    8|   ap_fifo  |     in_V_dest_V     |    pointer   |
|in_V_dest_V_empty_n  |  in |    1|   ap_fifo  |     in_V_dest_V     |    pointer   |
|in_V_dest_V_read     | out |    1|   ap_fifo  |     in_V_dest_V     |    pointer   |
|in_V_last_V_dout     |  in |    1|   ap_fifo  |     in_V_last_V     |    pointer   |
|in_V_last_V_empty_n  |  in |    1|   ap_fifo  |     in_V_last_V     |    pointer   |
|in_V_last_V_read     | out |    1|   ap_fifo  |     in_V_last_V     |    pointer   |
|in_V_id_V_dout       |  in |    8|   ap_fifo  |      in_V_id_V      |    pointer   |
|in_V_id_V_empty_n    |  in |    1|   ap_fifo  |      in_V_id_V      |    pointer   |
|in_V_id_V_read       | out |    1|   ap_fifo  |      in_V_id_V      |    pointer   |
|in_V_user_V_dout     |  in |   40|   ap_fifo  |     in_V_user_V     |    pointer   |
|in_V_user_V_empty_n  |  in |    1|   ap_fifo  |     in_V_user_V     |    pointer   |
|in_V_user_V_read     | out |    1|   ap_fifo  |     in_V_user_V     |    pointer   |
|in_V_keep_V_dout     |  in |    8|   ap_fifo  |     in_V_keep_V     |    pointer   |
|in_V_keep_V_empty_n  |  in |    1|   ap_fifo  |     in_V_keep_V     |    pointer   |
|in_V_keep_V_read     | out |    1|   ap_fifo  |     in_V_keep_V     |    pointer   |
|out_V_data_V_din     | out |   64|   ap_fifo  |     out_V_data_V    |    pointer   |
|out_V_data_V_full_n  |  in |    1|   ap_fifo  |     out_V_data_V    |    pointer   |
|out_V_data_V_write   | out |    1|   ap_fifo  |     out_V_data_V    |    pointer   |
|out_V_dest_V_din     | out |    8|   ap_fifo  |     out_V_dest_V    |    pointer   |
|out_V_dest_V_full_n  |  in |    1|   ap_fifo  |     out_V_dest_V    |    pointer   |
|out_V_dest_V_write   | out |    1|   ap_fifo  |     out_V_dest_V    |    pointer   |
|out_V_last_V_din     | out |    1|   ap_fifo  |     out_V_last_V    |    pointer   |
|out_V_last_V_full_n  |  in |    1|   ap_fifo  |     out_V_last_V    |    pointer   |
|out_V_last_V_write   | out |    1|   ap_fifo  |     out_V_last_V    |    pointer   |
|out_V_id_V_din       | out |    8|   ap_fifo  |      out_V_id_V     |    pointer   |
|out_V_id_V_full_n    |  in |    1|   ap_fifo  |      out_V_id_V     |    pointer   |
|out_V_id_V_write     | out |    1|   ap_fifo  |      out_V_id_V     |    pointer   |
|out_V_user_V_din     | out |   40|   ap_fifo  |     out_V_user_V    |    pointer   |
|out_V_user_V_full_n  |  in |    1|   ap_fifo  |     out_V_user_V    |    pointer   |
|out_V_user_V_write   | out |    1|   ap_fifo  |     out_V_user_V    |    pointer   |
|out_V_keep_V_din     | out |    8|   ap_fifo  |     out_V_keep_V    |    pointer   |
|out_V_keep_V_full_n  |  in |    1|   ap_fifo  |     out_V_keep_V    |    pointer   |
|out_V_keep_V_write   | out |    1|   ap_fifo  |     out_V_keep_V    |    pointer   |
+---------------------+-----+-----+------------+---------------------+--------------+

