

================================================================
== Vivado HLS Report for 'compute_layer_0_0_0_s'
================================================================
* Date:           Tue Dec 19 09:24:09 2017

* Version:        2016.4 (Build 1756540 on Mon Jan 23 19:31:01 MST 2017)
* Project:        myproject_prj
* Solution:       solution1
* Product family: virtex7
* Target device:  xc7vx690tffg1927-2


================================================================
== Performance Estimates
================================================================
+ Timing (ns): 
    * Summary: 
    +--------+-------+----------+------------+
    |  Clock | Target| Estimated| Uncertainty|
    +--------+-------+----------+------------+
    |ap_clk  |   5.00|      4.33|        0.62|
    +--------+-------+----------+------------+

+ Latency (clock cycles): 
    * Summary: 
    +-----+-----+-----+-----+----------+
    |  Latency  |  Interval | Pipeline |
    | min | max | min | max |   Type   |
    +-----+-----+-----+-----+----------+
    |    4|    4|    1|    1| function |
    +-----+-----+-----+-----+----------+

    + Detail: 
        * Instance: 
        N/A

        * Loop: 
        N/A

============================================================
+ Verbose Summary: Synthesis Manager
============================================================
InlineROM: 1
ExposeGlobal: 0
============================================================
+ Verbose Summary: CDFG Model
============================================================
IsTopModel: 0
ResetActiveHigh: 1
IsCombinational: 0
IsDatapathOnly: 0
HasWiredReturn: 1
HasMFsm: 2
HasVarLatency: 0
IsPipeline: 1
IsRtlPipelined: 1
IsInstanceOverlapped: 0
IsDontTouch: 0
HasImplIP: 0
IsGatedGlobalClock: 0

+ Individual pipeline summary: 
  * Pipeline-0: initiation interval (II) = 1, depth = 5


============================================================
+ Verbose Summary: Schedule
============================================================
* Number of FSM states: 5
* Pipeline: 1
  Pipeline-0: II = 1, D = 5, States = { 1 2 3 4 5 }
* Dataflow Pipeline: 0

* FSM state transitions: 
1 --> 
	2  / true
2 --> 
	3  / true
3 --> 
	4  / true
4 --> 
	5  / true
5 --> 
* FSM state operations: 

 <State 1>: 2.94ns
ST_1: data_31_V_read_2 (33)  [1/1] 0.00ns
arrayctor.loop4.preheader:0  %data_31_V_read_2 = call i18 @_ssdm_op_Read.ap_auto.i18(i18 %data_31_V_read)

ST_1: data_30_V_read31 (34)  [1/1] 0.00ns
arrayctor.loop4.preheader:1  %data_30_V_read31 = call i18 @_ssdm_op_Read.ap_auto.i18(i18 %data_30_V_read)

ST_1: data_29_V_read_2 (35)  [1/1] 0.00ns
arrayctor.loop4.preheader:2  %data_29_V_read_2 = call i18 @_ssdm_op_Read.ap_auto.i18(i18 %data_29_V_read)

ST_1: data_28_V_read_2 (36)  [1/1] 0.00ns
arrayctor.loop4.preheader:3  %data_28_V_read_2 = call i18 @_ssdm_op_Read.ap_auto.i18(i18 %data_28_V_read)

ST_1: data_27_V_read_2 (37)  [1/1] 0.00ns
arrayctor.loop4.preheader:4  %data_27_V_read_2 = call i18 @_ssdm_op_Read.ap_auto.i18(i18 %data_27_V_read)

ST_1: data_26_V_read_2 (38)  [1/1] 0.00ns
arrayctor.loop4.preheader:5  %data_26_V_read_2 = call i18 @_ssdm_op_Read.ap_auto.i18(i18 %data_26_V_read)

ST_1: data_25_V_read_2 (39)  [1/1] 0.00ns
arrayctor.loop4.preheader:6  %data_25_V_read_2 = call i18 @_ssdm_op_Read.ap_auto.i18(i18 %data_25_V_read)

ST_1: data_24_V_read_2 (40)  [1/1] 0.00ns
arrayctor.loop4.preheader:7  %data_24_V_read_2 = call i18 @_ssdm_op_Read.ap_auto.i18(i18 %data_24_V_read)

ST_1: data_23_V_read_2 (41)  [1/1] 0.00ns
arrayctor.loop4.preheader:8  %data_23_V_read_2 = call i18 @_ssdm_op_Read.ap_auto.i18(i18 %data_23_V_read)

ST_1: data_22_V_read_2 (42)  [1/1] 0.00ns
arrayctor.loop4.preheader:9  %data_22_V_read_2 = call i18 @_ssdm_op_Read.ap_auto.i18(i18 %data_22_V_read)

ST_1: data_21_V_read_2 (43)  [1/1] 0.00ns
arrayctor.loop4.preheader:10  %data_21_V_read_2 = call i18 @_ssdm_op_Read.ap_auto.i18(i18 %data_21_V_read)

ST_1: data_20_V_read21 (44)  [1/1] 0.00ns
arrayctor.loop4.preheader:11  %data_20_V_read21 = call i18 @_ssdm_op_Read.ap_auto.i18(i18 %data_20_V_read)

ST_1: data_19_V_read_2 (45)  [1/1] 0.00ns
arrayctor.loop4.preheader:12  %data_19_V_read_2 = call i18 @_ssdm_op_Read.ap_auto.i18(i18 %data_19_V_read)

ST_1: data_18_V_read_2 (46)  [1/1] 0.00ns
arrayctor.loop4.preheader:13  %data_18_V_read_2 = call i18 @_ssdm_op_Read.ap_auto.i18(i18 %data_18_V_read)

ST_1: data_17_V_read_2 (47)  [1/1] 0.00ns
arrayctor.loop4.preheader:14  %data_17_V_read_2 = call i18 @_ssdm_op_Read.ap_auto.i18(i18 %data_17_V_read)

ST_1: data_16_V_read_2 (48)  [1/1] 0.00ns
arrayctor.loop4.preheader:15  %data_16_V_read_2 = call i18 @_ssdm_op_Read.ap_auto.i18(i18 %data_16_V_read)

ST_1: data_15_V_read_2 (49)  [1/1] 0.00ns
arrayctor.loop4.preheader:16  %data_15_V_read_2 = call i18 @_ssdm_op_Read.ap_auto.i18(i18 %data_15_V_read)

ST_1: data_14_V_read_2 (50)  [1/1] 0.00ns
arrayctor.loop4.preheader:17  %data_14_V_read_2 = call i18 @_ssdm_op_Read.ap_auto.i18(i18 %data_14_V_read)

ST_1: data_13_V_read_2 (51)  [1/1] 0.00ns
arrayctor.loop4.preheader:18  %data_13_V_read_2 = call i18 @_ssdm_op_Read.ap_auto.i18(i18 %data_13_V_read)

ST_1: data_12_V_read_2 (52)  [1/1] 0.00ns
arrayctor.loop4.preheader:19  %data_12_V_read_2 = call i18 @_ssdm_op_Read.ap_auto.i18(i18 %data_12_V_read)

ST_1: data_11_V_read_2 (53)  [1/1] 0.00ns
arrayctor.loop4.preheader:20  %data_11_V_read_2 = call i18 @_ssdm_op_Read.ap_auto.i18(i18 %data_11_V_read)

ST_1: data_10_V_read11 (54)  [1/1] 0.00ns
arrayctor.loop4.preheader:21  %data_10_V_read11 = call i18 @_ssdm_op_Read.ap_auto.i18(i18 %data_10_V_read)

ST_1: data_9_V_read_3 (55)  [1/1] 0.00ns
arrayctor.loop4.preheader:22  %data_9_V_read_3 = call i18 @_ssdm_op_Read.ap_auto.i18(i18 %data_9_V_read)

ST_1: data_8_V_read_3 (56)  [1/1] 0.00ns
arrayctor.loop4.preheader:23  %data_8_V_read_3 = call i18 @_ssdm_op_Read.ap_auto.i18(i18 %data_8_V_read)

ST_1: data_7_V_read_3 (57)  [1/1] 0.00ns
arrayctor.loop4.preheader:24  %data_7_V_read_3 = call i18 @_ssdm_op_Read.ap_auto.i18(i18 %data_7_V_read)

ST_1: data_6_V_read_3 (58)  [1/1] 0.00ns
arrayctor.loop4.preheader:25  %data_6_V_read_3 = call i18 @_ssdm_op_Read.ap_auto.i18(i18 %data_6_V_read)

ST_1: data_5_V_read_3 (59)  [1/1] 0.00ns
arrayctor.loop4.preheader:26  %data_5_V_read_3 = call i18 @_ssdm_op_Read.ap_auto.i18(i18 %data_5_V_read)

ST_1: data_4_V_read_3 (60)  [1/1] 0.00ns
arrayctor.loop4.preheader:27  %data_4_V_read_3 = call i18 @_ssdm_op_Read.ap_auto.i18(i18 %data_4_V_read)

ST_1: data_3_V_read_2 (61)  [1/1] 0.00ns
arrayctor.loop4.preheader:28  %data_3_V_read_2 = call i18 @_ssdm_op_Read.ap_auto.i18(i18 %data_3_V_read)

ST_1: data_2_V_read_3 (62)  [1/1] 0.00ns
arrayctor.loop4.preheader:29  %data_2_V_read_3 = call i18 @_ssdm_op_Read.ap_auto.i18(i18 %data_2_V_read)

ST_1: data_1_V_read_3 (63)  [1/1] 0.00ns
arrayctor.loop4.preheader:30  %data_1_V_read_3 = call i18 @_ssdm_op_Read.ap_auto.i18(i18 %data_1_V_read)

ST_1: data_0_V_read_3 (64)  [1/1] 0.00ns
arrayctor.loop4.preheader:31  %data_0_V_read_3 = call i18 @_ssdm_op_Read.ap_auto.i18(i18 %data_0_V_read)

ST_1: p_shl10 (69)  [1/1] 0.00ns  loc: /home/ntran/HLS/ML/dev/HLS4ML/nnet_utils/nnet_layer.h:85
arrayctor.loop4.preheader:36  %p_shl10 = call i24 @_ssdm_op_BitConcatenate.i24.i18.i6(i18 %data_0_V_read_3, i6 0)

ST_1: p_shl12_cast (70)  [1/1] 0.00ns  loc: /home/ntran/HLS/ML/dev/HLS4ML/nnet_utils/nnet_layer.h:85
arrayctor.loop4.preheader:37  %p_shl12_cast = sext i24 %p_shl10 to i25

ST_1: p_shl12 (71)  [1/1] 0.00ns  loc: /home/ntran/HLS/ML/dev/HLS4ML/nnet_utils/nnet_layer.h:85
arrayctor.loop4.preheader:38  %p_shl12 = call i20 @_ssdm_op_BitConcatenate.i20.i18.i2(i18 %data_0_V_read_3, i2 0)

ST_1: p_shl14_cast (72)  [1/1] 0.00ns  loc: /home/ntran/HLS/ML/dev/HLS4ML/nnet_utils/nnet_layer.h:85
arrayctor.loop4.preheader:39  %p_shl14_cast = sext i20 %p_shl12 to i25

ST_1: p_Val2_s (73)  [1/1] 1.51ns  loc: /home/ntran/HLS/ML/dev/HLS4ML/nnet_utils/nnet_layer.h:85
arrayctor.loop4.preheader:40  %p_Val2_s = sub i25 %p_shl14_cast, %p_shl12_cast

ST_1: tmp_5 (74)  [1/1] 0.00ns  loc: /home/ntran/HLS/ML/dev/HLS4ML/nnet_utils/nnet_layer.h:85
arrayctor.loop4.preheader:41  %tmp_5 = call i15 @_ssdm_op_PartSelect.i15.i25.i32.i32(i25 %p_Val2_s, i32 10, i32 24)

ST_1: OP1_V_1_cast (76)  [1/1] 0.00ns  loc: /home/ntran/HLS/ML/dev/HLS4ML/nnet_utils/nnet_layer.h:85
arrayctor.loop4.preheader:43  %OP1_V_1_cast = sext i18 %data_1_V_read_3 to i27

ST_1: p_Val2_s_25 (77)  [3/3] 2.94ns  loc: /home/ntran/HLS/ML/dev/HLS4ML/nnet_utils/nnet_layer.h:85
arrayctor.loop4.preheader:44  %p_Val2_s_25 = mul i27 %OP1_V_1_cast, -143

ST_1: OP1_V_3_cast (86)  [1/1] 0.00ns  loc: /home/ntran/HLS/ML/dev/HLS4ML/nnet_utils/nnet_layer.h:85
arrayctor.loop4.preheader:53  %OP1_V_3_cast = sext i18 %data_3_V_read_2 to i27

ST_1: p_Val2_2 (87)  [3/3] 2.94ns  loc: /home/ntran/HLS/ML/dev/HLS4ML/nnet_utils/nnet_layer.h:85
arrayctor.loop4.preheader:54  %p_Val2_2 = mul i27 %OP1_V_3_cast, -181

ST_1: p_shl7 (90)  [1/1] 0.00ns  loc: /home/ntran/HLS/ML/dev/HLS4ML/nnet_utils/nnet_layer.h:85
arrayctor.loop4.preheader:57  %p_shl7 = call i24 @_ssdm_op_BitConcatenate.i24.i18.i6(i18 %data_4_V_read_3, i6 0)

ST_1: p_shl7_cast (91)  [1/1] 0.00ns  loc: /home/ntran/HLS/ML/dev/HLS4ML/nnet_utils/nnet_layer.h:85
arrayctor.loop4.preheader:58  %p_shl7_cast = sext i24 %p_shl7 to i25

ST_1: p_shl8 (92)  [1/1] 0.00ns  loc: /home/ntran/HLS/ML/dev/HLS4ML/nnet_utils/nnet_layer.h:85
arrayctor.loop4.preheader:59  %p_shl8 = call i19 @_ssdm_op_BitConcatenate.i19.i18.i1(i18 %data_4_V_read_3, i1 false)

ST_1: p_shl8_cast (93)  [1/1] 0.00ns  loc: /home/ntran/HLS/ML/dev/HLS4ML/nnet_utils/nnet_layer.h:85
arrayctor.loop4.preheader:60  %p_shl8_cast = sext i19 %p_shl8 to i25

ST_1: p_Val2_4 (94)  [1/1] 1.51ns  loc: /home/ntran/HLS/ML/dev/HLS4ML/nnet_utils/nnet_layer.h:85
arrayctor.loop4.preheader:61  %p_Val2_4 = add i25 %p_shl7_cast, %p_shl8_cast

ST_1: tmp_14 (95)  [1/1] 0.00ns  loc: /home/ntran/HLS/ML/dev/HLS4ML/nnet_utils/nnet_layer.h:85
arrayctor.loop4.preheader:62  %tmp_14 = call i15 @_ssdm_op_PartSelect.i15.i25.i32.i32(i25 %p_Val2_4, i32 10, i32 24)

ST_1: OP1_V_5_cast (97)  [1/1] 0.00ns  loc: /home/ntran/HLS/ML/dev/HLS4ML/nnet_utils/nnet_layer.h:85
arrayctor.loop4.preheader:64  %OP1_V_5_cast = sext i18 %data_5_V_read_3 to i27

ST_1: p_Val2_5 (98)  [3/3] 2.94ns  loc: /home/ntran/HLS/ML/dev/HLS4ML/nnet_utils/nnet_layer.h:85
arrayctor.loop4.preheader:65  %p_Val2_5 = mul i27 %OP1_V_5_cast, 191

ST_1: p_shl5 (101)  [1/1] 0.00ns  loc: /home/ntran/HLS/ML/dev/HLS4ML/nnet_utils/nnet_layer.h:85
arrayctor.loop4.preheader:68  %p_shl5 = call i25 @_ssdm_op_BitConcatenate.i25.i18.i7(i18 %data_6_V_read_3, i7 0)

ST_1: p_shl5_cast (102)  [1/1] 0.00ns  loc: /home/ntran/HLS/ML/dev/HLS4ML/nnet_utils/nnet_layer.h:85
arrayctor.loop4.preheader:69  %p_shl5_cast = sext i25 %p_shl5 to i26

ST_1: p_shl6 (103)  [1/1] 0.00ns  loc: /home/ntran/HLS/ML/dev/HLS4ML/nnet_utils/nnet_layer.h:85
arrayctor.loop4.preheader:70  %p_shl6 = call i23 @_ssdm_op_BitConcatenate.i23.i18.i5(i18 %data_6_V_read_3, i5 0)

ST_1: p_shl6_cast (104)  [1/1] 0.00ns  loc: /home/ntran/HLS/ML/dev/HLS4ML/nnet_utils/nnet_layer.h:85
arrayctor.loop4.preheader:71  %p_shl6_cast = sext i23 %p_shl6 to i26

ST_1: p_Val2_6 (105)  [1/1] 1.57ns  loc: /home/ntran/HLS/ML/dev/HLS4ML/nnet_utils/nnet_layer.h:85
arrayctor.loop4.preheader:72  %p_Val2_6 = add i26 %p_shl5_cast, %p_shl6_cast

ST_1: tmp_20 (106)  [1/1] 0.00ns  loc: /home/ntran/HLS/ML/dev/HLS4ML/nnet_utils/nnet_layer.h:85
arrayctor.loop4.preheader:73  %tmp_20 = call i16 @_ssdm_op_PartSelect.i16.i26.i32.i32(i26 %p_Val2_6, i32 10, i32 25)

ST_1: OP1_V_7_cast (108)  [1/1] 0.00ns  loc: /home/ntran/HLS/ML/dev/HLS4ML/nnet_utils/nnet_layer.h:85
arrayctor.loop4.preheader:75  %OP1_V_7_cast = sext i18 %data_7_V_read_3 to i28

ST_1: p_Val2_7 (109)  [3/3] 2.94ns  loc: /home/ntran/HLS/ML/dev/HLS4ML/nnet_utils/nnet_layer.h:85
arrayctor.loop4.preheader:76  %p_Val2_7 = mul i28 %OP1_V_7_cast, -366

ST_1: OP1_V_8_cast (111)  [1/1] 0.00ns  loc: /home/ntran/HLS/ML/dev/HLS4ML/nnet_utils/nnet_layer.h:85
arrayctor.loop4.preheader:78  %OP1_V_8_cast = sext i18 %data_8_V_read_3 to i27

ST_1: p_Val2_8 (112)  [3/3] 2.94ns  loc: /home/ntran/HLS/ML/dev/HLS4ML/nnet_utils/nnet_layer.h:85
arrayctor.loop4.preheader:79  %p_Val2_8 = mul i27 %OP1_V_8_cast, -174

ST_1: OP1_V_9_cast (115)  [1/1] 0.00ns  loc: /home/ntran/HLS/ML/dev/HLS4ML/nnet_utils/nnet_layer.h:85
arrayctor.loop4.preheader:82  %OP1_V_9_cast = sext i18 %data_9_V_read_3 to i28

ST_1: p_Val2_9 (116)  [3/3] 2.94ns  loc: /home/ntran/HLS/ML/dev/HLS4ML/nnet_utils/nnet_layer.h:85
arrayctor.loop4.preheader:83  %p_Val2_9 = mul i28 %OP1_V_9_cast, -333

ST_1: OP1_V_cast (118)  [1/1] 0.00ns  loc: /home/ntran/HLS/ML/dev/HLS4ML/nnet_utils/nnet_layer.h:85
arrayctor.loop4.preheader:85  %OP1_V_cast = sext i18 %data_10_V_read11 to i27

ST_1: p_Val2_3 (119)  [3/3] 2.94ns  loc: /home/ntran/HLS/ML/dev/HLS4ML/nnet_utils/nnet_layer.h:85
arrayctor.loop4.preheader:86  %p_Val2_3 = mul i27 %OP1_V_cast, 242

ST_1: OP1_V_10_cast (122)  [1/1] 0.00ns  loc: /home/ntran/HLS/ML/dev/HLS4ML/nnet_utils/nnet_layer.h:85
arrayctor.loop4.preheader:89  %OP1_V_10_cast = sext i18 %data_11_V_read_2 to i25

ST_1: p_shl4 (123)  [1/1] 0.00ns  loc: /home/ntran/HLS/ML/dev/HLS4ML/nnet_utils/nnet_layer.h:85
arrayctor.loop4.preheader:90  %p_shl4 = call i24 @_ssdm_op_BitConcatenate.i24.i18.i6(i18 %data_11_V_read_2, i6 0)

ST_1: p_shl4_cast (124)  [1/1] 0.00ns  loc: /home/ntran/HLS/ML/dev/HLS4ML/nnet_utils/nnet_layer.h:85
arrayctor.loop4.preheader:91  %p_shl4_cast = sext i24 %p_shl4 to i25

ST_1: p_Val2_10 (125)  [1/1] 1.51ns  loc: /home/ntran/HLS/ML/dev/HLS4ML/nnet_utils/nnet_layer.h:85
arrayctor.loop4.preheader:92  %p_Val2_10 = add i25 %p_shl4_cast, %OP1_V_10_cast

ST_1: tmp_29 (126)  [1/1] 0.00ns  loc: /home/ntran/HLS/ML/dev/HLS4ML/nnet_utils/nnet_layer.h:85
arrayctor.loop4.preheader:93  %tmp_29 = call i15 @_ssdm_op_PartSelect.i15.i25.i32.i32(i25 %p_Val2_10, i32 10, i32 24)

ST_1: OP1_V_11_cast (128)  [1/1] 0.00ns  loc: /home/ntran/HLS/ML/dev/HLS4ML/nnet_utils/nnet_layer.h:85
arrayctor.loop4.preheader:95  %OP1_V_11_cast = sext i18 %data_12_V_read_2 to i28

ST_1: p_Val2_11 (129)  [3/3] 2.94ns  loc: /home/ntran/HLS/ML/dev/HLS4ML/nnet_utils/nnet_layer.h:85
arrayctor.loop4.preheader:96  %p_Val2_11 = mul i28 %OP1_V_11_cast, -397

ST_1: OP1_V_12_cast (131)  [1/1] 0.00ns  loc: /home/ntran/HLS/ML/dev/HLS4ML/nnet_utils/nnet_layer.h:85
arrayctor.loop4.preheader:98  %OP1_V_12_cast = sext i18 %data_13_V_read_2 to i21

ST_1: p_shl3 (132)  [1/1] 0.00ns  loc: /home/ntran/HLS/ML/dev/HLS4ML/nnet_utils/nnet_layer.h:85
arrayctor.loop4.preheader:99  %p_shl3 = call i20 @_ssdm_op_BitConcatenate.i20.i18.i2(i18 %data_13_V_read_2, i2 0)

ST_1: p_shl3_cast (133)  [1/1] 0.00ns  loc: /home/ntran/HLS/ML/dev/HLS4ML/nnet_utils/nnet_layer.h:85
arrayctor.loop4.preheader:100  %p_shl3_cast = sext i20 %p_shl3 to i21

ST_1: p_neg (134)  [1/1] 1.32ns  loc: /home/ntran/HLS/ML/dev/HLS4ML/nnet_utils/nnet_layer.h:85
arrayctor.loop4.preheader:101  %p_neg = sub i21 0, %p_shl3_cast

ST_1: p_Val2_12 (135)  [1/1] 1.32ns  loc: /home/ntran/HLS/ML/dev/HLS4ML/nnet_utils/nnet_layer.h:85
arrayctor.loop4.preheader:102  %p_Val2_12 = sub i21 %p_neg, %OP1_V_12_cast

ST_1: tmp_32 (136)  [1/1] 0.00ns  loc: /home/ntran/HLS/ML/dev/HLS4ML/nnet_utils/nnet_layer.h:85
arrayctor.loop4.preheader:103  %tmp_32 = call i11 @_ssdm_op_PartSelect.i11.i21.i32.i32(i21 %p_Val2_12, i32 10, i32 20)

ST_1: OP1_V_13_cast (138)  [1/1] 0.00ns  loc: /home/ntran/HLS/ML/dev/HLS4ML/nnet_utils/nnet_layer.h:85
arrayctor.loop4.preheader:105  %OP1_V_13_cast = sext i18 %data_14_V_read_2 to i27

ST_1: p_Val2_13 (139)  [3/3] 2.94ns  loc: /home/ntran/HLS/ML/dev/HLS4ML/nnet_utils/nnet_layer.h:85
arrayctor.loop4.preheader:106  %p_Val2_13 = mul i27 %OP1_V_13_cast, -164

ST_1: OP1_V_14_cast (142)  [1/1] 0.00ns  loc: /home/ntran/HLS/ML/dev/HLS4ML/nnet_utils/nnet_layer.h:85
arrayctor.loop4.preheader:109  %OP1_V_14_cast = sext i18 %data_15_V_read_2 to i26

ST_1: p_Val2_14 (143)  [3/3] 2.94ns  loc: /home/ntran/HLS/ML/dev/HLS4ML/nnet_utils/nnet_layer.h:85
arrayctor.loop4.preheader:110  %p_Val2_14 = mul i26 %OP1_V_14_cast, 92

ST_1: tmp_41 (146)  [1/1] 0.00ns  loc: /home/ntran/HLS/ML/dev/HLS4ML/nnet_utils/nnet_layer.h:85
arrayctor.loop4.preheader:113  %tmp_41 = call i15 @_ssdm_op_PartSelect.i15.i18.i32.i32(i18 %data_16_V_read_2, i32 3, i32 17)

ST_1: OP1_V_16_cast (148)  [1/1] 0.00ns  loc: /home/ntran/HLS/ML/dev/HLS4ML/nnet_utils/nnet_layer.h:85
arrayctor.loop4.preheader:115  %OP1_V_16_cast = sext i18 %data_17_V_read_2 to i24

ST_1: p_Val2_15 (149)  [3/3] 2.94ns  loc: /home/ntran/HLS/ML/dev/HLS4ML/nnet_utils/nnet_layer.h:85
arrayctor.loop4.preheader:116  %p_Val2_15 = mul i24 %OP1_V_16_cast, 25

ST_1: OP1_V_17_cast (152)  [1/1] 0.00ns  loc: /home/ntran/HLS/ML/dev/HLS4ML/nnet_utils/nnet_layer.h:85
arrayctor.loop4.preheader:119  %OP1_V_17_cast = sext i18 %data_18_V_read_2 to i28

ST_1: p_Val2_16 (153)  [3/3] 2.94ns  loc: /home/ntran/HLS/ML/dev/HLS4ML/nnet_utils/nnet_layer.h:85
arrayctor.loop4.preheader:120  %p_Val2_16 = mul i28 %OP1_V_17_cast, -438

ST_1: p_shl2 (155)  [1/1] 0.00ns  loc: /home/ntran/HLS/ML/dev/HLS4ML/nnet_utils/nnet_layer.h:85
arrayctor.loop4.preheader:122  %p_shl2 = call i21 @_ssdm_op_BitConcatenate.i21.i18.i3(i18 %data_19_V_read_2, i3 0)

ST_1: p_shl2_cast (156)  [1/1] 0.00ns  loc: /home/ntran/HLS/ML/dev/HLS4ML/nnet_utils/nnet_layer.h:85
arrayctor.loop4.preheader:123  %p_shl2_cast = sext i21 %p_shl2 to i22

ST_1: p_Val2_17 (157)  [1/1] 1.51ns  loc: /home/ntran/HLS/ML/dev/HLS4ML/nnet_utils/nnet_layer.h:85
arrayctor.loop4.preheader:124  %p_Val2_17 = sub i22 0, %p_shl2_cast

ST_1: tmp_159 (158)  [1/1] 0.00ns  loc: /home/ntran/HLS/ML/dev/HLS4ML/nnet_utils/nnet_layer.h:85
arrayctor.loop4.preheader:125  %tmp_159 = call i12 @_ssdm_op_PartSelect.i12.i22.i32.i32(i22 %p_Val2_17, i32 10, i32 21)

ST_1: OP1_V_19_cast (160)  [1/1] 0.00ns  loc: /home/ntran/HLS/ML/dev/HLS4ML/nnet_utils/nnet_layer.h:85
arrayctor.loop4.preheader:127  %OP1_V_19_cast = sext i18 %data_20_V_read21 to i25

ST_1: p_Val2_18 (161)  [3/3] 2.94ns  loc: /home/ntran/HLS/ML/dev/HLS4ML/nnet_utils/nnet_layer.h:85
arrayctor.loop4.preheader:128  %p_Val2_18 = mul i25 %OP1_V_19_cast, 50

ST_1: OP1_V_20_cast (164)  [1/1] 0.00ns  loc: /home/ntran/HLS/ML/dev/HLS4ML/nnet_utils/nnet_layer.h:85
arrayctor.loop4.preheader:131  %OP1_V_20_cast = sext i18 %data_21_V_read_2 to i26

ST_1: p_Val2_19 (165)  [3/3] 2.94ns  loc: /home/ntran/HLS/ML/dev/HLS4ML/nnet_utils/nnet_layer.h:85
arrayctor.loop4.preheader:132  %p_Val2_19 = mul i26 %OP1_V_20_cast, -97

ST_1: OP1_V_21_cast (168)  [1/1] 0.00ns  loc: /home/ntran/HLS/ML/dev/HLS4ML/nnet_utils/nnet_layer.h:85
arrayctor.loop4.preheader:135  %OP1_V_21_cast = sext i18 %data_22_V_read_2 to i27

ST_1: p_Val2_20 (169)  [3/3] 2.94ns  loc: /home/ntran/HLS/ML/dev/HLS4ML/nnet_utils/nnet_layer.h:85
arrayctor.loop4.preheader:136  %p_Val2_20 = mul i27 %OP1_V_21_cast, -245

ST_1: OP1_V_22_cast (172)  [1/1] 0.00ns  loc: /home/ntran/HLS/ML/dev/HLS4ML/nnet_utils/nnet_layer.h:85
arrayctor.loop4.preheader:139  %OP1_V_22_cast = sext i18 %data_23_V_read_2 to i28

ST_1: p_Val2_21 (173)  [3/3] 2.94ns  loc: /home/ntran/HLS/ML/dev/HLS4ML/nnet_utils/nnet_layer.h:85
arrayctor.loop4.preheader:140  %p_Val2_21 = mul i28 %OP1_V_22_cast, -300

ST_1: OP1_V_23_cast (175)  [1/1] 0.00ns  loc: /home/ntran/HLS/ML/dev/HLS4ML/nnet_utils/nnet_layer.h:85
arrayctor.loop4.preheader:142  %OP1_V_23_cast = sext i18 %data_24_V_read_2 to i28

ST_1: p_Val2_22 (176)  [3/3] 2.94ns  loc: /home/ntran/HLS/ML/dev/HLS4ML/nnet_utils/nnet_layer.h:85
arrayctor.loop4.preheader:143  %p_Val2_22 = mul i28 %OP1_V_23_cast, -330

ST_1: OP1_V_24_cast (178)  [1/1] 0.00ns  loc: /home/ntran/HLS/ML/dev/HLS4ML/nnet_utils/nnet_layer.h:85
arrayctor.loop4.preheader:145  %OP1_V_24_cast = sext i18 %data_25_V_read_2 to i28

ST_1: p_Val2_23 (179)  [3/3] 2.94ns  loc: /home/ntran/HLS/ML/dev/HLS4ML/nnet_utils/nnet_layer.h:85
arrayctor.loop4.preheader:146  %p_Val2_23 = mul i28 %OP1_V_24_cast, -377

ST_1: OP1_V_25_cast (181)  [1/1] 0.00ns  loc: /home/ntran/HLS/ML/dev/HLS4ML/nnet_utils/nnet_layer.h:85
arrayctor.loop4.preheader:148  %OP1_V_25_cast = sext i18 %data_26_V_read_2 to i26

ST_1: p_Val2_24 (182)  [3/3] 2.94ns  loc: /home/ntran/HLS/ML/dev/HLS4ML/nnet_utils/nnet_layer.h:85
arrayctor.loop4.preheader:149  %p_Val2_24 = mul i26 %OP1_V_25_cast, 74

ST_1: OP1_V_26_cast (185)  [1/1] 0.00ns  loc: /home/ntran/HLS/ML/dev/HLS4ML/nnet_utils/nnet_layer.h:85
arrayctor.loop4.preheader:152  %OP1_V_26_cast = sext i18 %data_27_V_read_2 to i27

ST_1: p_Val2_25 (186)  [3/3] 2.94ns  loc: /home/ntran/HLS/ML/dev/HLS4ML/nnet_utils/nnet_layer.h:85
arrayctor.loop4.preheader:153  %p_Val2_25 = mul i27 %OP1_V_26_cast, 159

ST_1: p_shl (189)  [1/1] 0.00ns  loc: /home/ntran/HLS/ML/dev/HLS4ML/nnet_utils/nnet_layer.h:85
arrayctor.loop4.preheader:156  %p_shl = call i25 @_ssdm_op_BitConcatenate.i25.i18.i7(i18 %data_28_V_read_2, i7 0)

ST_1: p_shl_cast (190)  [1/1] 0.00ns  loc: /home/ntran/HLS/ML/dev/HLS4ML/nnet_utils/nnet_layer.h:85
arrayctor.loop4.preheader:157  %p_shl_cast = sext i25 %p_shl to i26

ST_1: p_shl1 (191)  [1/1] 0.00ns  loc: /home/ntran/HLS/ML/dev/HLS4ML/nnet_utils/nnet_layer.h:85
arrayctor.loop4.preheader:158  %p_shl1 = call i21 @_ssdm_op_BitConcatenate.i21.i18.i3(i18 %data_28_V_read_2, i3 0)

ST_1: p_shl1_cast (192)  [1/1] 0.00ns  loc: /home/ntran/HLS/ML/dev/HLS4ML/nnet_utils/nnet_layer.h:85
arrayctor.loop4.preheader:159  %p_shl1_cast = sext i21 %p_shl1 to i26

ST_1: p_Val2_26 (193)  [1/1] 1.57ns  loc: /home/ntran/HLS/ML/dev/HLS4ML/nnet_utils/nnet_layer.h:85
arrayctor.loop4.preheader:160  %p_Val2_26 = sub i26 %p_shl_cast, %p_shl1_cast

ST_1: tmp_64 (194)  [1/1] 0.00ns  loc: /home/ntran/HLS/ML/dev/HLS4ML/nnet_utils/nnet_layer.h:85
arrayctor.loop4.preheader:161  %tmp_64 = call i16 @_ssdm_op_PartSelect.i16.i26.i32.i32(i26 %p_Val2_26, i32 10, i32 25)

ST_1: OP1_V_28_cast (196)  [1/1] 0.00ns  loc: /home/ntran/HLS/ML/dev/HLS4ML/nnet_utils/nnet_layer.h:85
arrayctor.loop4.preheader:163  %OP1_V_28_cast = sext i18 %data_29_V_read_2 to i26

ST_1: p_Val2_27 (197)  [3/3] 2.94ns  loc: /home/ntran/HLS/ML/dev/HLS4ML/nnet_utils/nnet_layer.h:85
arrayctor.loop4.preheader:164  %p_Val2_27 = mul i26 %OP1_V_28_cast, -105

ST_1: OP1_V_29_cast (200)  [1/1] 0.00ns  loc: /home/ntran/HLS/ML/dev/HLS4ML/nnet_utils/nnet_layer.h:85
arrayctor.loop4.preheader:167  %OP1_V_29_cast = sext i18 %data_30_V_read31 to i27

ST_1: p_Val2_28 (201)  [3/3] 2.94ns  loc: /home/ntran/HLS/ML/dev/HLS4ML/nnet_utils/nnet_layer.h:85
arrayctor.loop4.preheader:168  %p_Val2_28 = mul i27 %OP1_V_29_cast, -186

ST_1: OP1_V_30_cast (204)  [1/1] 0.00ns  loc: /home/ntran/HLS/ML/dev/HLS4ML/nnet_utils/nnet_layer.h:85
arrayctor.loop4.preheader:171  %OP1_V_30_cast = sext i18 %data_31_V_read_2 to i24

ST_1: p_Val2_29 (205)  [3/3] 2.94ns  loc: /home/ntran/HLS/ML/dev/HLS4ML/nnet_utils/nnet_layer.h:85
arrayctor.loop4.preheader:172  %p_Val2_29 = mul i24 %OP1_V_30_cast, 29


 <State 2>: 2.94ns
ST_2: p_Val2_s_25 (77)  [2/3] 2.94ns  loc: /home/ntran/HLS/ML/dev/HLS4ML/nnet_utils/nnet_layer.h:85
arrayctor.loop4.preheader:44  %p_Val2_s_25 = mul i27 %OP1_V_1_cast, -143

ST_2: p_Val2_2 (87)  [2/3] 2.94ns  loc: /home/ntran/HLS/ML/dev/HLS4ML/nnet_utils/nnet_layer.h:85
arrayctor.loop4.preheader:54  %p_Val2_2 = mul i27 %OP1_V_3_cast, -181

ST_2: p_Val2_5 (98)  [2/3] 2.94ns  loc: /home/ntran/HLS/ML/dev/HLS4ML/nnet_utils/nnet_layer.h:85
arrayctor.loop4.preheader:65  %p_Val2_5 = mul i27 %OP1_V_5_cast, 191

ST_2: p_Val2_7 (109)  [2/3] 2.94ns  loc: /home/ntran/HLS/ML/dev/HLS4ML/nnet_utils/nnet_layer.h:85
arrayctor.loop4.preheader:76  %p_Val2_7 = mul i28 %OP1_V_7_cast, -366

ST_2: p_Val2_8 (112)  [2/3] 2.94ns  loc: /home/ntran/HLS/ML/dev/HLS4ML/nnet_utils/nnet_layer.h:85
arrayctor.loop4.preheader:79  %p_Val2_8 = mul i27 %OP1_V_8_cast, -174

ST_2: p_Val2_9 (116)  [2/3] 2.94ns  loc: /home/ntran/HLS/ML/dev/HLS4ML/nnet_utils/nnet_layer.h:85
arrayctor.loop4.preheader:83  %p_Val2_9 = mul i28 %OP1_V_9_cast, -333

ST_2: p_Val2_3 (119)  [2/3] 2.94ns  loc: /home/ntran/HLS/ML/dev/HLS4ML/nnet_utils/nnet_layer.h:85
arrayctor.loop4.preheader:86  %p_Val2_3 = mul i27 %OP1_V_cast, 242

ST_2: p_Val2_11 (129)  [2/3] 2.94ns  loc: /home/ntran/HLS/ML/dev/HLS4ML/nnet_utils/nnet_layer.h:85
arrayctor.loop4.preheader:96  %p_Val2_11 = mul i28 %OP1_V_11_cast, -397

ST_2: p_Val2_13 (139)  [2/3] 2.94ns  loc: /home/ntran/HLS/ML/dev/HLS4ML/nnet_utils/nnet_layer.h:85
arrayctor.loop4.preheader:106  %p_Val2_13 = mul i27 %OP1_V_13_cast, -164

ST_2: p_Val2_14 (143)  [2/3] 2.94ns  loc: /home/ntran/HLS/ML/dev/HLS4ML/nnet_utils/nnet_layer.h:85
arrayctor.loop4.preheader:110  %p_Val2_14 = mul i26 %OP1_V_14_cast, 92

ST_2: p_Val2_15 (149)  [2/3] 2.94ns  loc: /home/ntran/HLS/ML/dev/HLS4ML/nnet_utils/nnet_layer.h:85
arrayctor.loop4.preheader:116  %p_Val2_15 = mul i24 %OP1_V_16_cast, 25

ST_2: p_Val2_16 (153)  [2/3] 2.94ns  loc: /home/ntran/HLS/ML/dev/HLS4ML/nnet_utils/nnet_layer.h:85
arrayctor.loop4.preheader:120  %p_Val2_16 = mul i28 %OP1_V_17_cast, -438

ST_2: p_Val2_18 (161)  [2/3] 2.94ns  loc: /home/ntran/HLS/ML/dev/HLS4ML/nnet_utils/nnet_layer.h:85
arrayctor.loop4.preheader:128  %p_Val2_18 = mul i25 %OP1_V_19_cast, 50

ST_2: p_Val2_19 (165)  [2/3] 2.94ns  loc: /home/ntran/HLS/ML/dev/HLS4ML/nnet_utils/nnet_layer.h:85
arrayctor.loop4.preheader:132  %p_Val2_19 = mul i26 %OP1_V_20_cast, -97

ST_2: p_Val2_20 (169)  [2/3] 2.94ns  loc: /home/ntran/HLS/ML/dev/HLS4ML/nnet_utils/nnet_layer.h:85
arrayctor.loop4.preheader:136  %p_Val2_20 = mul i27 %OP1_V_21_cast, -245

ST_2: p_Val2_21 (173)  [2/3] 2.94ns  loc: /home/ntran/HLS/ML/dev/HLS4ML/nnet_utils/nnet_layer.h:85
arrayctor.loop4.preheader:140  %p_Val2_21 = mul i28 %OP1_V_22_cast, -300

ST_2: p_Val2_22 (176)  [2/3] 2.94ns  loc: /home/ntran/HLS/ML/dev/HLS4ML/nnet_utils/nnet_layer.h:85
arrayctor.loop4.preheader:143  %p_Val2_22 = mul i28 %OP1_V_23_cast, -330

ST_2: p_Val2_23 (179)  [2/3] 2.94ns  loc: /home/ntran/HLS/ML/dev/HLS4ML/nnet_utils/nnet_layer.h:85
arrayctor.loop4.preheader:146  %p_Val2_23 = mul i28 %OP1_V_24_cast, -377

ST_2: p_Val2_24 (182)  [2/3] 2.94ns  loc: /home/ntran/HLS/ML/dev/HLS4ML/nnet_utils/nnet_layer.h:85
arrayctor.loop4.preheader:149  %p_Val2_24 = mul i26 %OP1_V_25_cast, 74

ST_2: p_Val2_25 (186)  [2/3] 2.94ns  loc: /home/ntran/HLS/ML/dev/HLS4ML/nnet_utils/nnet_layer.h:85
arrayctor.loop4.preheader:153  %p_Val2_25 = mul i27 %OP1_V_26_cast, 159

ST_2: p_Val2_27 (197)  [2/3] 2.94ns  loc: /home/ntran/HLS/ML/dev/HLS4ML/nnet_utils/nnet_layer.h:85
arrayctor.loop4.preheader:164  %p_Val2_27 = mul i26 %OP1_V_28_cast, -105

ST_2: p_Val2_28 (201)  [2/3] 2.94ns  loc: /home/ntran/HLS/ML/dev/HLS4ML/nnet_utils/nnet_layer.h:85
arrayctor.loop4.preheader:168  %p_Val2_28 = mul i27 %OP1_V_29_cast, -186

ST_2: p_Val2_29 (205)  [2/3] 2.94ns  loc: /home/ntran/HLS/ML/dev/HLS4ML/nnet_utils/nnet_layer.h:85
arrayctor.loop4.preheader:172  %p_Val2_29 = mul i24 %OP1_V_30_cast, 29


 <State 3>: 4.33ns
ST_3: p_Val2_s_25 (77)  [1/3] 2.94ns  loc: /home/ntran/HLS/ML/dev/HLS4ML/nnet_utils/nnet_layer.h:85
arrayctor.loop4.preheader:44  %p_Val2_s_25 = mul i27 %OP1_V_1_cast, -143

ST_3: tmp_8 (78)  [1/1] 0.00ns  loc: /home/ntran/HLS/ML/dev/HLS4ML/nnet_utils/nnet_layer.h:85
arrayctor.loop4.preheader:45  %tmp_8 = call i17 @_ssdm_op_PartSelect.i17.i27.i32.i32(i27 %p_Val2_s_25, i32 10, i32 26)

ST_3: p_shl9 (80)  [1/1] 0.00ns  loc: /home/ntran/HLS/ML/dev/HLS4ML/nnet_utils/nnet_layer.h:85
arrayctor.loop4.preheader:47  %p_shl9 = call i27 @_ssdm_op_BitConcatenate.i27.i18.i9(i18 %data_2_V_read_3, i9 0)

ST_3: p_shl9_cast (81)  [1/1] 0.00ns  loc: /home/ntran/HLS/ML/dev/HLS4ML/nnet_utils/nnet_layer.h:85
arrayctor.loop4.preheader:48  %p_shl9_cast = sext i27 %p_shl9 to i28

ST_3: p_shl11 (82)  [1/1] 0.00ns  loc: /home/ntran/HLS/ML/dev/HLS4ML/nnet_utils/nnet_layer.h:85
arrayctor.loop4.preheader:49  %p_shl11 = call i24 @_ssdm_op_BitConcatenate.i24.i18.i6(i18 %data_2_V_read_3, i6 0)

ST_3: p_shl11_cast (83)  [1/1] 0.00ns  loc: /home/ntran/HLS/ML/dev/HLS4ML/nnet_utils/nnet_layer.h:85
arrayctor.loop4.preheader:50  %p_shl11_cast = sext i24 %p_shl11 to i28

ST_3: p_Val2_1 (84)  [1/1] 1.57ns  loc: /home/ntran/HLS/ML/dev/HLS4ML/nnet_utils/nnet_layer.h:85
arrayctor.loop4.preheader:51  %p_Val2_1 = sub i28 %p_shl11_cast, %p_shl9_cast

ST_3: tmp_3_2 (85)  [1/1] 0.00ns  loc: /home/ntran/HLS/ML/dev/HLS4ML/nnet_utils/nnet_layer.h:85
arrayctor.loop4.preheader:52  %tmp_3_2 = call i18 @_ssdm_op_PartSelect.i18.i28.i32.i32(i28 %p_Val2_1, i32 10, i32 27)

ST_3: p_Val2_2 (87)  [1/3] 2.94ns  loc: /home/ntran/HLS/ML/dev/HLS4ML/nnet_utils/nnet_layer.h:85
arrayctor.loop4.preheader:54  %p_Val2_2 = mul i27 %OP1_V_3_cast, -181

ST_3: tmp_11 (88)  [1/1] 0.00ns  loc: /home/ntran/HLS/ML/dev/HLS4ML/nnet_utils/nnet_layer.h:85
arrayctor.loop4.preheader:55  %tmp_11 = call i17 @_ssdm_op_PartSelect.i17.i27.i32.i32(i27 %p_Val2_2, i32 10, i32 26)

ST_3: p_Val2_5 (98)  [1/3] 2.94ns  loc: /home/ntran/HLS/ML/dev/HLS4ML/nnet_utils/nnet_layer.h:85
arrayctor.loop4.preheader:65  %p_Val2_5 = mul i27 %OP1_V_5_cast, 191

ST_3: tmp_17 (99)  [1/1] 0.00ns  loc: /home/ntran/HLS/ML/dev/HLS4ML/nnet_utils/nnet_layer.h:85
arrayctor.loop4.preheader:66  %tmp_17 = call i17 @_ssdm_op_PartSelect.i17.i27.i32.i32(i27 %p_Val2_5, i32 10, i32 26)

ST_3: p_Val2_7 (109)  [1/3] 2.94ns  loc: /home/ntran/HLS/ML/dev/HLS4ML/nnet_utils/nnet_layer.h:85
arrayctor.loop4.preheader:76  %p_Val2_7 = mul i28 %OP1_V_7_cast, -366

ST_3: tmp_3_7 (110)  [1/1] 0.00ns  loc: /home/ntran/HLS/ML/dev/HLS4ML/nnet_utils/nnet_layer.h:85
arrayctor.loop4.preheader:77  %tmp_3_7 = call i18 @_ssdm_op_PartSelect.i18.i28.i32.i32(i28 %p_Val2_7, i32 10, i32 27)

ST_3: p_Val2_8 (112)  [1/3] 2.94ns  loc: /home/ntran/HLS/ML/dev/HLS4ML/nnet_utils/nnet_layer.h:85
arrayctor.loop4.preheader:79  %p_Val2_8 = mul i27 %OP1_V_8_cast, -174

ST_3: tmp_23 (113)  [1/1] 0.00ns  loc: /home/ntran/HLS/ML/dev/HLS4ML/nnet_utils/nnet_layer.h:85
arrayctor.loop4.preheader:80  %tmp_23 = call i17 @_ssdm_op_PartSelect.i17.i27.i32.i32(i27 %p_Val2_8, i32 10, i32 26)

ST_3: p_Val2_9 (116)  [1/3] 2.94ns  loc: /home/ntran/HLS/ML/dev/HLS4ML/nnet_utils/nnet_layer.h:85
arrayctor.loop4.preheader:83  %p_Val2_9 = mul i28 %OP1_V_9_cast, -333

ST_3: tmp_3_9 (117)  [1/1] 0.00ns  loc: /home/ntran/HLS/ML/dev/HLS4ML/nnet_utils/nnet_layer.h:85
arrayctor.loop4.preheader:84  %tmp_3_9 = call i18 @_ssdm_op_PartSelect.i18.i28.i32.i32(i28 %p_Val2_9, i32 10, i32 27)

ST_3: p_Val2_3 (119)  [1/3] 2.94ns  loc: /home/ntran/HLS/ML/dev/HLS4ML/nnet_utils/nnet_layer.h:85
arrayctor.loop4.preheader:86  %p_Val2_3 = mul i27 %OP1_V_cast, 242

ST_3: tmp_26 (120)  [1/1] 0.00ns  loc: /home/ntran/HLS/ML/dev/HLS4ML/nnet_utils/nnet_layer.h:85
arrayctor.loop4.preheader:87  %tmp_26 = call i17 @_ssdm_op_PartSelect.i17.i27.i32.i32(i27 %p_Val2_3, i32 10, i32 26)

ST_3: p_Val2_11 (129)  [1/3] 2.94ns  loc: /home/ntran/HLS/ML/dev/HLS4ML/nnet_utils/nnet_layer.h:85
arrayctor.loop4.preheader:96  %p_Val2_11 = mul i28 %OP1_V_11_cast, -397

ST_3: tmp_3_s (130)  [1/1] 0.00ns  loc: /home/ntran/HLS/ML/dev/HLS4ML/nnet_utils/nnet_layer.h:85
arrayctor.loop4.preheader:97  %tmp_3_s = call i18 @_ssdm_op_PartSelect.i18.i28.i32.i32(i28 %p_Val2_11, i32 10, i32 27)

ST_3: p_Val2_13 (139)  [1/3] 2.94ns  loc: /home/ntran/HLS/ML/dev/HLS4ML/nnet_utils/nnet_layer.h:85
arrayctor.loop4.preheader:106  %p_Val2_13 = mul i27 %OP1_V_13_cast, -164

ST_3: tmp_35 (140)  [1/1] 0.00ns  loc: /home/ntran/HLS/ML/dev/HLS4ML/nnet_utils/nnet_layer.h:85
arrayctor.loop4.preheader:107  %tmp_35 = call i17 @_ssdm_op_PartSelect.i17.i27.i32.i32(i27 %p_Val2_13, i32 10, i32 26)

ST_3: p_Val2_14 (143)  [1/3] 2.94ns  loc: /home/ntran/HLS/ML/dev/HLS4ML/nnet_utils/nnet_layer.h:85
arrayctor.loop4.preheader:110  %p_Val2_14 = mul i26 %OP1_V_14_cast, 92

ST_3: tmp_38 (144)  [1/1] 0.00ns  loc: /home/ntran/HLS/ML/dev/HLS4ML/nnet_utils/nnet_layer.h:85
arrayctor.loop4.preheader:111  %tmp_38 = call i16 @_ssdm_op_PartSelect.i16.i26.i32.i32(i26 %p_Val2_14, i32 10, i32 25)

ST_3: tmp_3_15_cast (147)  [1/1] 0.00ns  loc: /home/ntran/HLS/ML/dev/HLS4ML/nnet_utils/nnet_layer.h:85
arrayctor.loop4.preheader:114  %tmp_3_15_cast = sext i15 %tmp_41 to i16

ST_3: p_Val2_15 (149)  [1/3] 2.94ns  loc: /home/ntran/HLS/ML/dev/HLS4ML/nnet_utils/nnet_layer.h:85
arrayctor.loop4.preheader:116  %p_Val2_15 = mul i24 %OP1_V_16_cast, 25

ST_3: tmp_43 (150)  [1/1] 0.00ns  loc: /home/ntran/HLS/ML/dev/HLS4ML/nnet_utils/nnet_layer.h:85
arrayctor.loop4.preheader:117  %tmp_43 = call i14 @_ssdm_op_PartSelect.i14.i24.i32.i32(i24 %p_Val2_15, i32 10, i32 23)

ST_3: p_Val2_16 (153)  [1/3] 2.94ns  loc: /home/ntran/HLS/ML/dev/HLS4ML/nnet_utils/nnet_layer.h:85
arrayctor.loop4.preheader:120  %p_Val2_16 = mul i28 %OP1_V_17_cast, -438

ST_3: tmp_3_1 (154)  [1/1] 0.00ns  loc: /home/ntran/HLS/ML/dev/HLS4ML/nnet_utils/nnet_layer.h:85
arrayctor.loop4.preheader:121  %tmp_3_1 = call i18 @_ssdm_op_PartSelect.i18.i28.i32.i32(i28 %p_Val2_16, i32 10, i32 27)

ST_3: tmp_47_cast (159)  [1/1] 0.00ns  loc: /home/ntran/HLS/ML/dev/HLS4ML/nnet_utils/nnet_layer.h:85
arrayctor.loop4.preheader:126  %tmp_47_cast = sext i12 %tmp_159 to i16

ST_3: p_Val2_18 (161)  [1/3] 2.94ns  loc: /home/ntran/HLS/ML/dev/HLS4ML/nnet_utils/nnet_layer.h:85
arrayctor.loop4.preheader:128  %p_Val2_18 = mul i25 %OP1_V_19_cast, 50

ST_3: tmp_160 (162)  [1/1] 0.00ns  loc: /home/ntran/HLS/ML/dev/HLS4ML/nnet_utils/nnet_layer.h:85
arrayctor.loop4.preheader:129  %tmp_160 = call i15 @_ssdm_op_PartSelect.i15.i25.i32.i32(i25 %p_Val2_18, i32 10, i32 24)

ST_3: tmp_50_cast (163)  [1/1] 0.00ns  loc: /home/ntran/HLS/ML/dev/HLS4ML/nnet_utils/nnet_layer.h:85
arrayctor.loop4.preheader:130  %tmp_50_cast = sext i15 %tmp_160 to i16

ST_3: p_Val2_19 (165)  [1/3] 2.94ns  loc: /home/ntran/HLS/ML/dev/HLS4ML/nnet_utils/nnet_layer.h:85
arrayctor.loop4.preheader:132  %p_Val2_19 = mul i26 %OP1_V_20_cast, -97

ST_3: tmp_52 (166)  [1/1] 0.00ns  loc: /home/ntran/HLS/ML/dev/HLS4ML/nnet_utils/nnet_layer.h:85
arrayctor.loop4.preheader:133  %tmp_52 = call i16 @_ssdm_op_PartSelect.i16.i26.i32.i32(i26 %p_Val2_19, i32 10, i32 25)

ST_3: p_Val2_20 (169)  [1/3] 2.94ns  loc: /home/ntran/HLS/ML/dev/HLS4ML/nnet_utils/nnet_layer.h:85
arrayctor.loop4.preheader:136  %p_Val2_20 = mul i27 %OP1_V_21_cast, -245

ST_3: tmp_55 (170)  [1/1] 0.00ns  loc: /home/ntran/HLS/ML/dev/HLS4ML/nnet_utils/nnet_layer.h:85
arrayctor.loop4.preheader:137  %tmp_55 = call i17 @_ssdm_op_PartSelect.i17.i27.i32.i32(i27 %p_Val2_20, i32 10, i32 26)

ST_3: p_Val2_21 (173)  [1/3] 2.94ns  loc: /home/ntran/HLS/ML/dev/HLS4ML/nnet_utils/nnet_layer.h:85
arrayctor.loop4.preheader:140  %p_Val2_21 = mul i28 %OP1_V_22_cast, -300

ST_3: tmp_3_3 (174)  [1/1] 0.00ns  loc: /home/ntran/HLS/ML/dev/HLS4ML/nnet_utils/nnet_layer.h:85
arrayctor.loop4.preheader:141  %tmp_3_3 = call i18 @_ssdm_op_PartSelect.i18.i28.i32.i32(i28 %p_Val2_21, i32 10, i32 27)

ST_3: p_Val2_22 (176)  [1/3] 2.94ns  loc: /home/ntran/HLS/ML/dev/HLS4ML/nnet_utils/nnet_layer.h:85
arrayctor.loop4.preheader:143  %p_Val2_22 = mul i28 %OP1_V_23_cast, -330

ST_3: tmp_3_4 (177)  [1/1] 0.00ns  loc: /home/ntran/HLS/ML/dev/HLS4ML/nnet_utils/nnet_layer.h:85
arrayctor.loop4.preheader:144  %tmp_3_4 = call i18 @_ssdm_op_PartSelect.i18.i28.i32.i32(i28 %p_Val2_22, i32 10, i32 27)

ST_3: p_Val2_23 (179)  [1/3] 2.94ns  loc: /home/ntran/HLS/ML/dev/HLS4ML/nnet_utils/nnet_layer.h:85
arrayctor.loop4.preheader:146  %p_Val2_23 = mul i28 %OP1_V_24_cast, -377

ST_3: tmp_3_5 (180)  [1/1] 0.00ns  loc: /home/ntran/HLS/ML/dev/HLS4ML/nnet_utils/nnet_layer.h:85
arrayctor.loop4.preheader:147  %tmp_3_5 = call i18 @_ssdm_op_PartSelect.i18.i28.i32.i32(i28 %p_Val2_23, i32 10, i32 27)

ST_3: p_Val2_24 (182)  [1/3] 2.94ns  loc: /home/ntran/HLS/ML/dev/HLS4ML/nnet_utils/nnet_layer.h:85
arrayctor.loop4.preheader:149  %p_Val2_24 = mul i26 %OP1_V_25_cast, 74

ST_3: tmp_58 (183)  [1/1] 0.00ns  loc: /home/ntran/HLS/ML/dev/HLS4ML/nnet_utils/nnet_layer.h:85
arrayctor.loop4.preheader:150  %tmp_58 = call i16 @_ssdm_op_PartSelect.i16.i26.i32.i32(i26 %p_Val2_24, i32 10, i32 25)

ST_3: p_Val2_25 (186)  [1/3] 2.94ns  loc: /home/ntran/HLS/ML/dev/HLS4ML/nnet_utils/nnet_layer.h:85
arrayctor.loop4.preheader:153  %p_Val2_25 = mul i27 %OP1_V_26_cast, 159

ST_3: tmp_61 (187)  [1/1] 0.00ns  loc: /home/ntran/HLS/ML/dev/HLS4ML/nnet_utils/nnet_layer.h:85
arrayctor.loop4.preheader:154  %tmp_61 = call i17 @_ssdm_op_PartSelect.i17.i27.i32.i32(i27 %p_Val2_25, i32 10, i32 26)

ST_3: p_Val2_27 (197)  [1/3] 2.94ns  loc: /home/ntran/HLS/ML/dev/HLS4ML/nnet_utils/nnet_layer.h:85
arrayctor.loop4.preheader:164  %p_Val2_27 = mul i26 %OP1_V_28_cast, -105

ST_3: tmp_65 (198)  [1/1] 0.00ns  loc: /home/ntran/HLS/ML/dev/HLS4ML/nnet_utils/nnet_layer.h:85
arrayctor.loop4.preheader:165  %tmp_65 = call i16 @_ssdm_op_PartSelect.i16.i26.i32.i32(i26 %p_Val2_27, i32 10, i32 25)

ST_3: p_Val2_28 (201)  [1/3] 2.94ns  loc: /home/ntran/HLS/ML/dev/HLS4ML/nnet_utils/nnet_layer.h:85
arrayctor.loop4.preheader:168  %p_Val2_28 = mul i27 %OP1_V_29_cast, -186

ST_3: tmp_67 (202)  [1/1] 0.00ns  loc: /home/ntran/HLS/ML/dev/HLS4ML/nnet_utils/nnet_layer.h:85
arrayctor.loop4.preheader:169  %tmp_67 = call i17 @_ssdm_op_PartSelect.i17.i27.i32.i32(i27 %p_Val2_28, i32 10, i32 26)

ST_3: p_Val2_29 (205)  [1/3] 2.94ns  loc: /home/ntran/HLS/ML/dev/HLS4ML/nnet_utils/nnet_layer.h:85
arrayctor.loop4.preheader:172  %p_Val2_29 = mul i24 %OP1_V_30_cast, 29

ST_3: tmp_161 (206)  [1/1] 0.00ns  loc: /home/ntran/HLS/ML/dev/HLS4ML/nnet_utils/nnet_layer.h:90
arrayctor.loop4.preheader:173  %tmp_161 = call i14 @_ssdm_op_PartSelect.i14.i24.i32.i32(i24 %p_Val2_29, i32 10, i32 23)

ST_3: tmp_73_cast (207)  [1/1] 0.00ns  loc: /home/ntran/HLS/ML/dev/HLS4ML/nnet_utils/nnet_layer.h:90
arrayctor.loop4.preheader:174  %tmp_73_cast = sext i14 %tmp_161 to i16

ST_3: tmp34 (225)  [1/1] 1.39ns  loc: /home/ntran/HLS/ML/dev/HLS4ML/nnet_utils/nnet_layer.h:97
arrayctor.loop4.preheader:192  %tmp34 = add i16 %tmp_47_cast, %tmp_50_cast

ST_3: tmp45 (236)  [1/1] 1.26ns  loc: /home/ntran/HLS/ML/dev/HLS4ML/nnet_utils/nnet_layer.h:97
arrayctor.loop4.preheader:203  %tmp45 = add i16 %tmp_3_15_cast, -122

ST_3: tmp44 (237)  [1/1] 1.26ns  loc: /home/ntran/HLS/ML/dev/HLS4ML/nnet_utils/nnet_layer.h:97
arrayctor.loop4.preheader:204  %tmp44 = add i16 %tmp45, %tmp_73_cast


 <State 4>: 4.03ns
ST_4: tmp_6 (75)  [1/1] 0.00ns  loc: /home/ntran/HLS/ML/dev/HLS4ML/nnet_utils/nnet_layer.h:85
arrayctor.loop4.preheader:42  %tmp_6 = sext i15 %tmp_5 to i18

ST_4: tmp_9 (79)  [1/1] 0.00ns  loc: /home/ntran/HLS/ML/dev/HLS4ML/nnet_utils/nnet_layer.h:85
arrayctor.loop4.preheader:46  %tmp_9 = sext i17 %tmp_8 to i18

ST_4: tmp_12 (89)  [1/1] 0.00ns  loc: /home/ntran/HLS/ML/dev/HLS4ML/nnet_utils/nnet_layer.h:85
arrayctor.loop4.preheader:56  %tmp_12 = sext i17 %tmp_11 to i18

ST_4: tmp_15 (96)  [1/1] 0.00ns  loc: /home/ntran/HLS/ML/dev/HLS4ML/nnet_utils/nnet_layer.h:85
arrayctor.loop4.preheader:63  %tmp_15 = sext i15 %tmp_14 to i18

ST_4: tmp_18 (100)  [1/1] 0.00ns  loc: /home/ntran/HLS/ML/dev/HLS4ML/nnet_utils/nnet_layer.h:85
arrayctor.loop4.preheader:67  %tmp_18 = sext i17 %tmp_17 to i18

ST_4: tmp_21 (107)  [1/1] 0.00ns  loc: /home/ntran/HLS/ML/dev/HLS4ML/nnet_utils/nnet_layer.h:85
arrayctor.loop4.preheader:74  %tmp_21 = sext i16 %tmp_20 to i18

ST_4: tmp_24 (114)  [1/1] 0.00ns  loc: /home/ntran/HLS/ML/dev/HLS4ML/nnet_utils/nnet_layer.h:85
arrayctor.loop4.preheader:81  %tmp_24 = sext i17 %tmp_23 to i18

ST_4: tmp_27 (121)  [1/1] 0.00ns  loc: /home/ntran/HLS/ML/dev/HLS4ML/nnet_utils/nnet_layer.h:85
arrayctor.loop4.preheader:88  %tmp_27 = sext i17 %tmp_26 to i18

ST_4: tmp_30 (127)  [1/1] 0.00ns  loc: /home/ntran/HLS/ML/dev/HLS4ML/nnet_utils/nnet_layer.h:85
arrayctor.loop4.preheader:94  %tmp_30 = sext i15 %tmp_29 to i18

ST_4: tmp_33 (137)  [1/1] 0.00ns  loc: /home/ntran/HLS/ML/dev/HLS4ML/nnet_utils/nnet_layer.h:85
arrayctor.loop4.preheader:104  %tmp_33 = sext i11 %tmp_32 to i18

ST_4: tmp_36 (141)  [1/1] 0.00ns  loc: /home/ntran/HLS/ML/dev/HLS4ML/nnet_utils/nnet_layer.h:85
arrayctor.loop4.preheader:108  %tmp_36 = sext i17 %tmp_35 to i18

ST_4: tmp_39 (145)  [1/1] 0.00ns  loc: /home/ntran/HLS/ML/dev/HLS4ML/nnet_utils/nnet_layer.h:85
arrayctor.loop4.preheader:112  %tmp_39 = sext i16 %tmp_38 to i18

ST_4: tmp_44 (151)  [1/1] 0.00ns  loc: /home/ntran/HLS/ML/dev/HLS4ML/nnet_utils/nnet_layer.h:85
arrayctor.loop4.preheader:118  %tmp_44 = sext i14 %tmp_43 to i18

ST_4: tmp_53 (167)  [1/1] 0.00ns  loc: /home/ntran/HLS/ML/dev/HLS4ML/nnet_utils/nnet_layer.h:85
arrayctor.loop4.preheader:134  %tmp_53 = sext i16 %tmp_52 to i18

ST_4: tmp_56 (171)  [1/1] 0.00ns  loc: /home/ntran/HLS/ML/dev/HLS4ML/nnet_utils/nnet_layer.h:85
arrayctor.loop4.preheader:138  %tmp_56 = sext i17 %tmp_55 to i18

ST_4: tmp_59 (184)  [1/1] 0.00ns  loc: /home/ntran/HLS/ML/dev/HLS4ML/nnet_utils/nnet_layer.h:85
arrayctor.loop4.preheader:151  %tmp_59 = sext i16 %tmp_58 to i18

ST_4: tmp_62 (188)  [1/1] 0.00ns  loc: /home/ntran/HLS/ML/dev/HLS4ML/nnet_utils/nnet_layer.h:85
arrayctor.loop4.preheader:155  %tmp_62 = sext i17 %tmp_61 to i18

ST_4: tmp_s (195)  [1/1] 0.00ns  loc: /home/ntran/HLS/ML/dev/HLS4ML/nnet_utils/nnet_layer.h:85
arrayctor.loop4.preheader:162  %tmp_s = sext i16 %tmp_64 to i18

ST_4: tmp_66 (199)  [1/1] 0.00ns  loc: /home/ntran/HLS/ML/dev/HLS4ML/nnet_utils/nnet_layer.h:85
arrayctor.loop4.preheader:166  %tmp_66 = sext i16 %tmp_65 to i18

ST_4: tmp_68 (203)  [1/1] 0.00ns  loc: /home/ntran/HLS/ML/dev/HLS4ML/nnet_utils/nnet_layer.h:85
arrayctor.loop4.preheader:170  %tmp_68 = sext i17 %tmp_67 to i18

ST_4: tmp18 (209)  [1/1] 1.45ns  loc: /home/ntran/HLS/ML/dev/HLS4ML/nnet_utils/nnet_layer.h:97
arrayctor.loop4.preheader:176  %tmp18 = add i18 %tmp_6, %tmp_9

ST_4: tmp19 (210)  [1/1] 1.45ns  loc: /home/ntran/HLS/ML/dev/HLS4ML/nnet_utils/nnet_layer.h:97
arrayctor.loop4.preheader:177  %tmp19 = add i18 %tmp_3_2, %tmp_12

ST_4: tmp17 (211)  [1/1] 1.29ns  loc: /home/ntran/HLS/ML/dev/HLS4ML/nnet_utils/nnet_layer.h:97
arrayctor.loop4.preheader:178  %tmp17 = add i18 %tmp19, %tmp18

ST_4: tmp21 (212)  [1/1] 1.29ns  loc: /home/ntran/HLS/ML/dev/HLS4ML/nnet_utils/nnet_layer.h:97
arrayctor.loop4.preheader:179  %tmp21 = add i18 %tmp_15, %tmp_18

ST_4: tmp22 (213)  [1/1] 1.45ns  loc: /home/ntran/HLS/ML/dev/HLS4ML/nnet_utils/nnet_layer.h:97
arrayctor.loop4.preheader:180  %tmp22 = add i18 %tmp_21, %tmp_3_7

ST_4: tmp20 (214)  [1/1] 1.29ns  loc: /home/ntran/HLS/ML/dev/HLS4ML/nnet_utils/nnet_layer.h:97
arrayctor.loop4.preheader:181  %tmp20 = add i18 %tmp22, %tmp21

ST_4: tmp16 (215)  [1/1] 1.29ns  loc: /home/ntran/HLS/ML/dev/HLS4ML/nnet_utils/nnet_layer.h:97
arrayctor.loop4.preheader:182  %tmp16 = add i18 %tmp20, %tmp17

ST_4: tmp25 (216)  [1/1] 1.45ns  loc: /home/ntran/HLS/ML/dev/HLS4ML/nnet_utils/nnet_layer.h:97
arrayctor.loop4.preheader:183  %tmp25 = add i18 %tmp_24, %tmp_3_9

ST_4: tmp26 (217)  [1/1] 1.45ns  loc: /home/ntran/HLS/ML/dev/HLS4ML/nnet_utils/nnet_layer.h:97
arrayctor.loop4.preheader:184  %tmp26 = add i18 %tmp_27, %tmp_30

ST_4: tmp24 (218)  [1/1] 1.29ns  loc: /home/ntran/HLS/ML/dev/HLS4ML/nnet_utils/nnet_layer.h:97
arrayctor.loop4.preheader:185  %tmp24 = add i18 %tmp26, %tmp25

ST_4: tmp28 (219)  [1/1] 1.29ns  loc: /home/ntran/HLS/ML/dev/HLS4ML/nnet_utils/nnet_layer.h:97
arrayctor.loop4.preheader:186  %tmp28 = add i18 %tmp_3_s, %tmp_33

ST_4: tmp29 (220)  [1/1] 1.45ns  loc: /home/ntran/HLS/ML/dev/HLS4ML/nnet_utils/nnet_layer.h:97
arrayctor.loop4.preheader:187  %tmp29 = add i18 %tmp_36, %tmp_39

ST_4: tmp27 (221)  [1/1] 1.29ns  loc: /home/ntran/HLS/ML/dev/HLS4ML/nnet_utils/nnet_layer.h:97
arrayctor.loop4.preheader:188  %tmp27 = add i18 %tmp29, %tmp28

ST_4: tmp23 (222)  [1/1] 1.29ns  loc: /home/ntran/HLS/ML/dev/HLS4ML/nnet_utils/nnet_layer.h:97
arrayctor.loop4.preheader:189  %tmp23 = add i18 %tmp27, %tmp24

ST_4: tmp33 (224)  [1/1] 1.29ns  loc: /home/ntran/HLS/ML/dev/HLS4ML/nnet_utils/nnet_layer.h:97
arrayctor.loop4.preheader:191  %tmp33 = add i18 %tmp_44, %tmp_3_1

ST_4: tmp34_cast (226)  [1/1] 0.00ns  loc: /home/ntran/HLS/ML/dev/HLS4ML/nnet_utils/nnet_layer.h:97
arrayctor.loop4.preheader:193  %tmp34_cast = sext i16 %tmp34 to i18

ST_4: tmp32 (227)  [1/1] 1.29ns  loc: /home/ntran/HLS/ML/dev/HLS4ML/nnet_utils/nnet_layer.h:97
arrayctor.loop4.preheader:194  %tmp32 = add i18 %tmp34_cast, %tmp33

ST_4: tmp36 (228)  [1/1] 1.29ns  loc: /home/ntran/HLS/ML/dev/HLS4ML/nnet_utils/nnet_layer.h:97
arrayctor.loop4.preheader:195  %tmp36 = add i18 %tmp_53, %tmp_56

ST_4: tmp37 (229)  [1/1] 1.45ns  loc: /home/ntran/HLS/ML/dev/HLS4ML/nnet_utils/nnet_layer.h:97
arrayctor.loop4.preheader:196  %tmp37 = add i18 %tmp_3_3, %tmp_3_4

ST_4: tmp35 (230)  [1/1] 1.29ns  loc: /home/ntran/HLS/ML/dev/HLS4ML/nnet_utils/nnet_layer.h:97
arrayctor.loop4.preheader:197  %tmp35 = add i18 %tmp37, %tmp36

ST_4: tmp40 (232)  [1/1] 1.45ns  loc: /home/ntran/HLS/ML/dev/HLS4ML/nnet_utils/nnet_layer.h:97
arrayctor.loop4.preheader:199  %tmp40 = add i18 %tmp_3_5, %tmp_59

ST_4: tmp41 (233)  [1/1] 1.45ns  loc: /home/ntran/HLS/ML/dev/HLS4ML/nnet_utils/nnet_layer.h:97
arrayctor.loop4.preheader:200  %tmp41 = add i18 %tmp_62, %tmp_s

ST_4: tmp39 (234)  [1/1] 1.29ns  loc: /home/ntran/HLS/ML/dev/HLS4ML/nnet_utils/nnet_layer.h:97
arrayctor.loop4.preheader:201  %tmp39 = add i18 %tmp41, %tmp40

ST_4: tmp43 (235)  [1/1] 1.29ns  loc: /home/ntran/HLS/ML/dev/HLS4ML/nnet_utils/nnet_layer.h:97
arrayctor.loop4.preheader:202  %tmp43 = add i18 %tmp_66, %tmp_68

ST_4: tmp44_cast (238)  [1/1] 0.00ns  loc: /home/ntran/HLS/ML/dev/HLS4ML/nnet_utils/nnet_layer.h:97
arrayctor.loop4.preheader:205  %tmp44_cast = sext i16 %tmp44 to i18

ST_4: tmp42 (239)  [1/1] 1.29ns  loc: /home/ntran/HLS/ML/dev/HLS4ML/nnet_utils/nnet_layer.h:97
arrayctor.loop4.preheader:206  %tmp42 = add i18 %tmp44_cast, %tmp43

ST_4: tmp38 (240)  [1/1] 1.29ns  loc: /home/ntran/HLS/ML/dev/HLS4ML/nnet_utils/nnet_layer.h:97
arrayctor.loop4.preheader:207  %tmp38 = add i18 %tmp42, %tmp39


 <State 5>: 3.87ns
ST_5: tmp (65)  [1/1] 0.00ns  loc: /home/ntran/HLS/ML/dev/HLS4ML/nnet_utils/nnet_layer.h:62
arrayctor.loop4.preheader:32  %tmp = call i32 (...)* @_ssdm_op_SpecRegionBegin([12 x i8]* @p_str7)

ST_5: StgValue_254 (66)  [1/1] 0.00ns  loc: /home/ntran/HLS/ML/dev/HLS4ML/nnet_utils/nnet_layer.h:66
arrayctor.loop4.preheader:33  call void (...)* @_ssdm_op_SpecPipeline(i32 -1, i32 1, i32 1, i32 0, [1 x i8]* @p_str5) nounwind

ST_5: StgValue_255 (67)  [1/1] 0.00ns  loc: /home/ntran/HLS/ML/dev/HLS4ML/nnet_utils/nnet_layer.h:74
arrayctor.loop4.preheader:34  call void (...)* @_ssdm_op_SpecResourceLimit(i32 32, [4 x i8]* @p_str8, [1 x i8]* @p_str5, [1 x i8]* @p_str5, [1 x i8]* @p_str5) nounwind

ST_5: empty (68)  [1/1] 0.00ns  loc: /home/ntran/HLS/ML/dev/HLS4ML/nnet_utils/nnet_layer.h:76
arrayctor.loop4.preheader:35  %empty = call i32 (...)* @_ssdm_op_SpecRegionEnd([12 x i8]* @p_str7, i32 %tmp)

ST_5: StgValue_257 (208)  [1/1] 0.00ns  loc: /home/ntran/HLS/ML/dev/HLS4ML/nnet_utils/nnet_layer.h:90
arrayctor.loop4.preheader:175  call void (...)* @_ssdm_op_SpecLoopName([11 x i8]* @p_str11) nounwind

ST_5: tmp15 (223)  [1/1] 1.29ns  loc: /home/ntran/HLS/ML/dev/HLS4ML/nnet_utils/nnet_layer.h:97
arrayctor.loop4.preheader:190  %tmp15 = add i18 %tmp23, %tmp16

ST_5: tmp31 (231)  [1/1] 1.29ns  loc: /home/ntran/HLS/ML/dev/HLS4ML/nnet_utils/nnet_layer.h:97
arrayctor.loop4.preheader:198  %tmp31 = add i18 %tmp35, %tmp32

ST_5: tmp30 (241)  [1/1] 1.29ns  loc: /home/ntran/HLS/ML/dev/HLS4ML/nnet_utils/nnet_layer.h:97
arrayctor.loop4.preheader:208  %tmp30 = add i18 %tmp38, %tmp31

ST_5: res_V_write_assign (242)  [1/1] 1.29ns  loc: /home/ntran/HLS/ML/dev/HLS4ML/nnet_utils/nnet_layer.h:97
arrayctor.loop4.preheader:209  %res_V_write_assign = add i18 %tmp30, %tmp15

ST_5: StgValue_262 (243)  [1/1] 0.00ns  loc: /home/ntran/HLS/ML/dev/HLS4ML/nnet_utils/nnet_layer.h:102
arrayctor.loop4.preheader:210  call void (...)* @_ssdm_op_SpecLoopName([7 x i8]* @p_str14) nounwind

ST_5: StgValue_263 (244)  [1/1] 0.00ns  loc: /home/ntran/HLS/ML/dev/HLS4ML/nnet_utils/nnet_layer.h:105
arrayctor.loop4.preheader:211  ret i18 %res_V_write_assign



============================================================
+ Verbose Summary: Timing violations
============================================================
Target clock period: 5ns, clock uncertainty: 0.625ns.

 <State 1>: 2.94ns
The critical path consists of the following:
	wire read on port 'data_31_V_read' [33]  (0 ns)
	'mul' operation ('p_Val2_29', /home/ntran/HLS/ML/dev/HLS4ML/nnet_utils/nnet_layer.h:85) [205]  (2.94 ns)

 <State 2>: 2.94ns
The critical path consists of the following:
	'mul' operation ('p_Val2_s_25', /home/ntran/HLS/ML/dev/HLS4ML/nnet_utils/nnet_layer.h:85) [77]  (2.94 ns)

 <State 3>: 4.33ns
The critical path consists of the following:
	'mul' operation ('p_Val2_18', /home/ntran/HLS/ML/dev/HLS4ML/nnet_utils/nnet_layer.h:85) [161]  (2.94 ns)
	'add' operation ('tmp34', /home/ntran/HLS/ML/dev/HLS4ML/nnet_utils/nnet_layer.h:97) [225]  (1.39 ns)

 <State 4>: 4.03ns
The critical path consists of the following:
	'add' operation ('tmp18', /home/ntran/HLS/ML/dev/HLS4ML/nnet_utils/nnet_layer.h:97) [209]  (1.45 ns)
	'add' operation ('tmp17', /home/ntran/HLS/ML/dev/HLS4ML/nnet_utils/nnet_layer.h:97) [211]  (1.29 ns)
	'add' operation ('tmp16', /home/ntran/HLS/ML/dev/HLS4ML/nnet_utils/nnet_layer.h:97) [215]  (1.29 ns)

 <State 5>: 3.87ns
The critical path consists of the following:
	'add' operation ('tmp31', /home/ntran/HLS/ML/dev/HLS4ML/nnet_utils/nnet_layer.h:97) [231]  (1.29 ns)
	'add' operation ('tmp30', /home/ntran/HLS/ML/dev/HLS4ML/nnet_utils/nnet_layer.h:97) [241]  (1.29 ns)
	'add' operation ('res.V', /home/ntran/HLS/ML/dev/HLS4ML/nnet_utils/nnet_layer.h:97) [242]  (1.29 ns)


============================================================
+ Verbose Summary: Binding
============================================================
N/A
* FSMD analyzer results:
  - Output states:
 - Input state : 
  - Chain level:
	State 1
	State 2
	State 3
	State 4
	State 5


============================================================
+ Verbose Summary: Datapath Resource usage 
============================================================
N/A
